Component: ARM Compiler 5.06 update 5 (build 528) Tool: armlink [4d35e2]

==============================================================================

Section Cross References

    main.o(.text) refers to stm32f10x_rcc.o(.text) for RCC_APB2PeriphClockCmd
    main.o(.text) refers to stm32f10x_gpio.o(.text) for GPIO_Init
    main.o(.text) refers to delay.o(.text) for delay_init
    main.o(.text) refers to usart.o(.text) for uart1_init
    main.o(.text) refers to sys.o(.text) for NVIC_Configuration
    main.o(.text) refers to adc.o(.text) for Adc_Init
    main.o(.text) refers to encoder.o(.text) for Encoder_Init_TIM2
    main.o(.text) refers to pwm.o(.text) for TIM1_PWM_Init
    main.o(.text) refers to oled.o(.text) for OLED_Init
    main.o(.text) refers to motor.o(.text) for Motor_Init
    main.o(.text) refers to timer.o(.text) for Timer3_Init
    main.o(.text) refers to track.o(.text) for Read_Sensor
    main.o(.text) refers to sr04.o(.text) for SR04_Configuration
    main.o(.text) refers to usart2.o(.text) for uart2_init
    main.o(.text) refers to ps2.o(.text) for PS2_Init
    main.o(.text) refers to main.o(.data) for Mode_Change
    system_stm32f10x.o(.text) refers to system_stm32f10x.o(.data) for SystemCoreClock
    delay.o(.text) refers to misc.o(.text) for SysTick_CLKSourceConfig
    delay.o(.text) refers to system_stm32f10x.o(.data) for SystemCoreClock
    delay.o(.text) refers to delay.o(.data) for fac_us
    sys.o(.text) refers to misc.o(.text) for NVIC_PriorityGroupConfig
    usart.o(.text) refers to stm32f10x_rcc.o(.text) for RCC_APB2PeriphClockCmd
    usart.o(.text) refers to stm32f10x_gpio.o(.text) for GPIO_Init
    usart.o(.text) refers to stm32f10x_usart.o(.text) for USART_Init
    usart.o(.text) refers to usart.o(.data) for USART_RX_STA
    usart.o(.text) refers to usart.o(.bss) for USART_RX_BUF
    led.o(.text) refers to stm32f10x_rcc.o(.text) for RCC_APB2PeriphClockCmd
    led.o(.text) refers to stm32f10x_gpio.o(.text) for GPIO_Init
    led.o(.text) refers to led.o(.data) for temp
    key.o(.text) refers to stm32f10x_rcc.o(.text) for RCC_APB2PeriphClockCmd
    key.o(.text) refers to stm32f10x_gpio.o(.text) for GPIO_Init
    key.o(.text) refers to key.o(.data) for Tick
    control.o(.text) refers to fflti.o(.text) for __aeabi_i2f
    control.o(.text) refers to fmul.o(.text) for __aeabi_fmul
    control.o(.text) refers to fadd.o(.text) for __aeabi_fadd
    control.o(.text) refers to ffixi.o(.text) for __aeabi_f2iz
    control.o(.text) refers to stm32f10x_tim.o(.text) for TIM_GetITStatus
    control.o(.text) refers to led.o(.text) for Led_Flash
    control.o(.text) refers to encoder.o(.text) for Read_Encoder
    control.o(.text) refers to adc.o(.text) for Get_battery_volt
    control.o(.text) refers to key.o(.text) for KEY_Press
    control.o(.text) refers to motor.o(.text) for Xianfu_Pwm
    control.o(.text) refers to control.o(.data) for Bias
    control.o(.text) refers to main.o(.data) for Velocity
    encoder.o(.text) refers to stm32f10x_rcc.o(.text) for RCC_APB1PeriphClockCmd
    encoder.o(.text) refers to stm32f10x_gpio.o(.text) for GPIO_Init
    encoder.o(.text) refers to stm32f10x_tim.o(.text) for TIM_TimeBaseStructInit
    motor.o(.text) refers to stm32f10x_rcc.o(.text) for RCC_APB2PeriphClockCmd
    motor.o(.text) refers to stm32f10x_gpio.o(.text) for GPIO_Init
    motor.o(.text) refers to f2d.o(.text) for __aeabi_f2d
    motor.o(.text) refers to cdcmple.o(.text) for __aeabi_cdcmple
    motor.o(.text) refers to main.o(.data) for Moto1
    pwm.o(.text) refers to stm32f10x_rcc.o(.text) for RCC_APB2PeriphClockCmd
    pwm.o(.text) refers to stm32f10x_gpio.o(.text) for GPIO_Init
    pwm.o(.text) refers to stm32f10x_tim.o(.text) for TIM_TimeBaseInit
    adc.o(.text) refers to stm32f10x_rcc.o(.text) for RCC_APB2PeriphClockCmd
    adc.o(.text) refers to stm32f10x_gpio.o(.text) for GPIO_Init
    adc.o(.text) refers to stm32f10x_adc.o(.text) for ADC_DeInit
    adc.o(.text) refers to dfltui.o(.text) for __aeabi_ui2d
    adc.o(.text) refers to dmul.o(.text) for __aeabi_dmul
    adc.o(.text) refers to ddiv.o(.text) for __aeabi_ddiv
    adc.o(.text) refers to d2f.o(.text) for __aeabi_d2f
    timer.o(.text) refers to stm32f10x_rcc.o(.text) for RCC_APB1PeriphClockCmd
    timer.o(.text) refers to stm32f10x_tim.o(.text) for TIM_TimeBaseInit
    oled.o(.text) refers to stm32f10x_gpio.o(.text) for GPIO_SetBits
    oled.o(.text) refers to oled.o(.constdata) for F8X16
    oled.o(.text) refers to cdcmple.o(.text) for __aeabi_cdcmple
    oled.o(.text) refers to dfixi.o(.text) for __aeabi_d2iz
    oled.o(.text) refers to dflti.o(.text) for __aeabi_i2d
    oled.o(.text) refers to dadd.o(.text) for __aeabi_drsub
    oled.o(.text) refers to dmul.o(.text) for __aeabi_dmul
    oled.o(.text) refers to dfixui.o(.text) for __aeabi_d2uiz
    oled.o(.text) refers to dfltui.o(.text) for __aeabi_ui2d
    oled.o(.text) refers to oled.o(.data) for Hzk
    oled.o(.text) refers to stm32f10x_rcc.o(.text) for RCC_APB2PeriphClockCmd
    oled.o(.text) refers to delay.o(.text) for delay_ms
    oled.o(.text) refers to f2d.o(.text) for __aeabi_f2d
    oled.o(.text) refers to main.o(.data) for Voltage
    sr04.o(.text) refers to stm32f10x_rcc.o(.text) for RCC_APB2PeriphClockCmd
    sr04.o(.text) refers to stm32f10x_gpio.o(.text) for GPIO_Init
    sr04.o(.text) refers to stm32f10x_exti.o(.text) for EXTI_Init
    sr04.o(.text) refers to misc.o(.text) for NVIC_PriorityGroupConfig
    sr04.o(.text) refers to delay.o(.text) for delay_us
    sr04.o(.text) refers to ffltui.o(.text) for __aeabi_ui2f
    sr04.o(.text) refers to fadd.o(.text) for __aeabi_fadd
    sr04.o(.text) refers to fmul.o(.text) for __aeabi_fmul
    sr04.o(.text) refers to fdiv.o(.text) for __aeabi_fdiv
    sr04.o(.text) refers to f2d.o(.text) for __aeabi_f2d
    sr04.o(.text) refers to ddiv.o(.text) for __aeabi_ddiv
    sr04.o(.text) refers to d2f.o(.text) for __aeabi_d2f
    sr04.o(.text) refers to stm32f10x_tim.o(.text) for TIM_SetCounter
    sr04.o(.text) refers to fflti.o(.text) for __aeabi_i2f
    sr04.o(.text) refers to system_stm32f10x.o(.data) for SystemCoreClock
    sr04.o(.text) refers to main.o(.data) for Flag_Direction
    ps2.o(.text) refers to stm32f10x_rcc.o(.text) for RCC_APB2PeriphClockCmd
    ps2.o(.text) refers to stm32f10x_gpio.o(.text) for GPIO_Init
    ps2.o(.text) refers to delay.o(.text) for delay_us
    ps2.o(.text) refers to ps2.o(.bss) for Data
    ps2.o(.text) refers to ps2.o(.data) for Comd
    usart2.o(.text) refers to stm32f10x_rcc.o(.text) for RCC_APB2PeriphClockCmd
    usart2.o(.text) refers to stm32f10x_gpio.o(.text) for GPIO_Init
    usart2.o(.text) refers to stm32f10x_usart.o(.text) for USART_Init
    usart2.o(.text) refers to main.o(.data) for Flag_Direction
    usart2.o(.text) refers to usart2.o(.data) for Uart_Receive
    track.o(.text) refers to stm32f10x_gpio.o(.text) for GPIO_ReadInputDataBit
    track.o(.text) refers to track.o(.data) for sensor
    track.o(.text) refers to main.o(.data) for count
    startup_stm32f10x_md.o(RESET) refers to startup_stm32f10x_md.o(STACK) for __initial_sp
    startup_stm32f10x_md.o(RESET) refers to startup_stm32f10x_md.o(.text) for Reset_Handler
    startup_stm32f10x_md.o(RESET) refers to stm32f10x_it.o(.text) for NMI_Handler
    startup_stm32f10x_md.o(RESET) refers to encoder.o(.text) for TIM2_IRQHandler
    startup_stm32f10x_md.o(RESET) refers to control.o(.text) for TIM3_IRQHandler
    startup_stm32f10x_md.o(RESET) refers to usart.o(.text) for USART1_IRQHandler
    startup_stm32f10x_md.o(RESET) refers to usart2.o(.text) for USART2_IRQHandler
    startup_stm32f10x_md.o(RESET) refers to sr04.o(.text) for EXTI15_10_IRQHandler
    startup_stm32f10x_md.o(.text) refers to system_stm32f10x.o(.text) for SystemInit
    startup_stm32f10x_md.o(.text) refers to entry.o(.ARM.Collect$$$$00000000) for __main
    stm32f10x_adc.o(.text) refers to stm32f10x_rcc.o(.text) for RCC_APB2PeriphResetCmd
    stm32f10x_bkp.o(.text) refers to stm32f10x_rcc.o(.text) for RCC_BackupResetCmd
    stm32f10x_can.o(.text) refers to stm32f10x_rcc.o(.text) for RCC_APB1PeriphResetCmd
    stm32f10x_cec.o(.text) refers to stm32f10x_rcc.o(.text) for RCC_APB1PeriphResetCmd
    stm32f10x_dac.o(.text) refers to stm32f10x_rcc.o(.text) for RCC_APB1PeriphResetCmd
    stm32f10x_gpio.o(.text) refers to stm32f10x_rcc.o(.text) for RCC_APB2PeriphResetCmd
    stm32f10x_i2c.o(.text) refers to stm32f10x_rcc.o(.text) for RCC_APB1PeriphResetCmd
    stm32f10x_pwr.o(.text) refers to stm32f10x_rcc.o(.text) for RCC_APB1PeriphResetCmd
    stm32f10x_rcc.o(.text) refers to stm32f10x_rcc.o(.data) for APBAHBPrescTable
    stm32f10x_spi.o(.text) refers to stm32f10x_rcc.o(.text) for RCC_APB2PeriphResetCmd
    stm32f10x_tim.o(.text) refers to stm32f10x_rcc.o(.text) for RCC_APB2PeriphResetCmd
    stm32f10x_usart.o(.text) refers to stm32f10x_rcc.o(.text) for RCC_APB2PeriphResetCmd
    stm32f10x_wwdg.o(.text) refers to stm32f10x_rcc.o(.text) for RCC_APB1PeriphResetCmd
    entry.o(.ARM.Collect$$$$00000000) refers (Special) to entry10a.o(.ARM.Collect$$$$0000000D) for __rt_final_cpp
    entry.o(.ARM.Collect$$$$00000000) refers (Special) to entry11a.o(.ARM.Collect$$$$0000000F) for __rt_final_exit
    entry.o(.ARM.Collect$$$$00000000) refers (Special) to entry7b.o(.ARM.Collect$$$$00000008) for _main_clock
    entry.o(.ARM.Collect$$$$00000000) refers (Special) to entry8b.o(.ARM.Collect$$$$0000000A) for _main_cpp_init
    entry.o(.ARM.Collect$$$$00000000) refers (Special) to entry9a.o(.ARM.Collect$$$$0000000B) for _main_init
    entry.o(.ARM.Collect$$$$00000000) refers (Special) to entry5.o(.ARM.Collect$$$$00000004) for _main_scatterload
    entry.o(.ARM.Collect$$$$00000000) refers (Special) to entry2.o(.ARM.Collect$$$$00000001) for _main_stk
    fadd.o(.text) refers (Special) to iusefp.o(.text) for __I$use$fp
    fadd.o(.text) refers to fepilogue.o(.text) for _float_epilogue
    fmul.o(.text) refers (Special) to iusefp.o(.text) for __I$use$fp
    fdiv.o(.text) refers (Special) to iusefp.o(.text) for __I$use$fp
    fdiv.o(.text) refers to fepilogue.o(.text) for _float_round
    dadd.o(.text) refers (Special) to iusefp.o(.text) for __I$use$fp
    dadd.o(.text) refers to llshl.o(.text) for __aeabi_llsl
    dadd.o(.text) refers to llsshr.o(.text) for __aeabi_lasr
    dadd.o(.text) refers to depilogue.o(.text) for _double_epilogue
    dmul.o(.text) refers (Special) to iusefp.o(.text) for __I$use$fp
    dmul.o(.text) refers to depilogue.o(.text) for _double_epilogue
    ddiv.o(.text) refers (Special) to iusefp.o(.text) for __I$use$fp
    ddiv.o(.text) refers to depilogue.o(.text) for _double_round
    fflti.o(.text) refers (Special) to iusefp.o(.text) for __I$use$fp
    fflti.o(.text) refers to fepilogue.o(.text) for _float_epilogue
    ffltui.o(.text) refers (Special) to iusefp.o(.text) for __I$use$fp
    ffltui.o(.text) refers to fepilogue.o(.text) for _float_epilogue
    dflti.o(.text) refers (Special) to iusefp.o(.text) for __I$use$fp
    dflti.o(.text) refers to depilogue.o(.text) for _double_epilogue
    dfltui.o(.text) refers (Special) to iusefp.o(.text) for __I$use$fp
    dfltui.o(.text) refers to depilogue.o(.text) for _double_epilogue
    ffixi.o(.text) refers (Special) to iusefp.o(.text) for __I$use$fp
    dfixi.o(.text) refers (Special) to iusefp.o(.text) for __I$use$fp
    dfixi.o(.text) refers to llushr.o(.text) for __aeabi_llsr
    dfixui.o(.text) refers (Special) to iusefp.o(.text) for __I$use$fp
    dfixui.o(.text) refers to llushr.o(.text) for __aeabi_llsr
    f2d.o(.text) refers (Special) to iusefp.o(.text) for __I$use$fp
    cdcmple.o(.text) refers (Special) to iusefp.o(.text) for __I$use$fp
    d2f.o(.text) refers (Special) to iusefp.o(.text) for __I$use$fp
    d2f.o(.text) refers to fepilogue.o(.text) for _float_round
    entry2.o(.ARM.Collect$$$$00000001) refers to entry2.o(.ARM.Collect$$$$00002712) for __lit__00000000
    entry2.o(.ARM.Collect$$$$00002712) refers to startup_stm32f10x_md.o(STACK) for __initial_sp
    entry2.o(__vectab_stack_and_reset_area) refers to startup_stm32f10x_md.o(STACK) for __initial_sp
    entry2.o(__vectab_stack_and_reset_area) refers to entry.o(.ARM.Collect$$$$00000000) for __main
    entry5.o(.ARM.Collect$$$$00000004) refers to init.o(.text) for __scatterload
    entry9a.o(.ARM.Collect$$$$0000000B) refers to main.o(.text) for main
    entry9b.o(.ARM.Collect$$$$0000000C) refers to main.o(.text) for main
    depilogue.o(.text) refers to llshl.o(.text) for __aeabi_llsl
    depilogue.o(.text) refers to llushr.o(.text) for __aeabi_llsr
    init.o(.text) refers to entry5.o(.ARM.Collect$$$$00000004) for __main_after_scatterload


==============================================================================

Removing Unused input sections from the image.

    Removing core_cm3.o(.emb_text), (32 bytes).
    Removing startup_stm32f10x_md.o(HEAP), (512 bytes).
    Removing stm32f10x_bkp.o(.text), (196 bytes).
    Removing stm32f10x_can.o(.text), (2544 bytes).
    Removing stm32f10x_cec.o(.text), (288 bytes).
    Removing stm32f10x_crc.o(.text), (72 bytes).
    Removing stm32f10x_dac.o(.text), (396 bytes).
    Removing stm32f10x_dbgmcu.o(.text), (48 bytes).
    Removing stm32f10x_dma.o(.text), (596 bytes).
    Removing stm32f10x_flash.o(.text), (1468 bytes).
    Removing stm32f10x_fsmc.o(.text), (1548 bytes).
    Removing stm32f10x_i2c.o(.text), (1028 bytes).
    Removing stm32f10x_iwdg.o(.text), (64 bytes).
    Removing stm32f10x_pwr.o(.text), (204 bytes).
    Removing stm32f10x_rtc.o(.text), (328 bytes).
    Removing stm32f10x_sdio.o(.text), (468 bytes).
    Removing stm32f10x_spi.o(.text), (780 bytes).
    Removing stm32f10x_wwdg.o(.text), (136 bytes).

18 unused section(s) (total 10708 bytes) removed from the image.

==============================================================================

Image Symbol Table

    Local Symbols

    Symbol Name                              Value     Ov Type        Size  Object(Section)

    ../clib/../cmprslib/zerorunl2.c          0x00000000   Number         0  __dczerorl2.o ABSOLUTE
    ../clib/microlib/init/entry.s            0x00000000   Number         0  entry11b.o ABSOLUTE
    ../clib/microlib/init/entry.s            0x00000000   Number         0  entry9a.o ABSOLUTE
    ../clib/microlib/init/entry.s            0x00000000   Number         0  entry.o ABSOLUTE
    ../clib/microlib/init/entry.s            0x00000000   Number         0  entry7a.o ABSOLUTE
    ../clib/microlib/init/entry.s            0x00000000   Number         0  entry9b.o ABSOLUTE
    ../clib/microlib/init/entry.s            0x00000000   Number         0  entry10a.o ABSOLUTE
    ../clib/microlib/init/entry.s            0x00000000   Number         0  entry11a.o ABSOLUTE
    ../clib/microlib/init/entry.s            0x00000000   Number         0  entry5.o ABSOLUTE
    ../clib/microlib/init/entry.s            0x00000000   Number         0  entry8b.o ABSOLUTE
    ../clib/microlib/init/entry.s            0x00000000   Number         0  entry8a.o ABSOLUTE
    ../clib/microlib/init/entry.s            0x00000000   Number         0  entry7b.o ABSOLUTE
    ../clib/microlib/init/entry.s            0x00000000   Number         0  entry2.o ABSOLUTE
    ../clib/microlib/init/entry.s            0x00000000   Number         0  entry10b.o ABSOLUTE
    ../clib/microlib/longlong.c              0x00000000   Number         0  llushr.o ABSOLUTE
    ../clib/microlib/longlong.c              0x00000000   Number         0  llsshr.o ABSOLUTE
    ../clib/microlib/longlong.c              0x00000000   Number         0  llshl.o ABSOLUTE
    ../clib/microlib/stubs.s                 0x00000000   Number         0  iusefp.o ABSOLUTE
    ../clib/microlib/stubs.s                 0x00000000   Number         0  useno.o ABSOLUTE
    ../fplib/microlib/d2f.c                  0x00000000   Number         0  d2f.o ABSOLUTE
    ../fplib/microlib/f2d.c                  0x00000000   Number         0  f2d.o ABSOLUTE
    ../fplib/microlib/fpadd.c                0x00000000   Number         0  dadd.o ABSOLUTE
    ../fplib/microlib/fpadd.c                0x00000000   Number         0  fadd.o ABSOLUTE
    ../fplib/microlib/fpdiv.c                0x00000000   Number         0  ddiv.o ABSOLUTE
    ../fplib/microlib/fpdiv.c                0x00000000   Number         0  fdiv.o ABSOLUTE
    ../fplib/microlib/fpepilogue.c           0x00000000   Number         0  depilogue.o ABSOLUTE
    ../fplib/microlib/fpepilogue.c           0x00000000   Number         0  fepilogue.o ABSOLUTE
    ../fplib/microlib/fpfix.c                0x00000000   Number         0  ffixi.o ABSOLUTE
    ../fplib/microlib/fpfix.c                0x00000000   Number         0  dfixui.o ABSOLUTE
    ../fplib/microlib/fpfix.c                0x00000000   Number         0  dfixi.o ABSOLUTE
    ../fplib/microlib/fpflt.c                0x00000000   Number         0  fflti.o ABSOLUTE
    ../fplib/microlib/fpflt.c                0x00000000   Number         0  dflti.o ABSOLUTE
    ../fplib/microlib/fpflt.c                0x00000000   Number         0  dfltui.o ABSOLUTE
    ../fplib/microlib/fpflt.c                0x00000000   Number         0  ffltui.o ABSOLUTE
    ../fplib/microlib/fpmul.c                0x00000000   Number         0  fmul.o ABSOLUTE
    ../fplib/microlib/fpmul.c                0x00000000   Number         0  dmul.o ABSOLUTE
    ..\CORE\startup_stm32f10x_md.s           0x00000000   Number         0  startup_stm32f10x_md.o ABSOLUTE
    ..\HARDWARE\ADC\adc.c                    0x00000000   Number         0  adc.o ABSOLUTE
    ..\HARDWARE\ENCODER\encoder.c            0x00000000   Number         0  encoder.o ABSOLUTE
    ..\HARDWARE\KEY\key.c                    0x00000000   Number         0  key.o ABSOLUTE
    ..\HARDWARE\LED\LED.C                    0x00000000   Number         0  led.o ABSOLUTE
    ..\HARDWARE\MOTOR\motor.c                0x00000000   Number         0  motor.o ABSOLUTE
    ..\HARDWARE\OLED\oled.c                  0x00000000   Number         0  oled.o ABSOLUTE
    ..\HARDWARE\PS2\ps2.c                    0x00000000   Number         0  ps2.o ABSOLUTE
    ..\HARDWARE\PWM\pwm.c                    0x00000000   Number         0  pwm.o ABSOLUTE
    ..\HARDWARE\SR04\SR04.c                  0x00000000   Number         0  sr04.o ABSOLUTE
    ..\HARDWARE\TIMER\timer.c                0x00000000   Number         0  timer.o ABSOLUTE
    ..\HARDWARE\USART2\usart2.c              0x00000000   Number         0  usart2.o ABSOLUTE
    ..\HARDWARE\control\control.c            0x00000000   Number         0  control.o ABSOLUTE
    ..\STM32F10x_FWLib\src\misc.c            0x00000000   Number         0  misc.o ABSOLUTE
    ..\STM32F10x_FWLib\src\stm32f10x_adc.c   0x00000000   Number         0  stm32f10x_adc.o ABSOLUTE
    ..\STM32F10x_FWLib\src\stm32f10x_bkp.c   0x00000000   Number         0  stm32f10x_bkp.o ABSOLUTE
    ..\STM32F10x_FWLib\src\stm32f10x_can.c   0x00000000   Number         0  stm32f10x_can.o ABSOLUTE
    ..\STM32F10x_FWLib\src\stm32f10x_cec.c   0x00000000   Number         0  stm32f10x_cec.o ABSOLUTE
    ..\STM32F10x_FWLib\src\stm32f10x_crc.c   0x00000000   Number         0  stm32f10x_crc.o ABSOLUTE
    ..\STM32F10x_FWLib\src\stm32f10x_dac.c   0x00000000   Number         0  stm32f10x_dac.o ABSOLUTE
    ..\STM32F10x_FWLib\src\stm32f10x_dbgmcu.c 0x00000000   Number         0  stm32f10x_dbgmcu.o ABSOLUTE
    ..\STM32F10x_FWLib\src\stm32f10x_dma.c   0x00000000   Number         0  stm32f10x_dma.o ABSOLUTE
    ..\STM32F10x_FWLib\src\stm32f10x_exti.c  0x00000000   Number         0  stm32f10x_exti.o ABSOLUTE
    ..\STM32F10x_FWLib\src\stm32f10x_flash.c 0x00000000   Number         0  stm32f10x_flash.o ABSOLUTE
    ..\STM32F10x_FWLib\src\stm32f10x_fsmc.c  0x00000000   Number         0  stm32f10x_fsmc.o ABSOLUTE
    ..\STM32F10x_FWLib\src\stm32f10x_gpio.c  0x00000000   Number         0  stm32f10x_gpio.o ABSOLUTE
    ..\STM32F10x_FWLib\src\stm32f10x_i2c.c   0x00000000   Number         0  stm32f10x_i2c.o ABSOLUTE
    ..\STM32F10x_FWLib\src\stm32f10x_iwdg.c  0x00000000   Number         0  stm32f10x_iwdg.o ABSOLUTE
    ..\STM32F10x_FWLib\src\stm32f10x_pwr.c   0x00000000   Number         0  stm32f10x_pwr.o ABSOLUTE
    ..\STM32F10x_FWLib\src\stm32f10x_rcc.c   0x00000000   Number         0  stm32f10x_rcc.o ABSOLUTE
    ..\STM32F10x_FWLib\src\stm32f10x_rtc.c   0x00000000   Number         0  stm32f10x_rtc.o ABSOLUTE
    ..\STM32F10x_FWLib\src\stm32f10x_sdio.c  0x00000000   Number         0  stm32f10x_sdio.o ABSOLUTE
    ..\STM32F10x_FWLib\src\stm32f10x_spi.c   0x00000000   Number         0  stm32f10x_spi.o ABSOLUTE
    ..\STM32F10x_FWLib\src\stm32f10x_tim.c   0x00000000   Number         0  stm32f10x_tim.o ABSOLUTE
    ..\STM32F10x_FWLib\src\stm32f10x_usart.c 0x00000000   Number         0  stm32f10x_usart.o ABSOLUTE
    ..\STM32F10x_FWLib\src\stm32f10x_wwdg.c  0x00000000   Number         0  stm32f10x_wwdg.o ABSOLUTE
    ..\SYSTEM\delay\delay.c                  0x00000000   Number         0  delay.o ABSOLUTE
    ..\SYSTEM\sys\core_cm3.c                 0x00000000   Number         0  core_cm3.o ABSOLUTE
    ..\SYSTEM\sys\sys.c                      0x00000000   Number         0  sys.o ABSOLUTE
    ..\SYSTEM\usart\usart.c                  0x00000000   Number         0  usart.o ABSOLUTE
    ..\\SYSTEM\\sys\\core_cm3.c              0x00000000   Number         0  core_cm3.o ABSOLUTE
    Track.c                                  0x00000000   Number         0  track.o ABSOLUTE
    cdcmple.s                                0x00000000   Number         0  cdcmple.o ABSOLUTE
    dc.s                                     0x00000000   Number         0  dc.o ABSOLUTE
    handlers.s                               0x00000000   Number         0  handlers.o ABSOLUTE
    init.s                                   0x00000000   Number         0  init.o ABSOLUTE
    main.c                                   0x00000000   Number         0  main.o ABSOLUTE
    stm32f10x_it.c                           0x00000000   Number         0  stm32f10x_it.o ABSOLUTE
    system_stm32f10x.c                       0x00000000   Number         0  system_stm32f10x.o ABSOLUTE
    RESET                                    0x08000000   Section      236  startup_stm32f10x_md.o(RESET)
    .ARM.Collect$$$$00000000                 0x080000ec   Section        0  entry.o(.ARM.Collect$$$$00000000)
    .ARM.Collect$$$$00000001                 0x080000ec   Section        4  entry2.o(.ARM.Collect$$$$00000001)
    .ARM.Collect$$$$00000004                 0x080000f0   Section        4  entry5.o(.ARM.Collect$$$$00000004)
    .ARM.Collect$$$$00000008                 0x080000f4   Section        0  entry7b.o(.ARM.Collect$$$$00000008)
    .ARM.Collect$$$$0000000A                 0x080000f4   Section        0  entry8b.o(.ARM.Collect$$$$0000000A)
    .ARM.Collect$$$$0000000B                 0x080000f4   Section        8  entry9a.o(.ARM.Collect$$$$0000000B)
    .ARM.Collect$$$$0000000D                 0x080000fc   Section        0  entry10a.o(.ARM.Collect$$$$0000000D)
    .ARM.Collect$$$$0000000F                 0x080000fc   Section        0  entry11a.o(.ARM.Collect$$$$0000000F)
    .ARM.Collect$$$$00002712                 0x080000fc   Section        4  entry2.o(.ARM.Collect$$$$00002712)
    __lit__00000000                          0x080000fc   Data           4  entry2.o(.ARM.Collect$$$$00002712)
    .text                                    0x08000100   Section        0  stm32f10x_it.o(.text)
    .text                                    0x0800011c   Section        0  main.o(.text)
    .text                                    0x0800025c   Section        0  system_stm32f10x.o(.text)
    SetSysClockTo72                          0x0800025d   Thumb Code   214  system_stm32f10x.o(.text)
    SetSysClock                              0x08000333   Thumb Code     8  system_stm32f10x.o(.text)
    .text                                    0x0800043c   Section        0  delay.o(.text)
    .text                                    0x08000510   Section        0  sys.o(.text)
    .text                                    0x080005ac   Section        0  usart.o(.text)
    .text                                    0x080006d0   Section        0  led.o(.text)
    .text                                    0x08000734   Section        0  key.o(.text)
    .text                                    0x08000788   Section        0  control.o(.text)
    .text                                    0x080009e4   Section        0  encoder.o(.text)
    .text                                    0x08000b9c   Section        0  motor.o(.text)
    .text                                    0x08000d20   Section        0  pwm.o(.text)
    .text                                    0x08000dc8   Section        0  adc.o(.text)
    .text                                    0x08000ecc   Section        0  timer.o(.text)
    .text                                    0x08000f44   Section        0  oled.o(.text)
    .text                                    0x08001c48   Section        0  sr04.o(.text)
    .text                                    0x08001e98   Section        0  ps2.o(.text)
    .text                                    0x080022bc   Section        0  usart2.o(.text)
    .text                                    0x0800243c   Section        0  track.o(.text)
    .text                                    0x080025d0   Section       36  startup_stm32f10x_md.o(.text)
    .text                                    0x080025f4   Section        0  misc.o(.text)
    .text                                    0x080026d0   Section        0  stm32f10x_adc.o(.text)
    .text                                    0x08002b20   Section        0  stm32f10x_exti.o(.text)
    .text                                    0x08002c3c   Section        0  stm32f10x_gpio.o(.text)
    .text                                    0x08002f98   Section        0  stm32f10x_rcc.o(.text)
    .text                                    0x0800333c   Section        0  stm32f10x_tim.o(.text)
    TI4_Config                               0x080037e3   Thumb Code   130  stm32f10x_tim.o(.text)
    TI3_Config                               0x08003877   Thumb Code   122  stm32f10x_tim.o(.text)
    TI2_Config                               0x0800390b   Thumb Code   130  stm32f10x_tim.o(.text)
    TI1_Config                               0x0800399f   Thumb Code   108  stm32f10x_tim.o(.text)
    .text                                    0x08004158   Section        0  stm32f10x_usart.o(.text)
    .text                                    0x08004560   Section        0  fadd.o(.text)
    .text                                    0x08004610   Section        0  fmul.o(.text)
    .text                                    0x08004674   Section        0  fdiv.o(.text)
    .text                                    0x080046f0   Section        0  dadd.o(.text)
    .text                                    0x0800483e   Section        0  dmul.o(.text)
    .text                                    0x08004922   Section        0  ddiv.o(.text)
    .text                                    0x08004a00   Section        0  fflti.o(.text)
    .text                                    0x08004a12   Section        0  ffltui.o(.text)
    .text                                    0x08004a1c   Section        0  dflti.o(.text)
    .text                                    0x08004a3e   Section        0  dfltui.o(.text)
    .text                                    0x08004a58   Section        0  ffixi.o(.text)
    .text                                    0x08004a8a   Section        0  dfixi.o(.text)
    .text                                    0x08004ac8   Section        0  dfixui.o(.text)
    .text                                    0x08004afa   Section        0  f2d.o(.text)
    .text                                    0x08004b20   Section       48  cdcmple.o(.text)
    .text                                    0x08004b50   Section        0  d2f.o(.text)
    .text                                    0x08004b88   Section        0  llshl.o(.text)
    .text                                    0x08004ba6   Section        0  llushr.o(.text)
    .text                                    0x08004bc6   Section        0  llsshr.o(.text)
    .text                                    0x08004bea   Section        0  fepilogue.o(.text)
    .text                                    0x08004bea   Section        0  iusefp.o(.text)
    .text                                    0x08004c58   Section        0  depilogue.o(.text)
    .text                                    0x08004d14   Section       36  init.o(.text)
    .text                                    0x08004d38   Section        0  __dczerorl2.o(.text)
    i.__scatterload_copy                     0x08004d8e   Section       14  handlers.o(i.__scatterload_copy)
    i.__scatterload_null                     0x08004d9c   Section        2  handlers.o(i.__scatterload_null)
    i.__scatterload_zeroinit                 0x08004d9e   Section       14  handlers.o(i.__scatterload_zeroinit)
    .constdata                               0x08004dac   Section     2072  oled.o(.constdata)
    .data                                    0x20000000   Section      100  main.o(.data)
    .data                                    0x20000064   Section       20  system_stm32f10x.o(.data)
    .data                                    0x20000078   Section        4  delay.o(.data)
    fac_us                                   0x20000078   Data           1  delay.o(.data)
    fac_ms                                   0x2000007a   Data           2  delay.o(.data)
    .data                                    0x2000007c   Section        5  usart.o(.data)
    .data                                    0x20000084   Section        4  led.o(.data)
    temp                                     0x20000084   Data           4  led.o(.data)
    .data                                    0x20000088   Section        4  key.o(.data)
    Tick                                     0x20000088   Data           4  key.o(.data)
    .data                                    0x2000008c   Section       44  control.o(.data)
    Voltage_Counter                          0x20000094   Data           1  control.o(.data)
    Bias                                     0x20000098   Data           4  control.o(.data)
    Pwm                                      0x2000009c   Data           4  control.o(.data)
    Last_bias                                0x200000a0   Data           4  control.o(.data)
    Bias                                     0x200000a4   Data           4  control.o(.data)
    Pwm                                      0x200000a8   Data           4  control.o(.data)
    Last_bias                                0x200000ac   Data           4  control.o(.data)
    MAX_VEL                                  0x200000b0   Data           4  control.o(.data)
    MAX_TURN                                 0x200000b4   Data           4  control.o(.data)
    .data                                    0x200000b8   Section      896  oled.o(.data)
    .data                                    0x20000438   Section       36  ps2.o(.data)
    .data                                    0x2000045c   Section        8  usart2.o(.data)
    Uart_Receive                             0x2000045c   Data           4  usart2.o(.data)
    Uart_Receive                             0x20000460   Data           4  usart2.o(.data)
    .data                                    0x20000464   Section       16  track.o(.data)
    .data                                    0x20000474   Section       20  stm32f10x_rcc.o(.data)
    APBAHBPrescTable                         0x20000474   Data          16  stm32f10x_rcc.o(.data)
    ADCPrescTable                            0x20000484   Data           4  stm32f10x_rcc.o(.data)
    .bss                                     0x20000488   Section       64  usart.o(.bss)
    .bss                                     0x200004c8   Section        9  ps2.o(.bss)
    STACK                                    0x200004d8   Section     1024  startup_stm32f10x_md.o(STACK)

    Global Symbols

    Symbol Name                              Value     Ov Type        Size  Object(Section)

    BuildAttributes$$THM_ISAv4$P$D$K$B$S$PE$A:L22UL41UL21$X:L11$S22US41US21$IEEE1$IW$USESV6$~STKCKD$USESV7$~SHL$OTIME$ROPI$EBA8$MICROLIB$REQ8$PRES8$EABIv2 0x00000000   Number         0  anon$$obj.o ABSOLUTE
    __ARM_use_no_argv                        0x00000000   Number         0  main.o ABSOLUTE
    __use_no_errno                           0x00000000   Number         0  useno.o ABSOLUTE
    __use_no_exception_handling              0x00000000   Number         0  useno.o ABSOLUTE
    __use_no_fp                              0x00000000   Number         0  useno.o ABSOLUTE
    __use_no_heap                            0x00000000   Number         0  useno.o ABSOLUTE
    __use_no_heap_region                     0x00000000   Number         0  useno.o ABSOLUTE
    __use_no_semihosting                     0x00000000   Number         0  useno.o ABSOLUTE
    __use_no_semihosting_swi                 0x00000000   Number         0  useno.o ABSOLUTE
    __use_no_signal_handling                 0x00000000   Number         0  useno.o ABSOLUTE
    __cpp_initialize__aeabi_                  - Undefined Weak Reference
    __cxa_finalize                            - Undefined Weak Reference
    _clock_init                               - Undefined Weak Reference
    _microlib_exit                            - Undefined Weak Reference
    __Vectors_Size                           0x000000ec   Number         0  startup_stm32f10x_md.o ABSOLUTE
    __Vectors                                0x08000000   Data           4  startup_stm32f10x_md.o(RESET)
    __Vectors_End                            0x080000ec   Data           0  startup_stm32f10x_md.o(RESET)
    __main                                   0x080000ed   Thumb Code     0  entry.o(.ARM.Collect$$$$00000000)
    _main_stk                                0x080000ed   Thumb Code     0  entry2.o(.ARM.Collect$$$$00000001)
    _main_scatterload                        0x080000f1   Thumb Code     0  entry5.o(.ARM.Collect$$$$00000004)
    __main_after_scatterload                 0x080000f5   Thumb Code     0  entry5.o(.ARM.Collect$$$$00000004)
    _main_clock                              0x080000f5   Thumb Code     0  entry7b.o(.ARM.Collect$$$$00000008)
    _main_cpp_init                           0x080000f5   Thumb Code     0  entry8b.o(.ARM.Collect$$$$0000000A)
    _main_init                               0x080000f5   Thumb Code     0  entry9a.o(.ARM.Collect$$$$0000000B)
    __rt_final_cpp                           0x080000fd   Thumb Code     0  entry10a.o(.ARM.Collect$$$$0000000D)
    __rt_final_exit                          0x080000fd   Thumb Code     0  entry11a.o(.ARM.Collect$$$$0000000F)
    NMI_Handler                              0x08000101   Thumb Code     2  stm32f10x_it.o(.text)
    HardFault_Handler                        0x08000103   Thumb Code     4  stm32f10x_it.o(.text)
    MemManage_Handler                        0x08000107   Thumb Code     4  stm32f10x_it.o(.text)
    BusFault_Handler                         0x0800010b   Thumb Code     4  stm32f10x_it.o(.text)
    UsageFault_Handler                       0x0800010f   Thumb Code     4  stm32f10x_it.o(.text)
    SVC_Handler                              0x08000113   Thumb Code     2  stm32f10x_it.o(.text)
    DebugMon_Handler                         0x08000115   Thumb Code     2  stm32f10x_it.o(.text)
    PendSV_Handler                           0x08000117   Thumb Code     2  stm32f10x_it.o(.text)
    SysTick_Handler                          0x08000119   Thumb Code     2  stm32f10x_it.o(.text)
    Tracking_Init                            0x0800011d   Thumb Code    62  main.o(.text)
    main                                     0x0800015b   Thumb Code   154  main.o(.text)
    Mode_Init                                0x080001f5   Thumb Code    70  main.o(.text)
    SystemInit                               0x0800033b   Thumb Code    78  system_stm32f10x.o(.text)
    SystemCoreClockUpdate                    0x08000389   Thumb Code   142  system_stm32f10x.o(.text)
    delay_init                               0x0800043d   Thumb Code    50  delay.o(.text)
    delay_us                                 0x0800046f   Thumb Code    72  delay.o(.text)
    delay_ms                                 0x080004b7   Thumb Code    72  delay.o(.text)
    NVIC_Configuration                       0x08000511   Thumb Code   154  sys.o(.text)
    _sys_exit                                0x080005ad   Thumb Code     6  usart.o(.text)
    fputc                                    0x080005b3   Thumb Code    24  usart.o(.text)
    uart1_init                               0x080005cb   Thumb Code   124  usart.o(.text)
    USART1_IRQHandler                        0x08000647   Thumb Code   122  usart.o(.text)
    LED_Init                                 0x080006d1   Thumb Code    40  led.o(.text)
    Led_Flash                                0x080006f9   Thumb Code    44  led.o(.text)
    KEY_Init                                 0x08000735   Thumb Code    34  key.o(.text)
    KEY_Press                                0x08000757   Thumb Code    38  key.o(.text)
    Incremental_PI_B                         0x08000789   Thumb Code   114  control.o(.text)
    Incremental_PI_A                         0x080007fb   Thumb Code   114  control.o(.text)
    Get_RC                                   0x0800086d   Thumb Code    78  control.o(.text)
    TIM3_IRQHandler                          0x080008bb   Thumb Code   188  control.o(.text)
    Kinematic_Analysis                       0x08000977   Thumb Code    14  control.o(.text)
    Encoder_Init_TIM2                        0x080009e5   Thumb Code   154  encoder.o(.text)
    Encoder_Init_TIM4                        0x08000a7f   Thumb Code   148  encoder.o(.text)
    Read_Encoder                             0x08000b13   Thumb Code    74  encoder.o(.text)
    TIM4_IRQHandler                          0x08000b5d   Thumb Code    24  encoder.o(.text)
    TIM2_IRQHandler                          0x08000b75   Thumb Code    24  encoder.o(.text)
    Motor_Init                               0x08000b9d   Thumb Code    40  motor.o(.text)
    myabs                                    0x08000bc5   Thumb Code    14  motor.o(.text)
    Set_Pwm                                  0x08000bd3   Thumb Code   102  motor.o(.text)
    Set_Pwm1                                 0x08000c39   Thumb Code    78  motor.o(.text)
    Xianfu_Pwm                               0x08000c87   Thumb Code    70  motor.o(.text)
    Turn_Off                                 0x08000ccd   Thumb Code    34  motor.o(.text)
    Turn_Off1                                0x08000cef   Thumb Code    12  motor.o(.text)
    TIM1_PWM_Init                            0x08000d21   Thumb Code   160  pwm.o(.text)
    Adc_Init                                 0x08000dc9   Thumb Code   132  adc.o(.text)
    Get_Adc                                  0x08000e4d   Thumb Code    46  adc.o(.text)
    Get_battery_volt                         0x08000e7b   Thumb Code    62  adc.o(.text)
    Timer3_Init                              0x08000ecd   Thumb Code    60  timer.o(.text)
    Timer5_Init                              0x08000f09   Thumb Code    52  timer.o(.text)
    OLED_IIC_Start                           0x08000f45   Thumb Code    44  oled.o(.text)
    OLED_IIC_Stop                            0x08000f71   Thumb Code    34  oled.o(.text)
    OLED_IIC_Wait_Ack                        0x08000f93   Thumb Code    24  oled.o(.text)
    OLED_Write_IIC_Byte                      0x08000fab   Thumb Code    88  oled.o(.text)
    OLED_Write_IIC_Command                   0x08001003   Thumb Code    44  oled.o(.text)
    OLED_Write_IIC_Data                      0x0800102f   Thumb Code    44  oled.o(.text)
    OLED_WR_Byte                             0x0800105b   Thumb Code    24  oled.o(.text)
    fill_picture                             0x08001073   Thumb Code    64  oled.o(.text)
    Delay_50ms                               0x080010b3   Thumb Code    22  oled.o(.text)
    Delay_1ms                                0x080010c9   Thumb Code    26  oled.o(.text)
    OLED_Set_Pos                             0x080010e3   Thumb Code    40  oled.o(.text)
    OLED_Display_On                          0x0800110b   Thumb Code    28  oled.o(.text)
    OLED_Display_Off                         0x08001127   Thumb Code    28  oled.o(.text)
    OLED_Clear                               0x08001143   Thumb Code    62  oled.o(.text)
    OLED_On                                  0x08001181   Thumb Code    62  oled.o(.text)
    OLED_ShowChar                            0x080011bf   Thumb Code   154  oled.o(.text)
    oled_pow                                 0x08001259   Thumb Code    22  oled.o(.text)
    OLED_ShowNumber                          0x0800126f   Thumb Code   136  oled.o(.text)
    OLED_ShowString                          0x080012f7   Thumb Code    66  oled.o(.text)
    OLED_ShowCHinese                         0x08001339   Thumb Code    98  oled.o(.text)
    OLED_DrawBMP                             0x0800139b   Thumb Code   118  oled.o(.text)
    OLED_Float                               0x08001411   Thumb Code   442  oled.o(.text)
    OLED_Float2                              0x080015cb   Thumb Code   366  oled.o(.text)
    OLED_Num_write                           0x08001739   Thumb Code    62  oled.o(.text)
    OLED_fuhao_write                         0x08001777   Thumb Code    58  oled.o(.text)
    OLED_Num2                                0x080017b1   Thumb Code   156  oled.o(.text)
    OLED_Num3                                0x0800184d   Thumb Code   200  oled.o(.text)
    OLED_Num4                                0x08001915   Thumb Code   134  oled.o(.text)
    OLED_Num5                                0x0800199b   Thumb Code   152  oled.o(.text)
    OLED_Init                                0x08001a33   Thumb Code   294  oled.o(.text)
    oled_first_show                          0x08001b59   Thumb Code    88  oled.o(.text)
    oled_show                                0x08001bb1   Thumb Code    78  oled.o(.text)
    SR04_Configuration                       0x08001c49   Thumb Code   136  sr04.o(.text)
    EXTI15_10_IRQHandler                     0x08001cd1   Thumb Code   302  sr04.o(.text)
    SR04_StartMeasure                        0x08001dff   Thumb Code    30  sr04.o(.text)
    hc_sr04_calculate                        0x08001e1d   Thumb Code    84  sr04.o(.text)
    PS2_Init                                 0x08001e99   Thumb Code    82  ps2.o(.text)
    PS2_Cmd                                  0x08001eeb   Thumb Code   128  ps2.o(.text)
    PS2_RedLight                             0x08001f6b   Thumb Code    50  ps2.o(.text)
    PS2_ReadData                             0x08001f9d   Thumb Code   166  ps2.o(.text)
    PS2_ClearData                            0x08002043   Thumb Code    20  ps2.o(.text)
    PS2_DataKey                              0x08002057   Thumb Code    70  ps2.o(.text)
    PS2_AnologData                           0x0800209d   Thumb Code     8  ps2.o(.text)
    PS2_Vibration                            0x080020a5   Thumb Code    90  ps2.o(.text)
    PS2_ShortPoll                            0x080020ff   Thumb Code    62  ps2.o(.text)
    PS2_EnterConfing                         0x0800213d   Thumb Code    86  ps2.o(.text)
    PS2_TurnOnAnalogMode                     0x08002193   Thumb Code    80  ps2.o(.text)
    PS2_VibrationMode                        0x080021e3   Thumb Code    62  ps2.o(.text)
    PS2_ExitConfing                          0x08002221   Thumb Code    86  ps2.o(.text)
    PS2_SetInit                              0x08002277   Thumb Code    70  ps2.o(.text)
    uart2_init                               0x080022bd   Thumb Code   126  usart2.o(.text)
    uart3_init                               0x0800233b   Thumb Code   130  usart2.o(.text)
    BluetoothCMD                             0x080023bd   Thumb Code    36  usart2.o(.text)
    USART3_IRQHandler                        0x080023e1   Thumb Code    32  usart2.o(.text)
    USART2_IRQHandler                        0x08002401   Thumb Code    32  usart2.o(.text)
    Read_Sensor                              0x0800243d   Thumb Code   344  track.o(.text)
    Read_Turn_Sensor                         0x08002595   Thumb Code    40  track.o(.text)
    Reset_Handler                            0x080025d1   Thumb Code     8  startup_stm32f10x_md.o(.text)
    ADC1_2_IRQHandler                        0x080025eb   Thumb Code     0  startup_stm32f10x_md.o(.text)
    CAN1_RX1_IRQHandler                      0x080025eb   Thumb Code     0  startup_stm32f10x_md.o(.text)
    CAN1_SCE_IRQHandler                      0x080025eb   Thumb Code     0  startup_stm32f10x_md.o(.text)
    DMA1_Channel1_IRQHandler                 0x080025eb   Thumb Code     0  startup_stm32f10x_md.o(.text)
    DMA1_Channel2_IRQHandler                 0x080025eb   Thumb Code     0  startup_stm32f10x_md.o(.text)
    DMA1_Channel3_IRQHandler                 0x080025eb   Thumb Code     0  startup_stm32f10x_md.o(.text)
    DMA1_Channel4_IRQHandler                 0x080025eb   Thumb Code     0  startup_stm32f10x_md.o(.text)
    DMA1_Channel5_IRQHandler                 0x080025eb   Thumb Code     0  startup_stm32f10x_md.o(.text)
    DMA1_Channel6_IRQHandler                 0x080025eb   Thumb Code     0  startup_stm32f10x_md.o(.text)
    DMA1_Channel7_IRQHandler                 0x080025eb   Thumb Code     0  startup_stm32f10x_md.o(.text)
    EXTI0_IRQHandler                         0x080025eb   Thumb Code     0  startup_stm32f10x_md.o(.text)
    EXTI1_IRQHandler                         0x080025eb   Thumb Code     0  startup_stm32f10x_md.o(.text)
    EXTI2_IRQHandler                         0x080025eb   Thumb Code     0  startup_stm32f10x_md.o(.text)
    EXTI3_IRQHandler                         0x080025eb   Thumb Code     0  startup_stm32f10x_md.o(.text)
    EXTI4_IRQHandler                         0x080025eb   Thumb Code     0  startup_stm32f10x_md.o(.text)
    EXTI9_5_IRQHandler                       0x080025eb   Thumb Code     0  startup_stm32f10x_md.o(.text)
    FLASH_IRQHandler                         0x080025eb   Thumb Code     0  startup_stm32f10x_md.o(.text)
    I2C1_ER_IRQHandler                       0x080025eb   Thumb Code     0  startup_stm32f10x_md.o(.text)
    I2C1_EV_IRQHandler                       0x080025eb   Thumb Code     0  startup_stm32f10x_md.o(.text)
    I2C2_ER_IRQHandler                       0x080025eb   Thumb Code     0  startup_stm32f10x_md.o(.text)
    I2C2_EV_IRQHandler                       0x080025eb   Thumb Code     0  startup_stm32f10x_md.o(.text)
    PVD_IRQHandler                           0x080025eb   Thumb Code     0  startup_stm32f10x_md.o(.text)
    RCC_IRQHandler                           0x080025eb   Thumb Code     0  startup_stm32f10x_md.o(.text)
    RTCAlarm_IRQHandler                      0x080025eb   Thumb Code     0  startup_stm32f10x_md.o(.text)
    RTC_IRQHandler                           0x080025eb   Thumb Code     0  startup_stm32f10x_md.o(.text)
    SPI1_IRQHandler                          0x080025eb   Thumb Code     0  startup_stm32f10x_md.o(.text)
    SPI2_IRQHandler                          0x080025eb   Thumb Code     0  startup_stm32f10x_md.o(.text)
    TAMPER_IRQHandler                        0x080025eb   Thumb Code     0  startup_stm32f10x_md.o(.text)
    TIM1_BRK_IRQHandler                      0x080025eb   Thumb Code     0  startup_stm32f10x_md.o(.text)
    TIM1_CC_IRQHandler                       0x080025eb   Thumb Code     0  startup_stm32f10x_md.o(.text)
    TIM1_TRG_COM_IRQHandler                  0x080025eb   Thumb Code     0  startup_stm32f10x_md.o(.text)
    TIM1_UP_IRQHandler                       0x080025eb   Thumb Code     0  startup_stm32f10x_md.o(.text)
    USBWakeUp_IRQHandler                     0x080025eb   Thumb Code     0  startup_stm32f10x_md.o(.text)
    USB_HP_CAN1_TX_IRQHandler                0x080025eb   Thumb Code     0  startup_stm32f10x_md.o(.text)
    USB_LP_CAN1_RX0_IRQHandler               0x080025eb   Thumb Code     0  startup_stm32f10x_md.o(.text)
    WWDG_IRQHandler                          0x080025eb   Thumb Code     0  startup_stm32f10x_md.o(.text)
    NVIC_PriorityGroupConfig                 0x080025f5   Thumb Code    10  misc.o(.text)
    NVIC_Init                                0x080025ff   Thumb Code   100  misc.o(.text)
    NVIC_SetVectorTable                      0x08002663   Thumb Code    14  misc.o(.text)
    NVIC_SystemLPConfig                      0x08002671   Thumb Code    34  misc.o(.text)
    SysTick_CLKSourceConfig                  0x08002693   Thumb Code    40  misc.o(.text)
    ADC_DeInit                               0x080026d1   Thumb Code    78  stm32f10x_adc.o(.text)
    ADC_Init                                 0x0800271f   Thumb Code    70  stm32f10x_adc.o(.text)
    ADC_StructInit                           0x08002765   Thumb Code    18  stm32f10x_adc.o(.text)
    ADC_Cmd                                  0x08002777   Thumb Code    22  stm32f10x_adc.o(.text)
    ADC_DMACmd                               0x0800278d   Thumb Code    22  stm32f10x_adc.o(.text)
    ADC_ITConfig                             0x080027a3   Thumb Code    24  stm32f10x_adc.o(.text)
    ADC_ResetCalibration                     0x080027bb   Thumb Code    10  stm32f10x_adc.o(.text)
    ADC_GetResetCalibrationStatus            0x080027c5   Thumb Code    20  stm32f10x_adc.o(.text)
    ADC_StartCalibration                     0x080027d9   Thumb Code    10  stm32f10x_adc.o(.text)
    ADC_GetCalibrationStatus                 0x080027e3   Thumb Code    20  stm32f10x_adc.o(.text)
    ADC_SoftwareStartConvCmd                 0x080027f7   Thumb Code    22  stm32f10x_adc.o(.text)
    ADC_GetSoftwareStartConvStatus           0x0800280d   Thumb Code    20  stm32f10x_adc.o(.text)
    ADC_DiscModeChannelCountConfig           0x08002821   Thumb Code    24  stm32f10x_adc.o(.text)
    ADC_DiscModeCmd                          0x08002839   Thumb Code    22  stm32f10x_adc.o(.text)
    ADC_RegularChannelConfig                 0x0800284f   Thumb Code   184  stm32f10x_adc.o(.text)
    ADC_ExternalTrigConvCmd                  0x08002907   Thumb Code    22  stm32f10x_adc.o(.text)
    ADC_GetConversionValue                   0x0800291d   Thumb Code     8  stm32f10x_adc.o(.text)
    ADC_GetDualModeConversionValue           0x08002925   Thumb Code     8  stm32f10x_adc.o(.text)
    ADC_AutoInjectedConvCmd                  0x0800292d   Thumb Code    22  stm32f10x_adc.o(.text)
    ADC_InjectedDiscModeCmd                  0x08002943   Thumb Code    22  stm32f10x_adc.o(.text)
    ADC_ExternalTrigInjectedConvConfig       0x08002959   Thumb Code    16  stm32f10x_adc.o(.text)
    ADC_ExternalTrigInjectedConvCmd          0x08002969   Thumb Code    22  stm32f10x_adc.o(.text)
    ADC_SoftwareStartInjectedConvCmd         0x0800297f   Thumb Code    22  stm32f10x_adc.o(.text)
    ADC_GetSoftwareStartInjectedConvCmdStatus 0x08002995   Thumb Code    20  stm32f10x_adc.o(.text)
    ADC_InjectedChannelConfig                0x080029a9   Thumb Code   130  stm32f10x_adc.o(.text)
    ADC_InjectedSequencerLengthConfig        0x08002a2b   Thumb Code    24  stm32f10x_adc.o(.text)
    ADC_SetInjectedOffset                    0x08002a43   Thumb Code    20  stm32f10x_adc.o(.text)
    ADC_GetInjectedConversionValue           0x08002a57   Thumb Code    28  stm32f10x_adc.o(.text)
    ADC_AnalogWatchdogCmd                    0x08002a73   Thumb Code    16  stm32f10x_adc.o(.text)
    ADC_AnalogWatchdogThresholdsConfig       0x08002a83   Thumb Code     6  stm32f10x_adc.o(.text)
    ADC_AnalogWatchdogSingleChannelConfig    0x08002a89   Thumb Code    16  stm32f10x_adc.o(.text)
    ADC_TempSensorVrefintCmd                 0x08002a99   Thumb Code    64  stm32f10x_adc.o(.text)
    ADC_GetFlagStatus                        0x08002ad9   Thumb Code    18  stm32f10x_adc.o(.text)
    ADC_ClearFlag                            0x08002aeb   Thumb Code     6  stm32f10x_adc.o(.text)
    ADC_GetITStatus                          0x08002af1   Thumb Code    36  stm32f10x_adc.o(.text)
    ADC_ClearITPendingBit                    0x08002b15   Thumb Code    10  stm32f10x_adc.o(.text)
    EXTI_DeInit                              0x08002b21   Thumb Code    28  stm32f10x_exti.o(.text)
    EXTI_Init                                0x08002b3d   Thumb Code   142  stm32f10x_exti.o(.text)
    EXTI_StructInit                          0x08002bcb   Thumb Code    16  stm32f10x_exti.o(.text)
    EXTI_GenerateSWInterrupt                 0x08002bdb   Thumb Code    16  stm32f10x_exti.o(.text)
    EXTI_GetFlagStatus                       0x08002beb   Thumb Code    22  stm32f10x_exti.o(.text)
    EXTI_ClearFlag                           0x08002c01   Thumb Code     8  stm32f10x_exti.o(.text)
    EXTI_GetITStatus                         0x08002c09   Thumb Code    34  stm32f10x_exti.o(.text)
    EXTI_ClearITPendingBit                   0x08002c2b   Thumb Code     8  stm32f10x_exti.o(.text)
    GPIO_DeInit                              0x08002c3d   Thumb Code   172  stm32f10x_gpio.o(.text)
    GPIO_AFIODeInit                          0x08002ce9   Thumb Code    20  stm32f10x_gpio.o(.text)
    GPIO_Init                                0x08002cfd   Thumb Code   278  stm32f10x_gpio.o(.text)
    GPIO_StructInit                          0x08002e13   Thumb Code    16  stm32f10x_gpio.o(.text)
    GPIO_ReadInputDataBit                    0x08002e23   Thumb Code    18  stm32f10x_gpio.o(.text)
    GPIO_ReadInputData                       0x08002e35   Thumb Code     8  stm32f10x_gpio.o(.text)
    GPIO_ReadOutputDataBit                   0x08002e3d   Thumb Code    18  stm32f10x_gpio.o(.text)
    GPIO_ReadOutputData                      0x08002e4f   Thumb Code     8  stm32f10x_gpio.o(.text)
    GPIO_SetBits                             0x08002e57   Thumb Code     4  stm32f10x_gpio.o(.text)
    GPIO_ResetBits                           0x08002e5b   Thumb Code     4  stm32f10x_gpio.o(.text)
    GPIO_WriteBit                            0x08002e5f   Thumb Code    10  stm32f10x_gpio.o(.text)
    GPIO_Write                               0x08002e69   Thumb Code     4  stm32f10x_gpio.o(.text)
    GPIO_PinLockConfig                       0x08002e6d   Thumb Code    18  stm32f10x_gpio.o(.text)
    GPIO_EventOutputConfig                   0x08002e7f   Thumb Code    26  stm32f10x_gpio.o(.text)
    GPIO_EventOutputCmd                      0x08002e99   Thumb Code     6  stm32f10x_gpio.o(.text)
    GPIO_PinRemapConfig                      0x08002e9f   Thumb Code   138  stm32f10x_gpio.o(.text)
    GPIO_EXTILineConfig                      0x08002f29   Thumb Code    66  stm32f10x_gpio.o(.text)
    GPIO_ETH_MediaInterfaceConfig            0x08002f6b   Thumb Code     8  stm32f10x_gpio.o(.text)
    RCC_DeInit                               0x08002f99   Thumb Code    64  stm32f10x_rcc.o(.text)
    RCC_HSEConfig                            0x08002fd9   Thumb Code    70  stm32f10x_rcc.o(.text)
    RCC_GetFlagStatus                        0x0800301f   Thumb Code    56  stm32f10x_rcc.o(.text)
    RCC_WaitForHSEStartUp                    0x08003057   Thumb Code    56  stm32f10x_rcc.o(.text)
    RCC_AdjustHSICalibrationValue            0x0800308f   Thumb Code    20  stm32f10x_rcc.o(.text)
    RCC_HSICmd                               0x080030a3   Thumb Code     6  stm32f10x_rcc.o(.text)
    RCC_PLLConfig                            0x080030a9   Thumb Code    24  stm32f10x_rcc.o(.text)
    RCC_PLLCmd                               0x080030c1   Thumb Code     6  stm32f10x_rcc.o(.text)
    RCC_SYSCLKConfig                         0x080030c7   Thumb Code    18  stm32f10x_rcc.o(.text)
    RCC_GetSYSCLKSource                      0x080030d9   Thumb Code    10  stm32f10x_rcc.o(.text)
    RCC_HCLKConfig                           0x080030e3   Thumb Code    18  stm32f10x_rcc.o(.text)
    RCC_PCLK1Config                          0x080030f5   Thumb Code    18  stm32f10x_rcc.o(.text)
    RCC_PCLK2Config                          0x08003107   Thumb Code    20  stm32f10x_rcc.o(.text)
    RCC_ITConfig                             0x0800311b   Thumb Code    26  stm32f10x_rcc.o(.text)
    RCC_USBCLKConfig                         0x08003135   Thumb Code     8  stm32f10x_rcc.o(.text)
    RCC_ADCCLKConfig                         0x0800313d   Thumb Code    18  stm32f10x_rcc.o(.text)
    RCC_LSEConfig                            0x0800314f   Thumb Code    50  stm32f10x_rcc.o(.text)
    RCC_LSICmd                               0x08003181   Thumb Code     6  stm32f10x_rcc.o(.text)
    RCC_RTCCLKConfig                         0x08003187   Thumb Code    12  stm32f10x_rcc.o(.text)
    RCC_RTCCLKCmd                            0x08003193   Thumb Code     8  stm32f10x_rcc.o(.text)
    RCC_GetClocksFreq                        0x0800319b   Thumb Code   192  stm32f10x_rcc.o(.text)
    RCC_AHBPeriphClockCmd                    0x0800325b   Thumb Code    26  stm32f10x_rcc.o(.text)
    RCC_APB2PeriphClockCmd                   0x08003275   Thumb Code    26  stm32f10x_rcc.o(.text)
    RCC_APB1PeriphClockCmd                   0x0800328f   Thumb Code    26  stm32f10x_rcc.o(.text)
    RCC_APB2PeriphResetCmd                   0x080032a9   Thumb Code    26  stm32f10x_rcc.o(.text)
    RCC_APB1PeriphResetCmd                   0x080032c3   Thumb Code    26  stm32f10x_rcc.o(.text)
    RCC_BackupResetCmd                       0x080032dd   Thumb Code     8  stm32f10x_rcc.o(.text)
    RCC_ClockSecuritySystemCmd               0x080032e5   Thumb Code     6  stm32f10x_rcc.o(.text)
    RCC_MCOConfig                            0x080032eb   Thumb Code     6  stm32f10x_rcc.o(.text)
    RCC_ClearFlag                            0x080032f1   Thumb Code    14  stm32f10x_rcc.o(.text)
    RCC_GetITStatus                          0x080032ff   Thumb Code    20  stm32f10x_rcc.o(.text)
    RCC_ClearITPendingBit                    0x08003313   Thumb Code     6  stm32f10x_rcc.o(.text)
    TIM_DeInit                               0x0800333d   Thumb Code   424  stm32f10x_tim.o(.text)
    TIM_TimeBaseInit                         0x080034e5   Thumb Code   122  stm32f10x_tim.o(.text)
    TIM_OC1Init                              0x0800355f   Thumb Code   132  stm32f10x_tim.o(.text)
    TIM_OC2Init                              0x080035e3   Thumb Code   154  stm32f10x_tim.o(.text)
    TIM_OC3Init                              0x0800367d   Thumb Code   150  stm32f10x_tim.o(.text)
    TIM_OC4Init                              0x08003713   Thumb Code   182  stm32f10x_tim.o(.text)
    TIM_SetIC4Prescaler                      0x080037c9   Thumb Code    26  stm32f10x_tim.o(.text)
    TIM_SetIC3Prescaler                      0x08003865   Thumb Code    18  stm32f10x_tim.o(.text)
    TIM_SetIC2Prescaler                      0x080038f1   Thumb Code    26  stm32f10x_tim.o(.text)
    TIM_SetIC1Prescaler                      0x0800398d   Thumb Code    18  stm32f10x_tim.o(.text)
    TIM_ICInit                               0x08003a0b   Thumb Code   150  stm32f10x_tim.o(.text)
    TIM_PWMIConfig                           0x08003aa1   Thumb Code   124  stm32f10x_tim.o(.text)
    TIM_BDTRConfig                           0x08003b1d   Thumb Code    32  stm32f10x_tim.o(.text)
    TIM_TimeBaseStructInit                   0x08003b3d   Thumb Code    18  stm32f10x_tim.o(.text)
    TIM_OCStructInit                         0x08003b4f   Thumb Code    20  stm32f10x_tim.o(.text)
    TIM_ICStructInit                         0x08003b63   Thumb Code    18  stm32f10x_tim.o(.text)
    TIM_BDTRStructInit                       0x08003b75   Thumb Code    40  stm32f10x_tim.o(.text)
    TIM_Cmd                                  0x08003b9d   Thumb Code    24  stm32f10x_tim.o(.text)
    TIM_CtrlPWMOutputs                       0x08003bb5   Thumb Code    30  stm32f10x_tim.o(.text)
    TIM_ITConfig                             0x08003bd3   Thumb Code    18  stm32f10x_tim.o(.text)
    TIM_GenerateEvent                        0x08003be5   Thumb Code     4  stm32f10x_tim.o(.text)
    TIM_DMAConfig                            0x08003be9   Thumb Code    10  stm32f10x_tim.o(.text)
    TIM_DMACmd                               0x08003bf3   Thumb Code    18  stm32f10x_tim.o(.text)
    TIM_InternalClockConfig                  0x08003c05   Thumb Code    12  stm32f10x_tim.o(.text)
    TIM_SelectInputTrigger                   0x08003c11   Thumb Code    18  stm32f10x_tim.o(.text)
    TIM_ITRxExternalClockConfig              0x08003c23   Thumb Code    24  stm32f10x_tim.o(.text)
    TIM_TIxExternalClockConfig               0x08003c3b   Thumb Code    62  stm32f10x_tim.o(.text)
    TIM_ETRConfig                            0x08003c79   Thumb Code    28  stm32f10x_tim.o(.text)
    TIM_ETRClockMode1Config                  0x08003c95   Thumb Code    54  stm32f10x_tim.o(.text)
    TIM_ETRClockMode2Config                  0x08003ccb   Thumb Code    32  stm32f10x_tim.o(.text)
    TIM_PrescalerConfig                      0x08003ceb   Thumb Code     6  stm32f10x_tim.o(.text)
    TIM_CounterModeConfig                    0x08003cf1   Thumb Code    18  stm32f10x_tim.o(.text)
    TIM_EncoderInterfaceConfig               0x08003d03   Thumb Code    66  stm32f10x_tim.o(.text)
    TIM_ForcedOC1Config                      0x08003d45   Thumb Code    18  stm32f10x_tim.o(.text)
    TIM_ForcedOC2Config                      0x08003d57   Thumb Code    26  stm32f10x_tim.o(.text)
    TIM_ForcedOC3Config                      0x08003d71   Thumb Code    18  stm32f10x_tim.o(.text)
    TIM_ForcedOC4Config                      0x08003d83   Thumb Code    26  stm32f10x_tim.o(.text)
    TIM_ARRPreloadConfig                     0x08003d9d   Thumb Code    24  stm32f10x_tim.o(.text)
    TIM_SelectCOM                            0x08003db5   Thumb Code    24  stm32f10x_tim.o(.text)
    TIM_SelectCCDMA                          0x08003dcd   Thumb Code    24  stm32f10x_tim.o(.text)
    TIM_CCPreloadControl                     0x08003de5   Thumb Code    24  stm32f10x_tim.o(.text)
    TIM_OC1PreloadConfig                     0x08003dfd   Thumb Code    18  stm32f10x_tim.o(.text)
    TIM_OC2PreloadConfig                     0x08003e0f   Thumb Code    26  stm32f10x_tim.o(.text)
    TIM_OC3PreloadConfig                     0x08003e29   Thumb Code    18  stm32f10x_tim.o(.text)
    TIM_OC4PreloadConfig                     0x08003e3b   Thumb Code    26  stm32f10x_tim.o(.text)
    TIM_OC1FastConfig                        0x08003e55   Thumb Code    18  stm32f10x_tim.o(.text)
    TIM_OC2FastConfig                        0x08003e67   Thumb Code    26  stm32f10x_tim.o(.text)
    TIM_OC3FastConfig                        0x08003e81   Thumb Code    18  stm32f10x_tim.o(.text)
    TIM_OC4FastConfig                        0x08003e93   Thumb Code    26  stm32f10x_tim.o(.text)
    TIM_ClearOC1Ref                          0x08003ead   Thumb Code    18  stm32f10x_tim.o(.text)
    TIM_ClearOC2Ref                          0x08003ebf   Thumb Code    24  stm32f10x_tim.o(.text)
    TIM_ClearOC3Ref                          0x08003ed7   Thumb Code    18  stm32f10x_tim.o(.text)
    TIM_ClearOC4Ref                          0x08003ee9   Thumb Code    24  stm32f10x_tim.o(.text)
    TIM_OC1PolarityConfig                    0x08003f01   Thumb Code    18  stm32f10x_tim.o(.text)
    TIM_OC1NPolarityConfig                   0x08003f13   Thumb Code    18  stm32f10x_tim.o(.text)
    TIM_OC2PolarityConfig                    0x08003f25   Thumb Code    26  stm32f10x_tim.o(.text)
    TIM_OC2NPolarityConfig                   0x08003f3f   Thumb Code    26  stm32f10x_tim.o(.text)
    TIM_OC3PolarityConfig                    0x08003f59   Thumb Code    26  stm32f10x_tim.o(.text)
    TIM_OC3NPolarityConfig                   0x08003f73   Thumb Code    26  stm32f10x_tim.o(.text)
    TIM_OC4PolarityConfig                    0x08003f8d   Thumb Code    26  stm32f10x_tim.o(.text)
    TIM_CCxCmd                               0x08003fa7   Thumb Code    30  stm32f10x_tim.o(.text)
    TIM_CCxNCmd                              0x08003fc5   Thumb Code    30  stm32f10x_tim.o(.text)
    TIM_SelectOCxM                           0x08003fe3   Thumb Code    82  stm32f10x_tim.o(.text)
    TIM_UpdateDisableConfig                  0x08004035   Thumb Code    24  stm32f10x_tim.o(.text)
    TIM_UpdateRequestConfig                  0x0800404d   Thumb Code    24  stm32f10x_tim.o(.text)
    TIM_SelectHallSensor                     0x08004065   Thumb Code    24  stm32f10x_tim.o(.text)
    TIM_SelectOnePulseMode                   0x0800407d   Thumb Code    18  stm32f10x_tim.o(.text)
    TIM_SelectOutputTrigger                  0x0800408f   Thumb Code    18  stm32f10x_tim.o(.text)
    TIM_SelectSlaveMode                      0x080040a1   Thumb Code    18  stm32f10x_tim.o(.text)
    TIM_SelectMasterSlaveMode                0x080040b3   Thumb Code    18  stm32f10x_tim.o(.text)
    TIM_SetCounter                           0x080040c5   Thumb Code     4  stm32f10x_tim.o(.text)
    TIM_SetAutoreload                        0x080040c9   Thumb Code     4  stm32f10x_tim.o(.text)
    TIM_SetCompare1                          0x080040cd   Thumb Code     4  stm32f10x_tim.o(.text)
    TIM_SetCompare2                          0x080040d1   Thumb Code     4  stm32f10x_tim.o(.text)
    TIM_SetCompare3                          0x080040d5   Thumb Code     4  stm32f10x_tim.o(.text)
    TIM_SetCompare4                          0x080040d9   Thumb Code     6  stm32f10x_tim.o(.text)
    TIM_SetClockDivision                     0x080040df   Thumb Code    18  stm32f10x_tim.o(.text)
    TIM_GetCapture1                          0x080040f1   Thumb Code     6  stm32f10x_tim.o(.text)
    TIM_GetCapture2                          0x080040f7   Thumb Code     6  stm32f10x_tim.o(.text)
    TIM_GetCapture3                          0x080040fd   Thumb Code     6  stm32f10x_tim.o(.text)
    TIM_GetCapture4                          0x08004103   Thumb Code     8  stm32f10x_tim.o(.text)
    TIM_GetCounter                           0x0800410b   Thumb Code     6  stm32f10x_tim.o(.text)
    TIM_GetPrescaler                         0x08004111   Thumb Code     6  stm32f10x_tim.o(.text)
    TIM_GetFlagStatus                        0x08004117   Thumb Code    18  stm32f10x_tim.o(.text)
    TIM_ClearFlag                            0x08004129   Thumb Code     6  stm32f10x_tim.o(.text)
    TIM_GetITStatus                          0x0800412f   Thumb Code    34  stm32f10x_tim.o(.text)
    TIM_ClearITPendingBit                    0x08004151   Thumb Code     6  stm32f10x_tim.o(.text)
    USART_DeInit                             0x08004159   Thumb Code   134  stm32f10x_usart.o(.text)
    USART_Init                               0x080041df   Thumb Code   210  stm32f10x_usart.o(.text)
    USART_StructInit                         0x080042b1   Thumb Code    24  stm32f10x_usart.o(.text)
    USART_ClockInit                          0x080042c9   Thumb Code    34  stm32f10x_usart.o(.text)
    USART_ClockStructInit                    0x080042eb   Thumb Code    12  stm32f10x_usart.o(.text)
    USART_Cmd                                0x080042f7   Thumb Code    24  stm32f10x_usart.o(.text)
    USART_ITConfig                           0x0800430f   Thumb Code    74  stm32f10x_usart.o(.text)
    USART_DMACmd                             0x08004359   Thumb Code    18  stm32f10x_usart.o(.text)
    USART_SetAddress                         0x0800436b   Thumb Code    18  stm32f10x_usart.o(.text)
    USART_WakeUpConfig                       0x0800437d   Thumb Code    18  stm32f10x_usart.o(.text)
    USART_ReceiverWakeUpCmd                  0x0800438f   Thumb Code    24  stm32f10x_usart.o(.text)
    USART_LINBreakDetectLengthConfig         0x080043a7   Thumb Code    18  stm32f10x_usart.o(.text)
    USART_LINCmd                             0x080043b9   Thumb Code    24  stm32f10x_usart.o(.text)
    USART_SendData                           0x080043d1   Thumb Code     8  stm32f10x_usart.o(.text)
    USART_ReceiveData                        0x080043d9   Thumb Code    10  stm32f10x_usart.o(.text)
    USART_SendBreak                          0x080043e3   Thumb Code    10  stm32f10x_usart.o(.text)
    USART_SetGuardTime                       0x080043ed   Thumb Code    16  stm32f10x_usart.o(.text)
    USART_SetPrescaler                       0x080043fd   Thumb Code    16  stm32f10x_usart.o(.text)
    USART_SmartCardCmd                       0x0800440d   Thumb Code    24  stm32f10x_usart.o(.text)
    USART_SmartCardNACKCmd                   0x08004425   Thumb Code    24  stm32f10x_usart.o(.text)
    USART_HalfDuplexCmd                      0x0800443d   Thumb Code    24  stm32f10x_usart.o(.text)
    USART_OverSampling8Cmd                   0x08004455   Thumb Code    22  stm32f10x_usart.o(.text)
    USART_OneBitMethodCmd                    0x0800446b   Thumb Code    24  stm32f10x_usart.o(.text)
    USART_IrDAConfig                         0x08004483   Thumb Code    18  stm32f10x_usart.o(.text)
    USART_IrDACmd                            0x08004495   Thumb Code    24  stm32f10x_usart.o(.text)
    USART_GetFlagStatus                      0x080044ad   Thumb Code    26  stm32f10x_usart.o(.text)
    USART_ClearFlag                          0x080044c7   Thumb Code    18  stm32f10x_usart.o(.text)
    USART_GetITStatus                        0x080044d9   Thumb Code    84  stm32f10x_usart.o(.text)
    USART_ClearITPendingBit                  0x0800452d   Thumb Code    52  stm32f10x_usart.o(.text)
    __aeabi_fadd                             0x08004561   Thumb Code   164  fadd.o(.text)
    __aeabi_fsub                             0x08004605   Thumb Code     6  fadd.o(.text)
    __aeabi_frsub                            0x0800460b   Thumb Code     6  fadd.o(.text)
    __aeabi_fmul                             0x08004611   Thumb Code   100  fmul.o(.text)
    __aeabi_fdiv                             0x08004675   Thumb Code   124  fdiv.o(.text)
    __aeabi_dadd                             0x080046f1   Thumb Code   322  dadd.o(.text)
    __aeabi_dsub                             0x08004833   Thumb Code     6  dadd.o(.text)
    __aeabi_drsub                            0x08004839   Thumb Code     6  dadd.o(.text)
    __aeabi_dmul                             0x0800483f   Thumb Code   228  dmul.o(.text)
    __aeabi_ddiv                             0x08004923   Thumb Code   222  ddiv.o(.text)
    __aeabi_i2f                              0x08004a01   Thumb Code    18  fflti.o(.text)
    __aeabi_ui2f                             0x08004a13   Thumb Code    10  ffltui.o(.text)
    __aeabi_i2d                              0x08004a1d   Thumb Code    34  dflti.o(.text)
    __aeabi_ui2d                             0x08004a3f   Thumb Code    26  dfltui.o(.text)
    __aeabi_f2iz                             0x08004a59   Thumb Code    50  ffixi.o(.text)
    __aeabi_d2iz                             0x08004a8b   Thumb Code    62  dfixi.o(.text)
    __aeabi_d2uiz                            0x08004ac9   Thumb Code    50  dfixui.o(.text)
    __aeabi_f2d                              0x08004afb   Thumb Code    38  f2d.o(.text)
    __aeabi_cdcmpeq                          0x08004b21   Thumb Code     0  cdcmple.o(.text)
    __aeabi_cdcmple                          0x08004b21   Thumb Code    48  cdcmple.o(.text)
    __aeabi_d2f                              0x08004b51   Thumb Code    56  d2f.o(.text)
    __aeabi_llsl                             0x08004b89   Thumb Code    30  llshl.o(.text)
    _ll_shift_l                              0x08004b89   Thumb Code     0  llshl.o(.text)
    __aeabi_llsr                             0x08004ba7   Thumb Code    32  llushr.o(.text)
    _ll_ushift_r                             0x08004ba7   Thumb Code     0  llushr.o(.text)
    __aeabi_lasr                             0x08004bc7   Thumb Code    36  llsshr.o(.text)
    _ll_sshift_r                             0x08004bc7   Thumb Code     0  llsshr.o(.text)
    __I$use$fp                               0x08004beb   Thumb Code     0  iusefp.o(.text)
    _float_round                             0x08004beb   Thumb Code    18  fepilogue.o(.text)
    _float_epilogue                          0x08004bfd   Thumb Code    92  fepilogue.o(.text)
    _double_round                            0x08004c59   Thumb Code    30  depilogue.o(.text)
    _double_epilogue                         0x08004c77   Thumb Code   156  depilogue.o(.text)
    __scatterload                            0x08004d15   Thumb Code    28  init.o(.text)
    __scatterload_rt2                        0x08004d15   Thumb Code     0  init.o(.text)
    __decompress                             0x08004d39   Thumb Code     0  __dczerorl2.o(.text)
    __decompress1                            0x08004d39   Thumb Code    86  __dczerorl2.o(.text)
    __scatterload_copy                       0x08004d8f   Thumb Code    14  handlers.o(i.__scatterload_copy)
    __scatterload_null                       0x08004d9d   Thumb Code     2  handlers.o(i.__scatterload_null)
    __scatterload_zeroinit                   0x08004d9f   Thumb Code    14  handlers.o(i.__scatterload_zeroinit)
    F6x8                                     0x08004dac   Data         552  oled.o(.constdata)
    F8X16                                    0x08004fd4   Data        1520  oled.o(.constdata)
    Region$$Table$$Base                      0x080055c4   Number         0  anon$$obj.o(Region$$Table)
    Region$$Table$$Limit                     0x080055e4   Number         0  anon$$obj.o(Region$$Table)
    Voltage                                  0x20000000   Data           4  main.o(.data)
    SR04_Distance                            0x20000004   Data           4  main.o(.data)
    Encoder_Left                             0x20000008   Data           4  main.o(.data)
    Encoder_Right                            0x2000000c   Data           4  main.o(.data)
    Moto1                                    0x20000010   Data           4  main.o(.data)
    Moto2                                    0x20000014   Data           4  main.o(.data)
    Target_A                                 0x20000018   Data           4  main.o(.data)
    Target_B                                 0x2000001c   Data           4  main.o(.data)
    CTRL_MODE                                0x20000020   Data           1  main.o(.data)
    Mode_Change                              0x20000021   Data           1  main.o(.data)
    Flag_Direction                           0x20000022   Data           1  main.o(.data)
    PS2_LX                                   0x20000024   Data           4  main.o(.data)
    PS2_LY                                   0x20000028   Data           4  main.o(.data)
    PS2_RX                                   0x2000002c   Data           4  main.o(.data)
    PS2_RY                                   0x20000030   Data           4  main.o(.data)
    PS2_KEY                                  0x20000034   Data           4  main.o(.data)
    PS2_Plugin                               0x20000038   Data           1  main.o(.data)
    Velocity                                 0x2000003c   Data           4  main.o(.data)
    Turn                                     0x20000040   Data           4  main.o(.data)
    Uart_Receive                             0x20000044   Data           4  main.o(.data)
    TkSensor                                 0x20000048   Data           1  main.o(.data)
    Stop_flag                                0x2000004c   Data           4  main.o(.data)
    Zhuanwan_value                           0x20000050   Data           4  main.o(.data)
    Turn_flag1                               0x20000054   Data           4  main.o(.data)
    Turn_flag2                               0x20000058   Data           4  main.o(.data)
    count                                    0x2000005c   Data           4  main.o(.data)
    Turn_count                               0x20000060   Data           4  main.o(.data)
    SystemCoreClock                          0x20000064   Data           4  system_stm32f10x.o(.data)
    AHBPrescTable                            0x20000068   Data          16  system_stm32f10x.o(.data)
    __stdout                                 0x2000007c   Data           4  usart.o(.data)
    USART_RX_STA                             0x20000080   Data           1  usart.o(.data)
    velocity_KP                              0x2000008c   Data           4  control.o(.data)
    velocity_KI                              0x20000090   Data           4  control.o(.data)
    Hzk                                      0x200000b8   Data         896  oled.o(.data)
    Handkey                                  0x20000438   Data           2  ps2.o(.data)
    Comd                                     0x2000043a   Data           2  ps2.o(.data)
    MASK                                     0x2000043c   Data          32  ps2.o(.data)
    sensor                                   0x20000464   Data           5  track.o(.data)
    Zhuanwan_flag                            0x2000046c   Data           4  track.o(.data)
    Count                                    0x20000470   Data           4  track.o(.data)
    USART_RX_BUF                             0x20000488   Data          64  usart.o(.bss)
    Data                                     0x200004c8   Data           9  ps2.o(.bss)
    __initial_sp                             0x200008d8   Data           0  startup_stm32f10x_md.o(STACK)



==============================================================================

Memory Map of the image

  Image Entry point : 0x080000ed

  Load Region LR_IROM1 (Base: 0x08000000, Size: 0x00005a6c, Max: 0x00010000, ABSOLUTE, COMPRESSED[0x000057a4])

    Execution Region ER_IROM1 (Exec base: 0x08000000, Load base: 0x08000000, Size: 0x000055e4, Max: 0x00010000, ABSOLUTE)

    Exec Addr    Load Addr    Size         Type   Attr      Idx    E Section Name        Object

    0x08000000   0x08000000   0x000000ec   Data   RO          485    RESET               startup_stm32f10x_md.o
    0x080000ec   0x080000ec   0x00000000   Code   RO          768  * .ARM.Collect$$$$00000000  mc_w.l(entry.o)
    0x080000ec   0x080000ec   0x00000004   Code   RO          803    .ARM.Collect$$$$00000001  mc_w.l(entry2.o)
    0x080000f0   0x080000f0   0x00000004   Code   RO          806    .ARM.Collect$$$$00000004  mc_w.l(entry5.o)
    0x080000f4   0x080000f4   0x00000000   Code   RO          808    .ARM.Collect$$$$00000008  mc_w.l(entry7b.o)
    0x080000f4   0x080000f4   0x00000000   Code   RO          810    .ARM.Collect$$$$0000000A  mc_w.l(entry8b.o)
    0x080000f4   0x080000f4   0x00000008   Code   RO          811    .ARM.Collect$$$$0000000B  mc_w.l(entry9a.o)
    0x080000fc   0x080000fc   0x00000000   Code   RO          813    .ARM.Collect$$$$0000000D  mc_w.l(entry10a.o)
    0x080000fc   0x080000fc   0x00000000   Code   RO          815    .ARM.Collect$$$$0000000F  mc_w.l(entry11a.o)
    0x080000fc   0x080000fc   0x00000004   Code   RO          804    .ARM.Collect$$$$00002712  mc_w.l(entry2.o)
    0x08000100   0x08000100   0x0000001a   Code   RO            1    .text               stm32f10x_it.o
    0x0800011a   0x0800011a   0x00000002   PAD
    0x0800011c   0x0800011c   0x00000140   Code   RO          104    .text               main.o
    0x0800025c   0x0800025c   0x000001e0   Code   RO          211    .text               system_stm32f10x.o
    0x0800043c   0x0800043c   0x000000d4   Code   RO          229    .text               delay.o
    0x08000510   0x08000510   0x0000009a   Code   RO          247    .text               sys.o
    0x080005aa   0x080005aa   0x00000002   PAD
    0x080005ac   0x080005ac   0x00000124   Code   RO          259    .text               usart.o
    0x080006d0   0x080006d0   0x00000064   Code   RO          290    .text               led.o
    0x08000734   0x08000734   0x00000054   Code   RO          303    .text               key.o
    0x08000788   0x08000788   0x0000025c   Code   RO          316    .text               control.o
    0x080009e4   0x080009e4   0x000001b8   Code   RO          335    .text               encoder.o
    0x08000b9c   0x08000b9c   0x00000184   Code   RO          347    .text               motor.o
    0x08000d20   0x08000d20   0x000000a8   Code   RO          359    .text               pwm.o
    0x08000dc8   0x08000dc8   0x00000104   Code   RO          371    .text               adc.o
    0x08000ecc   0x08000ecc   0x00000078   Code   RO          383    .text               timer.o
    0x08000f44   0x08000f44   0x00000d04   Code   RO          395    .text               oled.o
    0x08001c48   0x08001c48   0x00000250   Code   RO          415    .text               sr04.o
    0x08001e98   0x08001e98   0x00000424   Code   RO          427    .text               ps2.o
    0x080022bc   0x080022bc   0x00000180   Code   RO          446    .text               usart2.o
    0x0800243c   0x0800243c   0x00000194   Code   RO          459    .text               track.o
    0x080025d0   0x080025d0   0x00000024   Code   RO          486    .text               startup_stm32f10x_md.o
    0x080025f4   0x080025f4   0x000000dc   Code   RO          490    .text               misc.o
    0x080026d0   0x080026d0   0x0000044e   Code   RO          502    .text               stm32f10x_adc.o
    0x08002b1e   0x08002b1e   0x00000002   PAD
    0x08002b20   0x08002b20   0x0000011c   Code   RO          598    .text               stm32f10x_exti.o
    0x08002c3c   0x08002c3c   0x0000035c   Code   RO          634    .text               stm32f10x_gpio.o
    0x08002f98   0x08002f98   0x000003a4   Code   RO          682    .text               stm32f10x_rcc.o
    0x0800333c   0x0800333c   0x00000e1a   Code   RO          732    .text               stm32f10x_tim.o
    0x08004156   0x08004156   0x00000002   PAD
    0x08004158   0x08004158   0x00000408   Code   RO          744    .text               stm32f10x_usart.o
    0x08004560   0x08004560   0x000000b0   Code   RO          771    .text               mf_w.l(fadd.o)
    0x08004610   0x08004610   0x00000064   Code   RO          773    .text               mf_w.l(fmul.o)
    0x08004674   0x08004674   0x0000007c   Code   RO          775    .text               mf_w.l(fdiv.o)
    0x080046f0   0x080046f0   0x0000014e   Code   RO          777    .text               mf_w.l(dadd.o)
    0x0800483e   0x0800483e   0x000000e4   Code   RO          779    .text               mf_w.l(dmul.o)
    0x08004922   0x08004922   0x000000de   Code   RO          781    .text               mf_w.l(ddiv.o)
    0x08004a00   0x08004a00   0x00000012   Code   RO          783    .text               mf_w.l(fflti.o)
    0x08004a12   0x08004a12   0x0000000a   Code   RO          785    .text               mf_w.l(ffltui.o)
    0x08004a1c   0x08004a1c   0x00000022   Code   RO          787    .text               mf_w.l(dflti.o)
    0x08004a3e   0x08004a3e   0x0000001a   Code   RO          789    .text               mf_w.l(dfltui.o)
    0x08004a58   0x08004a58   0x00000032   Code   RO          791    .text               mf_w.l(ffixi.o)
    0x08004a8a   0x08004a8a   0x0000003e   Code   RO          793    .text               mf_w.l(dfixi.o)
    0x08004ac8   0x08004ac8   0x00000032   Code   RO          795    .text               mf_w.l(dfixui.o)
    0x08004afa   0x08004afa   0x00000026   Code   RO          797    .text               mf_w.l(f2d.o)
    0x08004b20   0x08004b20   0x00000030   Code   RO          799    .text               mf_w.l(cdcmple.o)
    0x08004b50   0x08004b50   0x00000038   Code   RO          801    .text               mf_w.l(d2f.o)
    0x08004b88   0x08004b88   0x0000001e   Code   RO          817    .text               mc_w.l(llshl.o)
    0x08004ba6   0x08004ba6   0x00000020   Code   RO          819    .text               mc_w.l(llushr.o)
    0x08004bc6   0x08004bc6   0x00000024   Code   RO          821    .text               mc_w.l(llsshr.o)
    0x08004bea   0x08004bea   0x00000000   Code   RO          823    .text               mc_w.l(iusefp.o)
    0x08004bea   0x08004bea   0x0000006e   Code   RO          824    .text               mf_w.l(fepilogue.o)
    0x08004c58   0x08004c58   0x000000ba   Code   RO          826    .text               mf_w.l(depilogue.o)
    0x08004d12   0x08004d12   0x00000002   PAD
    0x08004d14   0x08004d14   0x00000024   Code   RO          828    .text               mc_w.l(init.o)
    0x08004d38   0x08004d38   0x00000056   Code   RO          838    .text               mc_w.l(__dczerorl2.o)
    0x08004d8e   0x08004d8e   0x0000000e   Code   RO          832    i.__scatterload_copy  mc_w.l(handlers.o)
    0x08004d9c   0x08004d9c   0x00000002   Code   RO          833    i.__scatterload_null  mc_w.l(handlers.o)
    0x08004d9e   0x08004d9e   0x0000000e   Code   RO          834    i.__scatterload_zeroinit  mc_w.l(handlers.o)
    0x08004dac   0x08004dac   0x00000818   Data   RO          396    .constdata          oled.o
    0x080055c4   0x080055c4   0x00000020   Data   RO          830    Region$$Table       anon$$obj.o


    Execution Region RW_IRAM1 (Exec base: 0x20000000, Load base: 0x080055e4, Size: 0x000008d8, Max: 0x00005000, ABSOLUTE, COMPRESSED[0x000001c0])

    Exec Addr    Load Addr    Size         Type   Attr      Idx    E Section Name        Object

    0x20000000   COMPRESSED   0x00000064   Data   RW          105    .data               main.o
    0x20000064   COMPRESSED   0x00000014   Data   RW          212    .data               system_stm32f10x.o
    0x20000078   COMPRESSED   0x00000004   Data   RW          230    .data               delay.o
    0x2000007c   COMPRESSED   0x00000005   Data   RW          261    .data               usart.o
    0x20000081   COMPRESSED   0x00000003   PAD
    0x20000084   COMPRESSED   0x00000004   Data   RW          291    .data               led.o
    0x20000088   COMPRESSED   0x00000004   Data   RW          304    .data               key.o
    0x2000008c   COMPRESSED   0x0000002c   Data   RW          317    .data               control.o
    0x200000b8   COMPRESSED   0x00000380   Data   RW          397    .data               oled.o
    0x20000438   COMPRESSED   0x00000024   Data   RW          429    .data               ps2.o
    0x2000045c   COMPRESSED   0x00000008   Data   RW          447    .data               usart2.o
    0x20000464   COMPRESSED   0x00000010   Data   RW          460    .data               track.o
    0x20000474   COMPRESSED   0x00000014   Data   RW          683    .data               stm32f10x_rcc.o
    0x20000488        -       0x00000040   Zero   RW          260    .bss                usart.o
    0x200004c8        -       0x00000009   Zero   RW          428    .bss                ps2.o
    0x200004d1   COMPRESSED   0x00000007   PAD
    0x200004d8        -       0x00000400   Zero   RW          483    STACK               startup_stm32f10x_md.o


==============================================================================

Image component sizes


      Code (inc. data)   RO Data    RW Data    ZI Data      Debug   Object Name

       260         20          0          0          0       1012   adc.o
       604         96          0         44          0       1980   control.o
         0          0          0          0          0         32   core_cm3.o
       212         18          0          4          0       1099   delay.o
       440         16          0          0          0       1563   encoder.o
        84         12          0          4          0        789   key.o
       100         16          0          4          0        729   led.o
       320         34          0        100          0     216756   main.o
       220         22          0          0          0       1857   misc.o
       388         38          0          0          0       1642   motor.o
      3332        108       2072        896          0      10745   oled.o
      1060         42          0         36          9       3863   ps2.o
       168          8          0          0          0        780   pwm.o
       592         40          0          0          0       1366   sr04.o
        36          8        236          0       1024        808   startup_stm32f10x_md.o
      1102         26          0          0          0      11097   stm32f10x_adc.o
       284         10          0          0          0       2311   stm32f10x_exti.o
       860         38          0          0          0       5789   stm32f10x_gpio.o
        26          0          0          0          0     251050   stm32f10x_it.o
       932         36          0         20          0       8996   stm32f10x_rcc.o
      3610         88          0          0          0      22896   stm32f10x_tim.o
      1032         22          0          0          0       8516   stm32f10x_usart.o
       154          0          0          0          0        613   sys.o
       480         38          0         20          0       1827   system_stm32f10x.o
       120          8          0          0          0        898   timer.o
       404         20          0         16          0       1606   track.o
       292         16          0          5         64       3175   usart.o
       384         28          0          8          0       1593   usart2.o

    ----------------------------------------------------------------------
     17504        808       2340       1160       1104     565388   Object Totals
         0          0         32          0          0          0   (incl. Generated)
         8          0          0          3          7          0   (incl. Padding)

    ----------------------------------------------------------------------

      Code (inc. data)   RO Data    RW Data    ZI Data      Debug   Library Member Name

        86          0          0          0          0          0   __dczerorl2.o
         0          0          0          0          0          0   entry.o
         0          0          0          0          0          0   entry10a.o
         0          0          0          0          0          0   entry11a.o
         8          4          0          0          0          0   entry2.o
         4          0          0          0          0          0   entry5.o
         0          0          0          0          0          0   entry7b.o
         0          0          0          0          0          0   entry8b.o
         8          4          0          0          0          0   entry9a.o
        30          0          0          0          0          0   handlers.o
        36          8          0          0          0         68   init.o
         0          0          0          0          0          0   iusefp.o
        30          0          0          0          0         68   llshl.o
        36          0          0          0          0         68   llsshr.o
        32          0          0          0          0         68   llushr.o
        48          0          0          0          0         68   cdcmple.o
        56          0          0          0          0         88   d2f.o
       334          0          0          0          0        148   dadd.o
       222          0          0          0          0        100   ddiv.o
       186          0          0          0          0        176   depilogue.o
        62          0          0          0          0         80   dfixi.o
        50          0          0          0          0         76   dfixui.o
        34          0          0          0          0         76   dflti.o
        26          0          0          0          0         76   dfltui.o
       228          0          0          0          0         96   dmul.o
        38          0          0          0          0         68   f2d.o
       176          0          0          0          0        140   fadd.o
       124          0          0          0          0         88   fdiv.o
       110          0          0          0          0        168   fepilogue.o
        50          0          0          0          0         68   ffixi.o
        18          0          0          0          0         68   fflti.o
        10          0          0          0          0         68   ffltui.o
       100          0          0          0          0         76   fmul.o

    ----------------------------------------------------------------------
      2144         16          0          0          0       2000   Library Totals
         2          0          0          0          0          0   (incl. Padding)

    ----------------------------------------------------------------------

      Code (inc. data)   RO Data    RW Data    ZI Data      Debug   Library Name

       270         16          0          0          0        272   mc_w.l
      1872          0          0          0          0       1728   mf_w.l

    ----------------------------------------------------------------------
      2144         16          0          0          0       2000   Library Totals

    ----------------------------------------------------------------------

==============================================================================


      Code (inc. data)   RO Data    RW Data    ZI Data      Debug   

     19648        824       2340       1160       1104     564136   Grand Totals
     19648        824       2340        448       1104     564136   ELF Image Totals (compressed)
     19648        824       2340        448          0          0   ROM Totals

==============================================================================

    Total RO  Size (Code + RO Data)                21988 (  21.47kB)
    Total RW  Size (RW Data + ZI Data)              2264 (   2.21kB)
    Total ROM Size (Code + RO Data + RW Data)      22436 (  21.91kB)

==============================================================================

