<html>
<body>
<pre>
<h1>礦ision Build Log</h1>
<h2>Tool Versions:</h2>
IDE-Version: μVision V5.24.2.0
Copyright (C) 2017 ARM Ltd and ARM Germany GmbH. All rights reserved.
License Information: S B, SB, LIC=NQQMA-160M1-010P1-CMEDP-KFD8V-30I13
 
Tool Versions:
Toolchain:       MDK-ARM Plus  Version: 5.24.1
Toolchain Path:  D:\k5 MDK\ARM\ARMCC\Bin
C Compiler:      Armcc.exe V5.06 update 5 (build 528)
Assembler:       Armasm.exe V5.06 update 5 (build 528)
Linker/Locator:  ArmLink.exe V5.06 update 5 (build 528)
Library Manager: ArmAr.exe V5.06 update 5 (build 528)
Hex Converter:   FromElf.exe V5.06 update 5 (build 528)
CPU DLL:         SARMCM3.DLL V5.24.1
Dialog DLL:      DARMSTM.DLL V1.68.0.0
Target DLL:      UL2CM3.DLL V1.160.3.0
Dialog DLL:      TARMSTM.DLL V1.66.0.0
 
<h2>Project:</h2>
D:\大鱼电子-标准版STM32平衡小车资料B41\2、例程代码\标准库例程\B41平衡小车[蓝牙-循迹-避障-手柄遥控]\USER\dayurobot_BIG_balance_car.uvprojx
Project File Date:  12/20/2022

<h2>Output:</h2>
*** Using Compiler 'V5.06 update 5 (build 528)', folder: 'D:\k5 MDK\ARM\ARMCC\Bin'
Build target 'Target 1'
compiling usart.c...
compiling sys.c...
compiling delay.c...
compiling mpuiic.c...
compiling main.c...
compiling control.c...
compiling adc.c...
compiling motor.c...
compiling LED.C...
compiling encoder.c...
compiling pwm.c...
compiling key.c...
compiling oled.c...
compiling mpu6050.c...
compiling exti.c...
compiling inv_mpu.c...
compiling usart2.c...
compiling USB_PlugIn.c...
compiling inv_mpu_dmp_motion_driver.c...
compiling SR04.c...
compiling ps2.c...
linking...
Program Size: Code=37816 RO-data=5808 RW-data=344 ZI-data=1120  
FromELF: creating hex file...
"..\OBJ\standard_balance.axf" - 0 Error(s), 0 Warning(s).

<h2>Software Packages used:</h2>

Package Vendor: Keil
                http://www.keil.com/pack/Keil.STM32F1xx_DFP.2.2.0.pack
                Keil.STM32F1xx_DFP.2.2.0
                STMicroelectronics STM32F1 Series Device Support, Drivers and Examples

<h2>Collection of Component include folders:</h2>
  .\RTE\_Target_1
  D:\k5 MDK\ARM\PACK\Keil\STM32F1xx_DFP\2.2.0\Device\Include

<h2>Collection of Component Files used:</h2>
Build Time Elapsed:  00:00:02
</pre>
</body>
</html>
