Component: ARM Compiler 5.06 update 5 (build 528) Tool: armlink [4d35e2]

==============================================================================

Section Cross References

    main.o(.text) refers to sys.o(.text) for NVIC_Configuration
    main.o(.text) refers to led.o(.text) for LED_Init
    main.o(.text) refers to pwm.o(.text) for TIM1_PWM_Init
    main.o(.text) refers to stm32f10x_tim.o(.text) for TIM_SetCompare1
    main.o(.text) refers to stm32f10x_rcc.o(.text) for RCC_APB2PeriphClockCmd
    main.o(.text) refers to stm32f10x_gpio.o(.text) for GPIO_Init
    system_stm32f10x.o(.text) refers to system_stm32f10x.o(.data) for SystemCoreClock
    delay.o(.text) refers to misc.o(.text) for SysTick_CLKSourceConfig
    delay.o(.text) refers to system_stm32f10x.o(.data) for SystemCoreClock
    delay.o(.text) refers to delay.o(.data) for fac_us
    sys.o(.text) refers to misc.o(.text) for NVIC_PriorityGroupConfig
    usart.o(.text) refers (Special) to use_no_semi_2.o(.text) for __use_no_semihosting
    usart.o(.text) refers to stm32f10x_rcc.o(.text) for RCC_APB2PeriphClockCmd
    usart.o(.text) refers to stm32f10x_gpio.o(.text) for GPIO_Init
    usart.o(.text) refers to stm32f10x_usart.o(.text) for USART_Init
    usart.o(.text) refers to usart.o(.data) for USART_RX_STA
    usart.o(.text) refers to usart.o(.bss) for USART_RX_BUF
    usart.o(.bss) refers (Special) to use_no_semi_2.o(.text) for __use_no_semihosting
    usart.o(.data) refers (Special) to use_no_semi_2.o(.text) for __use_no_semihosting
    led.o(.text) refers to stm32f10x_rcc.o(.text) for RCC_APB2PeriphClockCmd
    led.o(.text) refers to stm32f10x_gpio.o(.text) for GPIO_Init
    led.o(.text) refers to led.o(.data) for temp
    key.o(.text) refers to stm32f10x_rcc.o(.text) for RCC_APB2PeriphClockCmd
    key.o(.text) refers to stm32f10x_gpio.o(.text) for GPIO_Init
    key.o(.text) refers to key.o(.data) for flag_key
    control.o(.text) refers to stm32f10x_gpio.o(.text) for GPIO_ReadInputDataBit
    control.o(.text) refers to stm32f10x_tim.o(.text) for TIM_GetITStatus
    control.o(.text) refers to fflt_clz.o(x$fpl$fflt) for __aeabi_i2f
    control.o(.text) refers to fmul.o(x$fpl$fmul) for __aeabi_fmul
    control.o(.text) refers to faddsub_clz.o(x$fpl$fadd) for __aeabi_fadd
    control.o(.text) refers to ffix.o(x$fpl$ffix) for __aeabi_f2iz
    control.o(.text) refers to faddsub_clz.o(x$fpl$fsub) for __aeabi_fsub
    control.o(.text) refers to frleqf.o(x$fpl$frleqf) for __aeabi_cfrcmple
    control.o(.text) refers to fleqf.o(x$fpl$fleqf) for __aeabi_cfcmple
    control.o(.text) refers to fdiv.o(x$fpl$fdiv) for __aeabi_fdiv
    control.o(.text) refers to control.o(.data) for sensor
    control.o(.text) refers to main.o(.data) for distanceL
    encoder.o(.text) refers to stm32f10x_rcc.o(.text) for RCC_APB1PeriphClockCmd
    encoder.o(.text) refers to stm32f10x_gpio.o(.text) for GPIO_Init
    encoder.o(.text) refers to stm32f10x_tim.o(.text) for TIM_TimeBaseStructInit
    motor.o(.text) refers to stm32f10x_rcc.o(.text) for RCC_APB2PeriphClockCmd
    motor.o(.text) refers to stm32f10x_gpio.o(.text) for GPIO_Init
    motor.o(.text) refers to f2d.o(x$fpl$f2d) for __aeabi_f2d
    motor.o(.text) refers to dleqf.o(x$fpl$dleqf) for __aeabi_cdcmple
    motor.o(.text) refers to main.o(.data) for Moto1
    pwm.o(.text) refers to stm32f10x_rcc.o(.text) for RCC_APB2PeriphClockCmd
    pwm.o(.text) refers to stm32f10x_gpio.o(.text) for GPIO_Init
    pwm.o(.text) refers to stm32f10x_tim.o(.text) for TIM_TimeBaseInit
    usart3.o(.text) refers to stm32f10x_rcc.o(.text) for RCC_APB2PeriphClockCmd
    usart3.o(.text) refers to stm32f10x_gpio.o(.text) for GPIO_Init
    usart3.o(.text) refers to stm32f10x_usart.o(.text) for USART_Init
    usart3.o(.text) refers to main.o(.data) for dat2
    adc.o(.text) refers to stm32f10x_rcc.o(.text) for RCC_APB2PeriphClockCmd
    adc.o(.text) refers to stm32f10x_gpio.o(.text) for GPIO_Init
    adc.o(.text) refers to stm32f10x_adc.o(.text) for ADC_DeInit
    adc.o(.text) refers to dflt_clz.o(x$fpl$dfltu) for __aeabi_ui2d
    adc.o(.text) refers to dmul.o(x$fpl$dmul) for __aeabi_dmul
    adc.o(.text) refers to ddiv.o(x$fpl$ddiv) for __aeabi_ddiv
    adc.o(.text) refers to d2f.o(x$fpl$d2f) for __aeabi_d2f
    ultrasonicwave.o(.text) refers to stm32f10x_rcc.o(.text) for RCC_APB2PeriphClockCmd
    ultrasonicwave.o(.text) refers to stm32f10x_gpio.o(.text) for GPIO_Init
    ultrasonicwave.o(.text) refers to stm32f10x_exti.o(.text) for EXTI_Init
    ultrasonicwave.o(.text) refers to delay.o(.text) for delay_us
    ultrasonicwave.o(.text) refers to stm32f10x_tim.o(.text) for TIM_SetCounter
    ultrasonicwave.o(.text) refers to dflt_clz.o(x$fpl$dfltu) for __aeabi_ui2d
    ultrasonicwave.o(.text) refers to dmul.o(x$fpl$dmul) for __aeabi_dmul
    ultrasonicwave.o(.text) refers to d2f.o(x$fpl$d2f) for __aeabi_d2f
    ultrasonicwave.o(.text) refers to main.o(.data) for UltrasonicWave_Distance
[...]
    exit.o(.text) refers to rtexit.o(.ARM.Collect$$rtexit$$00000000) for __rt_exit
    libinit.o(.ARM.Collect$$libinit$$00000000) refers (Special) to libinit2.o(.ARM.Collect$$libinit$$0000002E) for __rt_lib_init_alloca_1
    libinit.o(.ARM.Collect$$libinit$$00000000) refers (Special) to libinit2.o(.ARM.Collect$$libinit$$0000002C) for __rt_lib_init_argv_1
    libinit.o(.ARM.Collect$$libinit$$00000000) refers (Special) to libinit2.o(.ARM.Collect$$libinit$$0000001B) for __rt_lib_init_atexit_1
    libinit.o(.ARM.Collect$$libinit$$00000000) refers (Special) to libinit2.o(.ARM.Collect$$libinit$$00000021) for __rt_lib_init_clock_1
    libinit.o(.ARM.Collect$$libinit$$00000000) refers (Special) to libinit2.o(.ARM.Collect$$libinit$$00000032) for __rt_lib_init_cpp_1
    libinit.o(.ARM.Collect$$libinit$$00000000) refers (Special) to libinit2.o(.ARM.Collect$$libinit$$00000030) for __rt_lib_init_exceptions_1
    libinit.o(.ARM.Collect$$libinit$$00000000) refers (Special) to libinit2.o(.ARM.Collect$$libinit$$00000002) for __rt_lib_init_fp_1
    libinit.o(.ARM.Collect$$libinit$$00000000) refers (Special) to libinit2.o(.ARM.Collect$$libinit$$0000001F) for __rt_lib_init_fp_trap_1
    libinit.o(.ARM.Collect$$libinit$$00000000) refers (Special) to libinit2.o(.ARM.Collect$$libinit$$00000023) for __rt_lib_init_getenv_1
    libinit.o(.ARM.Collect$$libinit$$00000000) refers (Special) to libinit2.o(.ARM.Collect$$libinit$$0000000A) for __rt_lib_init_heap_1
    libinit.o(.ARM.Collect$$libinit$$00000000) refers (Special) to libinit2.o(.ARM.Collect$$libinit$$00000011) for __rt_lib_init_lc_collate_1
    libinit.o(.ARM.Collect$$libinit$$00000000) refers (Special) to libinit2.o(.ARM.Collect$$libinit$$00000013) for __rt_lib_init_lc_ctype_1
    libinit.o(.ARM.Collect$$libinit$$00000000) refers (Special) to libinit2.o(.ARM.Collect$$libinit$$00000015) for __rt_lib_init_lc_monetary_1
    libinit.o(.ARM.Collect$$libinit$$00000000) refers (Special) to libinit2.o(.ARM.Collect$$libinit$$00000017) for __rt_lib_init_lc_numeric_1
    libinit.o(.ARM.Collect$$libinit$$00000000) refers (Special) to libinit2.o(.ARM.Collect$$libinit$$00000019) for __rt_lib_init_lc_time_1
    libinit.o(.ARM.Collect$$libinit$$00000000) refers (Special) to libinit2.o(.ARM.Collect$$libinit$$00000004) for __rt_lib_init_preinit_1
    libinit.o(.ARM.Collect$$libinit$$00000000) refers (Special) to libinit2.o(.ARM.Collect$$libinit$$0000000E) for __rt_lib_init_rand_1
    libinit.o(.ARM.Collect$$libinit$$00000000) refers (Special) to libinit2.o(.ARM.Collect$$libinit$$00000033) for __rt_lib_init_return
    libinit.o(.ARM.Collect$$libinit$$00000000) refers (Special) to libinit2.o(.ARM.Collect$$libinit$$0000001D) for __rt_lib_init_signal_1
    libinit.o(.ARM.Collect$$libinit$$00000000) refers (Special) to libinit2.o(.ARM.Collect$$libinit$$00000025) for __rt_lib_init_stdio_1
    libinit.o(.ARM.Collect$$libinit$$00000000) refers (Special) to libinit2.o(.ARM.Collect$$libinit$$0000000C) for __rt_lib_init_user_alloc_1
    libspace.o(.text) refers to libspace.o(.bss) for __libspace_start
    rtexit.o(.ARM.Collect$$rtexit$$00000000) refers (Special) to rtexit2.o(.ARM.Collect$$rtexit$$00000004) for __rt_exit_exit
    rtexit.o(.ARM.Collect$$rtexit$$00000000) refers (Special) to rtexit2.o(.ARM.Collect$$rtexit$$00000003) for __rt_exit_ls
    rtexit.o(.ARM.Collect$$rtexit$$00000000) refers (Special) to rtexit2.o(.ARM.Collect$$rtexit$$00000002) for __rt_exit_prels_1
    rtexit.o(.ARM.exidx) refers (Special) to rtexit2.o(.ARM.Collect$$rtexit$$00000004) for __rt_exit_exit
    rtexit.o(.ARM.exidx) refers (Special) to rtexit2.o(.ARM.Collect$$rtexit$$00000003) for __rt_exit_ls
    rtexit.o(.ARM.exidx) refers (Special) to rtexit2.o(.ARM.Collect$$rtexit$$00000002) for __rt_exit_prels_1
    rtexit.o(.ARM.exidx) refers to rtexit.o(.ARM.Collect$$rtexit$$00000000) for .ARM.Collect$$rtexit$$00000000
    libinit2.o(.ARM.Collect$$libinit$$00000010) refers to libinit2.o(.ARM.Collect$$libinit$$0000000F) for .ARM.Collect$$libinit$$0000000F
    libinit2.o(.ARM.Collect$$libinit$$00000012) refers to libinit2.o(.ARM.Collect$$libinit$$0000000F) for .ARM.Collect$$libinit$$0000000F
    libinit2.o(.ARM.Collect$$libinit$$00000014) refers to libinit2.o(.ARM.Collect$$libinit$$0000000F) for .ARM.Collect$$libinit$$0000000F
    libinit2.o(.ARM.Collect$$libinit$$00000016) refers to libinit2.o(.ARM.Collect$$libinit$$0000000F) for .ARM.Collect$$libinit$$0000000F
    libinit2.o(.ARM.Collect$$libinit$$00000018) refers to libinit2.o(.ARM.Collect$$libinit$$0000000F) for .ARM.Collect$$libinit$$0000000F
    libinit2.o(.ARM.Collect$$libinit$$00000026) refers to argv_veneer.o(.emb_text) for __ARM_argv_veneer
    libinit2.o(.ARM.Collect$$libinit$$00000027) refers to argv_veneer.o(.emb_text) for __ARM_argv_veneer
    rtexit2.o(.ARM.Collect$$rtexit$$00000003) refers to libshutdown.o(.ARM.Collect$$libshutdown$$00000000) for __rt_lib_shutdown
    rtexit2.o(.ARM.Collect$$rtexit$$00000004) refers to usart.o(.text) for _sys_exit
    rtexit2.o(.ARM.exidx) refers to rtexit2.o(.ARM.Collect$$rtexit$$00000001) for .ARM.Collect$$rtexit$$00000001
    rtexit2.o(.ARM.exidx) refers to rtexit2.o(.ARM.Collect$$rtexit$$00000003) for .ARM.Collect$$rtexit$$00000003
    rtexit2.o(.ARM.exidx) refers to rtexit2.o(.ARM.Collect$$rtexit$$00000004) for .ARM.Collect$$rtexit$$00000004
    argv_veneer.o(.emb_text) refers to no_argv.o(.text) for __ARM_get_argv
    _get_argv_nomalloc.o(.text) refers (Special) to hrguard.o(.text) for __heap_region$guard
    _get_argv_nomalloc.o(.text) refers to defsig_rtmem_outer.o(.text) for __rt_SIGRTMEM
    _get_argv_nomalloc.o(.text) refers to sys_command.o(.text) for _sys_command_string
    libshutdown.o(.ARM.Collect$$libshutdown$$00000000) refers (Special) to libshutdown2.o(.ARM.Collect$$libshutdown$$00000002) for __rt_lib_shutdown_cpp_1
    libshutdown.o(.ARM.Collect$$libshutdown$$00000000) refers (Special) to libshutdown2.o(.ARM.Collect$$libshutdown$$00000007) for __rt_lib_shutdown_fp_trap_1
    libshutdown.o(.ARM.Collect$$libshutdown$$00000000) refers (Special) to libshutdown2.o(.ARM.Collect$$libshutdown$$0000000F) for __rt_lib_shutdown_heap_1
    libshutdown.o(.ARM.Collect$$libshutdown$$00000000) refers (Special) to libshutdown2.o(.ARM.Collect$$libshutdown$$00000010) for __rt_lib_shutdown_return
    libshutdown.o(.ARM.Collect$$libshutdown$$00000000) refers (Special) to libshutdown2.o(.ARM.Collect$$libshutdown$$0000000A) for __rt_lib_shutdown_signal_1
    libshutdown.o(.ARM.Collect$$libshutdown$$00000000) refers (Special) to libshutdown2.o(.ARM.Collect$$libshutdown$$00000004) for __rt_lib_shutdown_stdio_1
    libshutdown.o(.ARM.Collect$$libshutdown$$00000000) refers (Special) to libshutdown2.o(.ARM.Collect$$libshutdown$$0000000C) for __rt_lib_shutdown_user_alloc_1
    sys_command.o(.text) refers (Special) to use_no_semi.o(.text) for __I$use$semihosting
    sys_command.o(.text) refers (Special) to indicate_semi.o(.text) for __semihosting_library_function
    defsig_rtmem_outer.o(.text) refers to defsig_rtmem_inner.o(.text) for __rt_SIGRTMEM_inner
    defsig_rtmem_outer.o(.text) refers to defsig_exit.o(.text) for __sig_exit
    defsig_rtmem_formal.o(.text) refers to rt_raise.o(.text) for __rt_raise
    rt_raise.o(.text) refers to __raise.o(.text) for __raise
    rt_raise.o(.text) refers to usart.o(.text) for _sys_exit
    defsig_exit.o(.text) refers to usart.o(.text) for _sys_exit
    defsig_rtmem_inner.o(.text) refers to defsig_general.o(.text) for __default_signal_display
    __raise.o(.text) refers to defsig.o(CL$$defsig) for __default_signal_handler
    defsig_general.o(.text) refers to sys_wrch.o(.text) for _ttywrch
    sys_wrch.o(.text) refers (Special) to use_no_semi.o(.text) for __I$use$semihosting
    sys_wrch.o(.text) refers (Special) to indicate_semi.o(.text) for __semihosting_library_function
    defsig.o(CL$$defsig) refers to defsig_rtmem_inner.o(.text) for __rt_SIGRTMEM_inner
    defsig_abrt_inner.o(.text) refers to defsig_general.o(.text) for __default_signal_display
    defsig_fpe_inner.o(.text) refers to defsig_general.o(.text) for __default_signal_display
    defsig_rtred_inner.o(.text) refers to defsig_general.o(.text) for __default_signal_display
    defsig_stak_inner.o(.text) refers to defsig_general.o(.text) for __default_signal_display
    defsig_pvfn_inner.o(.text) refers to defsig_general.o(.text) for __default_signal_display
    defsig_cppl_inner.o(.text) refers to defsig_general.o(.text) for __default_signal_display
    defsig_segv_inner.o(.text) refers to defsig_general.o(.text) for __default_signal_display
    defsig_other.o(.text) refers to defsig_general.o(.text) for __default_signal_display


==============================================================================

Removing Unused input sections from the image.

    Removing core_cm3.o(.emb_text), (32 bytes).
    Removing key.o(.text), (80 bytes).
    Removing key.o(.data), (1 bytes).
    Removing motor.o(.text), (296 bytes).
    Removing adc.o(.text), (260 bytes).
    Removing timer.o(.text), (64 bytes).
    Removing pstwo.o(.text), (1036 bytes).
    Removing pstwo.o(.bss), (9 bytes).
    Removing pstwo.o(.data), (36 bytes).
    Removing oled.o(.text), (3308 bytes).
    Removing oled.o(.constdata), (2072 bytes).
    Removing oled.o(.data), (896 bytes).
    Removing stm32f10x_adc.o(.text), (1102 bytes).
    Removing stm32f10x_bkp.o(.text), (196 bytes).
    Removing stm32f10x_can.o(.text), (2544 bytes).
    Removing stm32f10x_cec.o(.text), (288 bytes).
    Removing stm32f10x_crc.o(.text), (72 bytes).
    Removing stm32f10x_dac.o(.text), (396 bytes).
    Removing stm32f10x_dbgmcu.o(.text), (48 bytes).
    Removing stm32f10x_dma.o(.text), (596 bytes).
    Removing stm32f10x_flash.o(.text), (1468 bytes).
    Removing stm32f10x_fsmc.o(.text), (1548 bytes).
    Removing stm32f10x_i2c.o(.text), (1028 bytes).
    Removing stm32f10x_iwdg.o(.text), (64 bytes).
    Removing stm32f10x_pwr.o(.text), (204 bytes).
    Removing stm32f10x_rtc.o(.text), (328 bytes).
    Removing stm32f10x_sdio.o(.text), (468 bytes).
    Removing stm32f10x_spi.o(.text), (780 bytes).
    Removing stm32f10x_wwdg.o(.text), (136 bytes).

29 unused section(s) (total 19356 bytes) removed from the image.

==============================================================================

Image Symbol Table

    Local Symbols

    Symbol Name                              Value     Ov Type        Size  Object(Section)

    ../clib/angel/boardlib.s                 0x00000000   Number         0  boardinit1.o ABSOLUTE
    ../clib/angel/boardlib.s                 0x00000000   Number         0  boardinit2.o ABSOLUTE
    ../clib/angel/boardlib.s                 0x00000000   Number         0  boardinit3.o ABSOLUTE
    ../clib/angel/boardlib.s                 0x00000000   Number         0  boardshut.o ABSOLUTE
    ../clib/angel/handlers.s                 0x00000000   Number         0  __scatter_zi.o ABSOLUTE
    ../clib/angel/handlers.s                 0x00000000   Number         0  __scatter_copy.o ABSOLUTE
    ../clib/angel/kernel.s                   0x00000000   Number         0  __rtentry2.o ABSOLUTE
    ../clib/angel/kernel.s                   0x00000000   Number         0  rtexit2.o ABSOLUTE
    ../clib/angel/kernel.s                   0x00000000   Number         0  __rtentry4.o ABSOLUTE
    ../clib/angel/kernel.s                   0x00000000   Number         0  rtexit.o ABSOLUTE
    ../clib/angel/kernel.s                   0x00000000   Number         0  __rtentry.o ABSOLUTE
    ../clib/angel/rt.s                       0x00000000   Number         0  rt_raise.o ABSOLUTE
    ../clib/angel/scatter.s                  0x00000000   Number         0  __scatter.o ABSOLUTE
    ../clib/angel/startup.s                  0x00000000   Number         0  __main.o ABSOLUTE
    ../clib/angel/sys.s                      0x00000000   Number         0  indicate_semi.o ABSOLUTE
    ../clib/angel/sys.s                      0x00000000   Number         0  use_no_semi_2.o ABSOLUTE
    ../clib/angel/sys.s                      0x00000000   Number         0  libspace.o ABSOLUTE
    ../clib/angel/sys.s                      0x00000000   Number         0  sys_stackheap_outer.o ABSOLUTE
    ../clib/angel/sys.s                      0x00000000   Number         0  use_no_semi.o ABSOLUTE
    ../clib/angel/sysapp.c                   0x00000000   Number         0  sys_command.o ABSOLUTE
    ../clib/angel/sysapp.c                   0x00000000   Number         0  sys_wrch.o ABSOLUTE
    ../clib/armsys.c                         0x00000000   Number         0  argv_veneer.o ABSOLUTE
    ../clib/armsys.c                         0x00000000   Number         0  _get_argv_nomalloc.o ABSOLUTE
    ../clib/armsys.c                         0x00000000   Number         0  no_argv.o ABSOLUTE
    ../clib/armsys.c                         0x00000000   Number         0  argv_veneer.o ABSOLUTE
    ../clib/heapalloc.c                      0x00000000   Number         0  hrguard.o ABSOLUTE
    ../clib/heapaux.c                        0x00000000   Number         0  heapauxi.o ABSOLUTE
    ../clib/libinit.s                        0x00000000   Number         0  libshutdown.o ABSOLUTE
    ../clib/libinit.s                        0x00000000   Number         0  libinit.o ABSOLUTE
    ../clib/libinit.s                        0x00000000   Number         0  libinit2.o ABSOLUTE
    ../clib/libinit.s                        0x00000000   Number         0  libshutdown2.o ABSOLUTE
    ../clib/signal.c                         0x00000000   Number         0  defsig_cppl_inner.o ABSOLUTE
    ../clib/signal.c                         0x00000000   Number         0  defsig_general.o ABSOLUTE
    ../clib/signal.c                         0x00000000   Number         0  defsig_pvfn_inner.o ABSOLUTE
    ../clib/signal.c                         0x00000000   Number         0  defsig_stak_inner.o ABSOLUTE
    ../clib/signal.c                         0x00000000   Number         0  defsig_rtred_inner.o ABSOLUTE
    ../clib/signal.c                         0x00000000   Number         0  defsig_fpe_inner.o ABSOLUTE
    ../clib/signal.c                         0x00000000   Number         0  defsig_abrt_inner.o ABSOLUTE
    ../clib/signal.c                         0x00000000   Number         0  __raise.o ABSOLUTE
    ../clib/signal.c                         0x00000000   Number         0  defsig_rtmem_inner.o ABSOLUTE
    ../clib/signal.c                         0x00000000   Number         0  defsig_exit.o ABSOLUTE
    ../clib/signal.c                         0x00000000   Number         0  defsig_rtmem_outer.o ABSOLUTE
    ../clib/signal.c                         0x00000000   Number         0  defsig_rtmem_formal.o ABSOLUTE
    ../clib/signal.c                         0x00000000   Number         0  defsig_other.o ABSOLUTE
    ../clib/signal.c                         0x00000000   Number         0  defsig_segv_inner.o ABSOLUTE
    ../clib/signal.s                         0x00000000   Number         0  defsig.o ABSOLUTE
    ../clib/stdlib.c                         0x00000000   Number         0  exit.o ABSOLUTE
    ../fplib/d2f.s                           0x00000000   Number         0  d2f.o ABSOLUTE
    ../fplib/daddsub.s                       0x00000000   Number         0  daddsub_clz.o ABSOLUTE
    ../fplib/dcmpi.s                         0x00000000   Number         0  dcmpi.o ABSOLUTE
    ../fplib/ddiv.s                          0x00000000   Number         0  ddiv.o ABSOLUTE
    ../fplib/dfix.s                          0x00000000   Number         0  dfix.o ABSOLUTE
    ../fplib/dfixu.s                         0x00000000   Number         0  dfixu.o ABSOLUTE
    ../fplib/dflt.s                          0x00000000   Number         0  dflt_clz.o ABSOLUTE
    ../fplib/dleqf.s                         0x00000000   Number         0  dleqf.o ABSOLUTE
    ../fplib/dmul.s                          0x00000000   Number         0  dmul.o ABSOLUTE
    ../fplib/dnaninf.s                       0x00000000   Number         0  dnaninf.o ABSOLUTE
    ../fplib/dretinf.s                       0x00000000   Number         0  dretinf.o ABSOLUTE
    ../fplib/f2d.s                           0x00000000   Number         0  f2d.o ABSOLUTE
    ../fplib/faddsub.s                       0x00000000   Number         0  faddsub_clz.o ABSOLUTE
    ../fplib/fcmpi.s                         0x00000000   Number         0  fcmpi.o ABSOLUTE
    ../fplib/fdiv.s                          0x00000000   Number         0  fdiv.o ABSOLUTE
    ../fplib/ffix.s                          0x00000000   Number         0  ffix.o ABSOLUTE
    ../fplib/fflt.s                          0x00000000   Number         0  fflt_clz.o ABSOLUTE
    ../fplib/fleqf.s                         0x00000000   Number         0  fleqf.o ABSOLUTE
    ../fplib/fmul.s                          0x00000000   Number         0  fmul.o ABSOLUTE
    ../fplib/fnaninf.s                       0x00000000   Number         0  fnaninf.o ABSOLUTE
    ../fplib/fpinit.s                        0x00000000   Number         0  fpinit.o ABSOLUTE
    ../fplib/fretinf.s                       0x00000000   Number         0  fretinf.o ABSOLUTE
    ../fplib/frleqf.s                        0x00000000   Number         0  frleqf.o ABSOLUTE
    ../fplib/usenofp.s                       0x00000000   Number         0  usenofp.o ABSOLUTE
    ..\CORE\startup_stm32f10x_md.s           0x00000000   Number         0  startup_stm32f10x_md.o ABSOLUTE
    ..\HARDWARE\ADC\adc.c                    0x00000000   Number         0  adc.o ABSOLUTE
    ..\HARDWARE\ENCODER\encoder.c            0x00000000   Number         0  encoder.o ABSOLUTE
    ..\HARDWARE\KEY\key.c                    0x00000000   Number         0  key.o ABSOLUTE
    ..\HARDWARE\LED\LED.C                    0x00000000   Number         0  led.o ABSOLUTE
    ..\HARDWARE\MOTOR\motor.c                0x00000000   Number         0  motor.o ABSOLUTE
    ..\HARDWARE\OLED\oled.c                  0x00000000   Number         0  oled.o ABSOLUTE
    ..\HARDWARE\PS2\pstwo.c                  0x00000000   Number         0  pstwo.o ABSOLUTE
    ..\HARDWARE\PWM\pwm.c                    0x00000000   Number         0  pwm.o ABSOLUTE
    ..\HARDWARE\TIMER\timer.c                0x00000000   Number         0  timer.o ABSOLUTE
    ..\HARDWARE\USART3\usart3.c              0x00000000   Number         0  usart3.o ABSOLUTE
    ..\HARDWARE\UltrasonicWave\UltrasonicWave.c 0x00000000   Number         0  ultrasonicwave.o ABSOLUTE
    ..\HARDWARE\control\control.c            0x00000000   Number         0  control.o ABSOLUTE
    ..\STM32F10x_FWLib\src\misc.c            0x00000000   Number         0  misc.o ABSOLUTE
    ..\STM32F10x_FWLib\src\stm32f10x_adc.c   0x00000000   Number         0  stm32f10x_adc.o ABSOLUTE
    ..\STM32F10x_FWLib\src\stm32f10x_bkp.c   0x00000000   Number         0  stm32f10x_bkp.o ABSOLUTE
    ..\STM32F10x_FWLib\src\stm32f10x_can.c   0x00000000   Number         0  stm32f10x_can.o ABSOLUTE
    ..\STM32F10x_FWLib\src\stm32f10x_cec.c   0x00000000   Number         0  stm32f10x_cec.o ABSOLUTE
    ..\STM32F10x_FWLib\src\stm32f10x_crc.c   0x00000000   Number         0  stm32f10x_crc.o ABSOLUTE
    ..\STM32F10x_FWLib\src\stm32f10x_dac.c   0x00000000   Number         0  stm32f10x_dac.o ABSOLUTE
    ..\STM32F10x_FWLib\src\stm32f10x_dbgmcu.c 0x00000000   Number         0  stm32f10x_dbgmcu.o ABSOLUTE
    ..\STM32F10x_FWLib\src\stm32f10x_dma.c   0x00000000   Number         0  stm32f10x_dma.o ABSOLUTE
    ..\STM32F10x_FWLib\src\stm32f10x_exti.c  0x00000000   Number         0  stm32f10x_exti.o ABSOLUTE
    ..\STM32F10x_FWLib\src\stm32f10x_flash.c 0x00000000   Number         0  stm32f10x_flash.o ABSOLUTE
    ..\STM32F10x_FWLib\src\stm32f10x_fsmc.c  0x00000000   Number         0  stm32f10x_fsmc.o ABSOLUTE
    ..\STM32F10x_FWLib\src\stm32f10x_gpio.c  0x00000000   Number         0  stm32f10x_gpio.o ABSOLUTE
    ..\STM32F10x_FWLib\src\stm32f10x_i2c.c   0x00000000   Number         0  stm32f10x_i2c.o ABSOLUTE
    ..\STM32F10x_FWLib\src\stm32f10x_iwdg.c  0x00000000   Number         0  stm32f10x_iwdg.o ABSOLUTE
    ..\STM32F10x_FWLib\src\stm32f10x_pwr.c   0x00000000   Number         0  stm32f10x_pwr.o ABSOLUTE
    ..\STM32F10x_FWLib\src\stm32f10x_rcc.c   0x00000000   Number         0  stm32f10x_rcc.o ABSOLUTE
    ..\STM32F10x_FWLib\src\stm32f10x_rtc.c   0x00000000   Number         0  stm32f10x_rtc.o ABSOLUTE
    ..\STM32F10x_FWLib\src\stm32f10x_sdio.c  0x00000000   Number         0  stm32f10x_sdio.o ABSOLUTE
    ..\STM32F10x_FWLib\src\stm32f10x_spi.c   0x00000000   Number         0  stm32f10x_spi.o ABSOLUTE
    ..\STM32F10x_FWLib\src\stm32f10x_tim.c   0x00000000   Number         0  stm32f10x_tim.o ABSOLUTE
    ..\STM32F10x_FWLib\src\stm32f10x_usart.c 0x00000000   Number         0  stm32f10x_usart.o ABSOLUTE
    ..\STM32F10x_FWLib\src\stm32f10x_wwdg.c  0x00000000   Number         0  stm32f10x_wwdg.o ABSOLUTE
    ..\SYSTEM\delay\delay.c                  0x00000000   Number         0  delay.o ABSOLUTE
    ..\SYSTEM\sys\core_cm3.c                 0x00000000   Number         0  core_cm3.o ABSOLUTE
    ..\SYSTEM\sys\sys.c                      0x00000000   Number         0  sys.o ABSOLUTE
    ..\SYSTEM\usart\usart.c                  0x00000000   Number         0  usart.o ABSOLUTE
    ..\\SYSTEM\\sys\\core_cm3.c              0x00000000   Number         0  core_cm3.o ABSOLUTE
    dc.s                                     0x00000000   Number         0  dc.o ABSOLUTE
    main.c                                   0x00000000   Number         0  main.o ABSOLUTE
    stm32f10x_it.c                           0x00000000   Number         0  stm32f10x_it.o ABSOLUTE
    system_stm32f10x.c                       0x00000000   Number         0  system_stm32f10x.o ABSOLUTE
    RESET                                    0x08000000   Section      236  startup_stm32f10x_md.o(RESET)
    !!!main                                  0x080000ec   Section        8  __main.o(!!!main)
    !!!scatter                               0x080000f4   Section       52  __scatter.o(!!!scatter)
    !!handler_copy                           0x08000128   Section       26  __scatter_copy.o(!!handler_copy)
    !!handler_zi                             0x08000144   Section       28  __scatter_zi.o(!!handler_zi)
    .ARM.Collect$$libinit$$00000000          0x08000160   Section        2  libinit.o(.ARM.Collect$$libinit$$00000000)
    .ARM.Collect$$libinit$$00000002          0x08000162   Section        0  libinit2.o(.ARM.Collect$$libinit$$00000002)
    .ARM.Collect$$libinit$$00000004          0x08000162   Section        0  libinit2.o(.ARM.Collect$$libinit$$00000004)
    .ARM.Collect$$libinit$$0000000A          0x08000162   Section        0  libinit2.o(.ARM.Collect$$libinit$$0000000A)
    .ARM.Collect$$libinit$$0000000C          0x08000162   Section        0  libinit2.o(.ARM.Collect$$libinit$$0000000C)
    .ARM.Collect$$libinit$$0000000E          0x08000162   Section        0  libinit2.o(.ARM.Collect$$libinit$$0000000E)
    .ARM.Collect$$libinit$$00000011          0x08000162   Section        0  libinit2.o(.ARM.Collect$$libinit$$00000011)
    .ARM.Collect$$libinit$$00000013          0x08000162   Section        0  libinit2.o(.ARM.Collect$$libinit$$00000013)
    .ARM.Collect$$libinit$$00000015          0x08000162   Section        0  libinit2.o(.ARM.Collect$$libinit$$00000015)
    .ARM.Collect$$libinit$$00000017          0x08000162   Section        0  libinit2.o(.ARM.Collect$$libinit$$00000017)
    .ARM.Collect$$libinit$$00000019          0x08000162   Section        0  libinit2.o(.ARM.Collect$$libinit$$00000019)
    .ARM.Collect$$libinit$$0000001B          0x08000162   Section        0  libinit2.o(.ARM.Collect$$libinit$$0000001B)
    .ARM.Collect$$libinit$$0000001D          0x08000162   Section        0  libinit2.o(.ARM.Collect$$libinit$$0000001D)
    .ARM.Collect$$libinit$$0000001F          0x08000162   Section        0  libinit2.o(.ARM.Collect$$libinit$$0000001F)
    .ARM.Collect$$libinit$$00000021          0x08000162   Section        0  libinit2.o(.ARM.Collect$$libinit$$00000021)
    .ARM.Collect$$libinit$$00000023          0x08000162   Section        0  libinit2.o(.ARM.Collect$$libinit$$00000023)
    .ARM.Collect$$libinit$$00000025          0x08000162   Section        0  libinit2.o(.ARM.Collect$$libinit$$00000025)
    .ARM.Collect$$libinit$$0000002C          0x08000162   Section        0  libinit2.o(.ARM.Collect$$libinit$$0000002C)
    .ARM.Collect$$libinit$$0000002E          0x08000162   Section        0  libinit2.o(.ARM.Collect$$libinit$$0000002E)
    .ARM.Collect$$libinit$$00000030          0x08000162   Section        0  libinit2.o(.ARM.Collect$$libinit$$00000030)
    .ARM.Collect$$libinit$$00000032          0x08000162   Section        0  libinit2.o(.ARM.Collect$$libinit$$00000032)
    .ARM.Collect$$libinit$$00000033          0x08000162   Section        2  libinit2.o(.ARM.Collect$$libinit$$00000033)
    .ARM.Collect$$libshutdown$$00000000      0x08000164   Section        2  libshutdown.o(.ARM.Collect$$libshutdown$$00000000)
    .ARM.Collect$$libshutdown$$00000002      0x08000166   Section        0  libshutdown2.o(.ARM.Collect$$libshutdown$$00000002)
    .ARM.Collect$$libshutdown$$00000004      0x08000166   Section        0  libshutdown2.o(.ARM.Collect$$libshutdown$$00000004)
    .ARM.Collect$$libshutdown$$00000007      0x08000166   Section        0  libshutdown2.o(.ARM.Collect$$libshutdown$$00000007)
    .ARM.Collect$$libshutdown$$0000000A      0x08000166   Section        0  libshutdown2.o(.ARM.Collect$$libshutdown$$0000000A)
    .ARM.Collect$$libshutdown$$0000000C      0x08000166   Section        0  libshutdown2.o(.ARM.Collect$$libshutdown$$0000000C)
    .ARM.Collect$$libshutdown$$0000000F      0x08000166   Section        0  libshutdown2.o(.ARM.Collect$$libshutdown$$0000000F)
    .ARM.Collect$$libshutdown$$00000010      0x08000166   Section        2  libshutdown2.o(.ARM.Collect$$libshutdown$$00000010)
    .ARM.Collect$$rtentry$$00000000          0x08000168   Section        0  __rtentry.o(.ARM.Collect$$rtentry$$00000000)
    .ARM.Collect$$rtentry$$00000002          0x08000168   Section        0  __rtentry2.o(.ARM.Collect$$rtentry$$00000002)
    .ARM.Collect$$rtentry$$00000004          0x08000168   Section        6  __rtentry4.o(.ARM.Collect$$rtentry$$00000004)
    .ARM.Collect$$rtentry$$00000009          0x0800016e   Section        0  __rtentry2.o(.ARM.Collect$$rtentry$$00000009)
    .ARM.Collect$$rtentry$$0000000A          0x0800016e   Section        4  __rtentry2.o(.ARM.Collect$$rtentry$$0000000A)
    .ARM.Collect$$rtentry$$0000000C          0x08000172   Section        0  __rtentry2.o(.ARM.Collect$$rtentry$$0000000C)
    .ARM.Collect$$rtentry$$0000000D          0x08000172   Section        8  __rtentry2.o(.ARM.Collect$$rtentry$$0000000D)
    .ARM.Collect$$rtexit$$00000000           0x0800017a   Section        2  rtexit.o(.ARM.Collect$$rtexit$$00000000)
    .ARM.Collect$$rtexit$$00000002           0x0800017c   Section        0  rtexit2.o(.ARM.Collect$$rtexit$$00000002)
    .ARM.Collect$$rtexit$$00000003           0x0800017c   Section        4  rtexit2.o(.ARM.Collect$$rtexit$$00000003)
    .ARM.Collect$$rtexit$$00000004           0x08000180   Section        6  rtexit2.o(.ARM.Collect$$rtexit$$00000004)
    .text                                    0x08000186   Section        0  stm32f10x_it.o(.text)
    .text                                    0x080001a0   Section        0  main.o(.text)
    .text                                    0x08000208   Section        0  system_stm32f10x.o(.text)
    SetSysClockTo72                          0x08000209   Thumb Code   214  system_stm32f10x.o(.text)
    SetSysClock                              0x080002df   Thumb Code     8  system_stm32f10x.o(.text)
    .text                                    0x080003e8   Section        0  delay.o(.text)
    .text                                    0x080004bc   Section        0  sys.o(.text)
    .text                                    0x08000538   Section        0  usart.o(.text)
    .text                                    0x0800065c   Section        0  led.o(.text)
    .text                                    0x080006c0   Section        0  control.o(.text)
    .text                                    0x08000924   Section        0  encoder.o(.text)
    .text                                    0x08000adc   Section        0  pwm.o(.text)
    .text                                    0x08000b84   Section        0  usart3.o(.text)
    .text                                    0x08000d60   Section        0  ultrasonicwave.o(.text)
    .text                                    0x08000e4c   Section       64  startup_stm32f10x_md.o(.text)
    .text                                    0x08000e8c   Section        0  misc.o(.text)
    .text                                    0x08000f68   Section        0  stm32f10x_exti.o(.text)
    .text                                    0x08001084   Section        0  stm32f10x_gpio.o(.text)
    .text                                    0x080013e0   Section        0  stm32f10x_rcc.o(.text)
    .text                                    0x08001784   Section        0  stm32f10x_tim.o(.text)
    TI4_Config                               0x08001c2b   Thumb Code   130  stm32f10x_tim.o(.text)
    TI3_Config                               0x08001cbf   Thumb Code   122  stm32f10x_tim.o(.text)
    TI2_Config                               0x08001d53   Thumb Code   130  stm32f10x_tim.o(.text)
    TI1_Config                               0x08001de7   Thumb Code   108  stm32f10x_tim.o(.text)
    .text                                    0x080025a0   Section        0  stm32f10x_usart.o(.text)
    .text                                    0x080029a8   Section        2  use_no_semi_2.o(.text)
    .text                                    0x080029aa   Section        0  heapauxi.o(.text)
    .text                                    0x080029b0   Section        2  use_no_semi.o(.text)
    .text                                    0x080029b2   Section       74  sys_stackheap_outer.o(.text)
    .text                                    0x080029fc   Section        0  exit.o(.text)
    .text                                    0x08002a10   Section        8  libspace.o(.text)
    x$fpl$d2f                                0x08002a18   Section       98  d2f.o(x$fpl$d2f)
    x$fpl$dfltu                              0x08002a7a   Section       38  dflt_clz.o(x$fpl$dfltu)
    x$fpl$dmul                               0x08002aa0   Section      340  dmul.o(x$fpl$dmul)
    x$fpl$dnaninf                            0x08002bf4   Section      156  dnaninf.o(x$fpl$dnaninf)
    x$fpl$dretinf                            0x08002c90   Section       12  dretinf.o(x$fpl$dretinf)
    x$fpl$fadd                               0x08002c9c   Section      196  faddsub_clz.o(x$fpl$fadd)
    _fadd1                                   0x08002cab   Thumb Code     0  faddsub_clz.o(x$fpl$fadd)
    x$fpl$fcmpinf                            0x08002d60   Section       24  fcmpi.o(x$fpl$fcmpinf)
    x$fpl$fdiv                               0x08002d78   Section      388  fdiv.o(x$fpl$fdiv)
    _fdiv1                                   0x08002d79   Thumb Code     0  fdiv.o(x$fpl$fdiv)
    x$fpl$ffix                               0x08002efc   Section       54  ffix.o(x$fpl$ffix)
    x$fpl$fflt                               0x08002f34   Section       48  fflt_clz.o(x$fpl$fflt)
    x$fpl$fleqf                              0x08002f64   Section      104  fleqf.o(x$fpl$fleqf)
    x$fpl$fmul                               0x08002fcc   Section      258  fmul.o(x$fpl$fmul)
    x$fpl$fnaninf                            0x080030ce   Section      140  fnaninf.o(x$fpl$fnaninf)
    x$fpl$fretinf                            0x0800315a   Section       10  fretinf.o(x$fpl$fretinf)
    x$fpl$frleqf                             0x08003164   Section       98  frleqf.o(x$fpl$frleqf)
    x$fpl$fsub                               0x080031c8   Section      234  faddsub_clz.o(x$fpl$fsub)
    _fsub1                                   0x080031d7   Thumb Code     0  faddsub_clz.o(x$fpl$fsub)
    x$fpl$usenofp                            0x080032b2   Section        0  usenofp.o(x$fpl$usenofp)
    .data                                    0x20000000   Section       68  main.o(.data)
    .data                                    0x20000044   Section       20  system_stm32f10x.o(.data)
    .data                                    0x20000058   Section        4  delay.o(.data)
    fac_us                                   0x20000058   Data           1  delay.o(.data)
    fac_ms                                   0x2000005a   Data           2  delay.o(.data)
    .data                                    0x2000005c   Section        5  usart.o(.data)
    .data                                    0x20000064   Section        4  led.o(.data)
    temp                                     0x20000064   Data           4  led.o(.data)
    .data                                    0x20000068   Section       52  control.o(.data)
    Bias                                     0x20000084   Data           4  control.o(.data)
    Pwm                                      0x20000088   Data           4  control.o(.data)
    Last_bias                                0x2000008c   Data           4  control.o(.data)
    Bias                                     0x20000090   Data           4  control.o(.data)
    Pwm                                      0x20000094   Data           4  control.o(.data)
    Last_bias                                0x20000098   Data           4  control.o(.data)
    .data                                    0x2000009c   Section       20  stm32f10x_rcc.o(.data)
    APBAHBPrescTable                         0x2000009c   Data          16  stm32f10x_rcc.o(.data)
    ADCPrescTable                            0x200000ac   Data           4  stm32f10x_rcc.o(.data)
    .bss                                     0x200000b0   Section       64  usart.o(.bss)
    .bss                                     0x200000f0   Section       96  libspace.o(.bss)
    HEAP                                     0x20000150   Section      512  startup_stm32f10x_md.o(HEAP)
    Heap_Mem                                 0x20000150   Data         512  startup_stm32f10x_md.o(HEAP)
    STACK                                    0x20000350   Section     1024  startup_stm32f10x_md.o(STACK)
    Stack_Mem                                0x20000350   Data        1024  startup_stm32f10x_md.o(STACK)
    __initial_sp                             0x20000750   Data           0  startup_stm32f10x_md.o(STACK)

    Global Symbols

    Symbol Name                              Value     Ov Type        Size  Object(Section)

    BuildAttributes$$THM_ISAv4$P$D$K$B$S$PE$A:L22UL41UL21$X:L11$S22US41US21$IEEE1$IW$USESV6$~STKCKD$USESV7$~SHL$OSPACE$ROPI$EBA8$UX$STANDARDLIB$REQ8$PRES8$EABIv2 0x00000000   Number         0  anon$$obj.o ABSOLUTE
    __ARM_use_no_argv                        0x00000000   Number         0  main.o ABSOLUTE
    __ARM_exceptions_init                     - Undefined Weak Reference
    __alloca_initialize                       - Undefined Weak Reference
    __arm_preinit_                            - Undefined Weak Reference
    __cpp_initialize__aeabi_                  - Undefined Weak Reference
    __cxa_finalize                            - Undefined Weak Reference
    __rt_locale                               - Undefined Weak Reference
    __sigvec_lookup                           - Undefined Weak Reference
    _atexit_init                              - Undefined Weak Reference
    _call_atexit_fns                          - Undefined Weak Reference
    _clock_init                               - Undefined Weak Reference
    _fp_trap_init                             - Undefined Weak Reference
    _fp_trap_shutdown                         - Undefined Weak Reference
    _get_lc_collate                           - Undefined Weak Reference
    _get_lc_ctype                             - Undefined Weak Reference
    _get_lc_monetary                          - Undefined Weak Reference
    _get_lc_numeric                           - Undefined Weak Reference
    _get_lc_time                              - Undefined Weak Reference
    _getenv_init                              - Undefined Weak Reference
    _handle_redirection                       - Undefined Weak Reference
    _init_alloc                               - Undefined Weak Reference
    _init_user_alloc                          - Undefined Weak Reference
    _initio                                   - Undefined Weak Reference
    _rand_init                                - Undefined Weak Reference
    _signal_finish                            - Undefined Weak Reference
    _signal_init                              - Undefined Weak Reference
    _terminate_alloc                          - Undefined Weak Reference
    _terminate_user_alloc                     - Undefined Weak Reference
    _terminateio                              - Undefined Weak Reference
    __Vectors_Size                           0x000000ec   Number         0  startup_stm32f10x_md.o ABSOLUTE
    __Vectors                                0x08000000   Data           4  startup_stm32f10x_md.o(RESET)
    __Vectors_End                            0x080000ec   Data           0  startup_stm32f10x_md.o(RESET)
    __main                                   0x080000ed   Thumb Code     8  __main.o(!!!main)
    __scatterload                            0x080000f5   Thumb Code     0  __scatter.o(!!!scatter)
    __scatterload_rt2                        0x080000f5   Thumb Code    44  __scatter.o(!!!scatter)
    __scatterload_rt2_thumb_only             0x080000f5   Thumb Code     0  __scatter.o(!!!scatter)
    __scatterload_null                       0x08000103   Thumb Code     0  __scatter.o(!!!scatter)
    __scatterload_copy                       0x08000129   Thumb Code    26  __scatter_copy.o(!!handler_copy)
    __scatterload_zeroinit                   0x08000145   Thumb Code    28  __scatter_zi.o(!!handler_zi)
    __rt_lib_init                            0x08000161   Thumb Code     0  libinit.o(.ARM.Collect$$libinit$$00000000)
    __rt_lib_init_alloca_1                   0x08000163   Thumb Code     0  libinit2.o(.ARM.Collect$$libinit$$0000002E)
    __rt_lib_init_argv_1                     0x08000163   Thumb Code     0  libinit2.o(.ARM.Collect$$libinit$$0000002C)
    __rt_lib_init_atexit_1                   0x08000163   Thumb Code     0  libinit2.o(.ARM.Collect$$libinit$$0000001B)
    __rt_lib_init_clock_1                    0x08000163   Thumb Code     0  libinit2.o(.ARM.Collect$$libinit$$00000021)
    __rt_lib_init_cpp_1                      0x08000163   Thumb Code     0  libinit2.o(.ARM.Collect$$libinit$$00000032)
    __rt_lib_init_exceptions_1               0x08000163   Thumb Code     0  libinit2.o(.ARM.Collect$$libinit$$00000030)
    __rt_lib_init_fp_1                       0x08000163   Thumb Code     0  libinit2.o(.ARM.Collect$$libinit$$00000002)
    __rt_lib_init_fp_trap_1                  0x08000163   Thumb Code     0  libinit2.o(.ARM.Collect$$libinit$$0000001F)
    __rt_lib_init_getenv_1                   0x08000163   Thumb Code     0  libinit2.o(.ARM.Collect$$libinit$$00000023)
    __rt_lib_init_heap_1                     0x08000163   Thumb Code     0  libinit2.o(.ARM.Collect$$libinit$$0000000A)
    __rt_lib_init_lc_collate_1               0x08000163   Thumb Code     0  libinit2.o(.ARM.Collect$$libinit$$00000011)
    __rt_lib_init_lc_ctype_1                 0x08000163   Thumb Code     0  libinit2.o(.ARM.Collect$$libinit$$00000013)
    __rt_lib_init_lc_monetary_1              0x08000163   Thumb Code     0  libinit2.o(.ARM.Collect$$libinit$$00000015)
    __rt_lib_init_lc_numeric_1               0x08000163   Thumb Code     0  libinit2.o(.ARM.Collect$$libinit$$00000017)
    __rt_lib_init_lc_time_1                  0x08000163   Thumb Code     0  libinit2.o(.ARM.Collect$$libinit$$00000019)
    __rt_lib_init_preinit_1                  0x08000163   Thumb Code     0  libinit2.o(.ARM.Collect$$libinit$$00000004)
    __rt_lib_init_rand_1                     0x08000163   Thumb Code     0  libinit2.o(.ARM.Collect$$libinit$$0000000E)
    __rt_lib_init_return                     0x08000163   Thumb Code     0  libinit2.o(.ARM.Collect$$libinit$$00000033)
    __rt_lib_init_signal_1                   0x08000163   Thumb Code     0  libinit2.o(.ARM.Collect$$libinit$$0000001D)
    __rt_lib_init_stdio_1                    0x08000163   Thumb Code     0  libinit2.o(.ARM.Collect$$libinit$$00000025)
    __rt_lib_init_user_alloc_1               0x08000163   Thumb Code     0  libinit2.o(.ARM.Collect$$libinit$$0000000C)
    __rt_lib_shutdown                        0x08000165   Thumb Code     0  libshutdown.o(.ARM.Collect$$libshutdown$$00000000)
    __rt_lib_shutdown_cpp_1                  0x08000167   Thumb Code     0  libshutdown2.o(.ARM.Collect$$libshutdown$$00000002)
    __rt_lib_shutdown_fp_trap_1              0x08000167   Thumb Code     0  libshutdown2.o(.ARM.Collect$$libshutdown$$00000007)
    __rt_lib_shutdown_heap_1                 0x08000167   Thumb Code     0  libshutdown2.o(.ARM.Collect$$libshutdown$$0000000F)
    __rt_lib_shutdown_return                 0x08000167   Thumb Code     0  libshutdown2.o(.ARM.Collect$$libshutdown$$00000010)
    __rt_lib_shutdown_signal_1               0x08000167   Thumb Code     0  libshutdown2.o(.ARM.Collect$$libshutdown$$0000000A)
    __rt_lib_shutdown_stdio_1                0x08000167   Thumb Code     0  libshutdown2.o(.ARM.Collect$$libshutdown$$00000004)
    __rt_lib_shutdown_user_alloc_1           0x08000167   Thumb Code     0  libshutdown2.o(.ARM.Collect$$libshutdown$$0000000C)
    __rt_entry                               0x08000169   Thumb Code     0  __rtentry.o(.ARM.Collect$$rtentry$$00000000)
    __rt_entry_presh_1                       0x08000169   Thumb Code     0  __rtentry2.o(.ARM.Collect$$rtentry$$00000002)
    __rt_entry_sh                            0x08000169   Thumb Code     0  __rtentry4.o(.ARM.Collect$$rtentry$$00000004)
    __rt_entry_li                            0x0800016f   Thumb Code     0  __rtentry2.o(.ARM.Collect$$rtentry$$0000000A)
    __rt_entry_postsh_1                      0x0800016f   Thumb Code     0  __rtentry2.o(.ARM.Collect$$rtentry$$00000009)
    __rt_entry_main                          0x08000173   Thumb Code     0  __rtentry2.o(.ARM.Collect$$rtentry$$0000000D)
    __rt_entry_postli_1                      0x08000173   Thumb Code     0  __rtentry2.o(.ARM.Collect$$rtentry$$0000000C)
    __rt_exit                                0x0800017b   Thumb Code     0  rtexit.o(.ARM.Collect$$rtexit$$00000000)
    __rt_exit_ls                             0x0800017d   Thumb Code     0  rtexit2.o(.ARM.Collect$$rtexit$$00000003)
    __rt_exit_prels_1                        0x0800017d   Thumb Code     0  rtexit2.o(.ARM.Collect$$rtexit$$00000002)
    __rt_exit_exit                           0x08000181   Thumb Code     0  rtexit2.o(.ARM.Collect$$rtexit$$00000004)
    NMI_Handler                              0x08000187   Thumb Code     2  stm32f10x_it.o(.text)
    HardFault_Handler                        0x08000189   Thumb Code     4  stm32f10x_it.o(.text)
    MemManage_Handler                        0x0800018d   Thumb Code     4  stm32f10x_it.o(.text)
    BusFault_Handler                         0x08000191   Thumb Code     4  stm32f10x_it.o(.text)
    UsageFault_Handler                       0x08000195   Thumb Code     4  stm32f10x_it.o(.text)
    SVC_Handler                              0x08000199   Thumb Code     2  stm32f10x_it.o(.text)
    DebugMon_Handler                         0x0800019b   Thumb Code     2  stm32f10x_it.o(.text)
    PendSV_Handler                           0x0800019d   Thumb Code     2  stm32f10x_it.o(.text)
    SysTick_Handler                          0x0800019f   Thumb Code     2  stm32f10x_it.o(.text)
    main                                     0x080001a1   Thumb Code    30  main.o(.text)
    Bizhang_Init                             0x080001bf   Thumb Code    62  main.o(.text)
    SystemInit                               0x080002e7   Thumb Code    78  system_stm32f10x.o(.text)
    SystemCoreClockUpdate                    0x08000335   Thumb Code   142  system_stm32f10x.o(.text)
    delay_init                               0x080003e9   Thumb Code    50  delay.o(.text)
    delay_us                                 0x0800041b   Thumb Code    72  delay.o(.text)
    delay_ms                                 0x08000463   Thumb Code    72  delay.o(.text)
    NVIC_Configuration                       0x080004bd   Thumb Code   124  sys.o(.text)
    _sys_exit                                0x08000539   Thumb Code     6  usart.o(.text)
    fputc                                    0x0800053f   Thumb Code    24  usart.o(.text)
    uart1_init                               0x08000557   Thumb Code   124  usart.o(.text)
    USART1_IRQHandler                        0x080005d3   Thumb Code   122  usart.o(.text)
    LED_Init                                 0x0800065d   Thumb Code    38  led.o(.text)
    Led_Flash                                0x08000683   Thumb Code    44  led.o(.text)
    TIM3_IRQHandler                          0x080006c1   Thumb Code    40  control.o(.text)
    Incremental_PI_A                         0x080006e9   Thumb Code   114  control.o(.text)
    Incremental_PI_B                         0x0800075b   Thumb Code   114  control.o(.text)
    velocity                                 0x080007cd   Thumb Code   146  control.o(.text)
    turn                                     0x0800085f   Thumb Code   110  control.o(.text)
    Kinematic_Analysis                       0x080008cd   Thumb Code    14  control.o(.text)
    Encoder_Init_TIM2                        0x08000925   Thumb Code   154  encoder.o(.text)
    Encoder_Init_TIM4                        0x080009bf   Thumb Code   148  encoder.o(.text)
    Read_Encoder                             0x08000a53   Thumb Code    74  encoder.o(.text)
    TIM4_IRQHandler                          0x08000a9d   Thumb Code    24  encoder.o(.text)
    TIM2_IRQHandler                          0x08000ab5   Thumb Code    24  encoder.o(.text)
    TIM1_PWM_Init                            0x08000add   Thumb Code   160  pwm.o(.text)
    uart2_init                               0x08000b85   Thumb Code   126  usart3.o(.text)
    uart3_init                               0x08000c03   Thumb Code   130  usart3.o(.text)
    USART3_IRQHandler                        0x08000c85   Thumb Code    86  usart3.o(.text)
    USART2_IRQHandler                        0x08000cdb   Thumb Code    92  usart3.o(.text)
    UltrasonicWave_Configuration             0x08000d61   Thumb Code    94  ultrasonicwave.o(.text)
    EXTI2_IRQHandler                         0x08000dbf   Thumb Code   100  ultrasonicwave.o(.text)
    UltrasonicWave_StartMeasure              0x08000e23   Thumb Code    26  ultrasonicwave.o(.text)
    Reset_Handler                            0x08000e4d   Thumb Code     8  startup_stm32f10x_md.o(.text)
    ADC1_2_IRQHandler                        0x08000e67   Thumb Code     0  startup_stm32f10x_md.o(.text)
    CAN1_RX1_IRQHandler                      0x08000e67   Thumb Code     0  startup_stm32f10x_md.o(.text)
    CAN1_SCE_IRQHandler                      0x08000e67   Thumb Code     0  startup_stm32f10x_md.o(.text)
    DMA1_Channel1_IRQHandler                 0x08000e67   Thumb Code     0  startup_stm32f10x_md.o(.text)
    DMA1_Channel2_IRQHandler                 0x08000e67   Thumb Code     0  startup_stm32f10x_md.o(.text)
    DMA1_Channel3_IRQHandler                 0x08000e67   Thumb Code     0  startup_stm32f10x_md.o(.text)
    DMA1_Channel4_IRQHandler                 0x08000e67   Thumb Code     0  startup_stm32f10x_md.o(.text)
    DMA1_Channel5_IRQHandler                 0x08000e67   Thumb Code     0  startup_stm32f10x_md.o(.text)
    DMA1_Channel6_IRQHandler                 0x08000e67   Thumb Code     0  startup_stm32f10x_md.o(.text)
    DMA1_Channel7_IRQHandler                 0x08000e67   Thumb Code     0  startup_stm32f10x_md.o(.text)
    EXTI0_IRQHandler                         0x08000e67   Thumb Code     0  startup_stm32f10x_md.o(.text)
    EXTI15_10_IRQHandler                     0x08000e67   Thumb Code     0  startup_stm32f10x_md.o(.text)
    EXTI1_IRQHandler                         0x08000e67   Thumb Code     0  startup_stm32f10x_md.o(.text)
    EXTI3_IRQHandler                         0x08000e67   Thumb Code     0  startup_stm32f10x_md.o(.text)
    EXTI4_IRQHandler                         0x08000e67   Thumb Code     0  startup_stm32f10x_md.o(.text)
    EXTI9_5_IRQHandler                       0x08000e67   Thumb Code     0  startup_stm32f10x_md.o(.text)
    FLASH_IRQHandler                         0x08000e67   Thumb Code     0  startup_stm32f10x_md.o(.text)
    I2C1_ER_IRQHandler                       0x08000e67   Thumb Code     0  startup_stm32f10x_md.o(.text)
    I2C1_EV_IRQHandler                       0x08000e67   Thumb Code     0  startup_stm32f10x_md.o(.text)
    I2C2_ER_IRQHandler                       0x08000e67   Thumb Code     0  startup_stm32f10x_md.o(.text)
    I2C2_EV_IRQHandler                       0x08000e67   Thumb Code     0  startup_stm32f10x_md.o(.text)
    PVD_IRQHandler                           0x08000e67   Thumb Code     0  startup_stm32f10x_md.o(.text)
    RCC_IRQHandler                           0x08000e67   Thumb Code     0  startup_stm32f10x_md.o(.text)
    RTCAlarm_IRQHandler                      0x08000e67   Thumb Code     0  startup_stm32f10x_md.o(.text)
    RTC_IRQHandler                           0x08000e67   Thumb Code     0  startup_stm32f10x_md.o(.text)
    SPI1_IRQHandler                          0x08000e67   Thumb Code     0  startup_stm32f10x_md.o(.text)
    SPI2_IRQHandler                          0x08000e67   Thumb Code     0  startup_stm32f10x_md.o(.text)
    TAMPER_IRQHandler                        0x08000e67   Thumb Code     0  startup_stm32f10x_md.o(.text)
    TIM1_BRK_IRQHandler                      0x08000e67   Thumb Code     0  startup_stm32f10x_md.o(.text)
    TIM1_CC_IRQHandler                       0x08000e67   Thumb Code     0  startup_stm32f10x_md.o(.text)
    TIM1_TRG_COM_IRQHandler                  0x08000e67   Thumb Code     0  startup_stm32f10x_md.o(.text)
    TIM1_UP_IRQHandler                       0x08000e67   Thumb Code     0  startup_stm32f10x_md.o(.text)
    USBWakeUp_IRQHandler                     0x08000e67   Thumb Code     0  startup_stm32f10x_md.o(.text)
    USB_HP_CAN1_TX_IRQHandler                0x08000e67   Thumb Code     0  startup_stm32f10x_md.o(.text)
    USB_LP_CAN1_RX0_IRQHandler               0x08000e67   Thumb Code     0  startup_stm32f10x_md.o(.text)
    WWDG_IRQHandler                          0x08000e67   Thumb Code     0  startup_stm32f10x_md.o(.text)
    __user_initial_stackheap                 0x08000e69   Thumb Code     0  startup_stm32f10x_md.o(.text)
    NVIC_PriorityGroupConfig                 0x08000e8d   Thumb Code    10  misc.o(.text)
    NVIC_Init                                0x08000e97   Thumb Code   100  misc.o(.text)
    NVIC_SetVectorTable                      0x08000efb   Thumb Code    14  misc.o(.text)
    NVIC_SystemLPConfig                      0x08000f09   Thumb Code    34  misc.o(.text)
    SysTick_CLKSourceConfig                  0x08000f2b   Thumb Code    40  misc.o(.text)
    EXTI_DeInit                              0x08000f69   Thumb Code    28  stm32f10x_exti.o(.text)
    EXTI_Init                                0x08000f85   Thumb Code   142  stm32f10x_exti.o(.text)
    EXTI_StructInit                          0x08001013   Thumb Code    16  stm32f10x_exti.o(.text)
    EXTI_GenerateSWInterrupt                 0x08001023   Thumb Code    16  stm32f10x_exti.o(.text)
    EXTI_GetFlagStatus                       0x08001033   Thumb Code    22  stm32f10x_exti.o(.text)
    EXTI_ClearFlag                           0x08001049   Thumb Code     8  stm32f10x_exti.o(.text)
    EXTI_GetITStatus                         0x08001051   Thumb Code    34  stm32f10x_exti.o(.text)
    EXTI_ClearITPendingBit                   0x08001073   Thumb Code     8  stm32f10x_exti.o(.text)
    GPIO_DeInit                              0x08001085   Thumb Code   172  stm32f10x_gpio.o(.text)
    GPIO_AFIODeInit                          0x08001131   Thumb Code    20  stm32f10x_gpio.o(.text)
    GPIO_Init                                0x08001145   Thumb Code   278  stm32f10x_gpio.o(.text)
    GPIO_StructInit                          0x0800125b   Thumb Code    16  stm32f10x_gpio.o(.text)
    GPIO_ReadInputDataBit                    0x0800126b   Thumb Code    18  stm32f10x_gpio.o(.text)
    GPIO_ReadInputData                       0x0800127d   Thumb Code     8  stm32f10x_gpio.o(.text)
    GPIO_ReadOutputDataBit                   0x08001285   Thumb Code    18  stm32f10x_gpio.o(.text)
    GPIO_ReadOutputData                      0x08001297   Thumb Code     8  stm32f10x_gpio.o(.text)
    GPIO_SetBits                             0x0800129f   Thumb Code     4  stm32f10x_gpio.o(.text)
    GPIO_ResetBits                           0x080012a3   Thumb Code     4  stm32f10x_gpio.o(.text)
    GPIO_WriteBit                            0x080012a7   Thumb Code    10  stm32f10x_gpio.o(.text)
    GPIO_Write                               0x080012b1   Thumb Code     4  stm32f10x_gpio.o(.text)
    GPIO_PinLockConfig                       0x080012b5   Thumb Code    18  stm32f10x_gpio.o(.text)
    GPIO_EventOutputConfig                   0x080012c7   Thumb Code    26  stm32f10x_gpio.o(.text)
    GPIO_EventOutputCmd                      0x080012e1   Thumb Code     6  stm32f10x_gpio.o(.text)
    GPIO_PinRemapConfig                      0x080012e7   Thumb Code   138  stm32f10x_gpio.o(.text)
    GPIO_EXTILineConfig                      0x08001371   Thumb Code    66  stm32f10x_gpio.o(.text)
    GPIO_ETH_MediaInterfaceConfig            0x080013b3   Thumb Code     8  stm32f10x_gpio.o(.text)
    RCC_DeInit                               0x080013e1   Thumb Code    64  stm32f10x_rcc.o(.text)
    RCC_HSEConfig                            0x08001421   Thumb Code    70  stm32f10x_rcc.o(.text)
    RCC_GetFlagStatus                        0x08001467   Thumb Code    56  stm32f10x_rcc.o(.text)
    RCC_WaitForHSEStartUp                    0x0800149f   Thumb Code    56  stm32f10x_rcc.o(.text)
    RCC_AdjustHSICalibrationValue            0x080014d7   Thumb Code    20  stm32f10x_rcc.o(.text)
    RCC_HSICmd                               0x080014eb   Thumb Code     6  stm32f10x_rcc.o(.text)
    RCC_PLLConfig                            0x080014f1   Thumb Code    24  stm32f10x_rcc.o(.text)
    RCC_PLLCmd                               0x08001509   Thumb Code     6  stm32f10x_rcc.o(.text)
    RCC_SYSCLKConfig                         0x0800150f   Thumb Code    18  stm32f10x_rcc.o(.text)
    RCC_GetSYSCLKSource                      0x08001521   Thumb Code    10  stm32f10x_rcc.o(.text)
    RCC_HCLKConfig                           0x0800152b   Thumb Code    18  stm32f10x_rcc.o(.text)
    RCC_PCLK1Config                          0x0800153d   Thumb Code    18  stm32f10x_rcc.o(.text)
    RCC_PCLK2Config                          0x0800154f   Thumb Code    20  stm32f10x_rcc.o(.text)
    RCC_ITConfig                             0x08001563   Thumb Code    26  stm32f10x_rcc.o(.text)
    RCC_USBCLKConfig                         0x0800157d   Thumb Code     8  stm32f10x_rcc.o(.text)
    RCC_ADCCLKConfig                         0x08001585   Thumb Code    18  stm32f10x_rcc.o(.text)
    RCC_LSEConfig                            0x08001597   Thumb Code    50  stm32f10x_rcc.o(.text)
    RCC_LSICmd                               0x080015c9   Thumb Code     6  stm32f10x_rcc.o(.text)
    RCC_RTCCLKConfig                         0x080015cf   Thumb Code    12  stm32f10x_rcc.o(.text)
    RCC_RTCCLKCmd                            0x080015db   Thumb Code     8  stm32f10x_rcc.o(.text)
    RCC_GetClocksFreq                        0x080015e3   Thumb Code   192  stm32f10x_rcc.o(.text)
    RCC_AHBPeriphClockCmd                    0x080016a3   Thumb Code    26  stm32f10x_rcc.o(.text)
    RCC_APB2PeriphClockCmd                   0x080016bd   Thumb Code    26  stm32f10x_rcc.o(.text)
    RCC_APB1PeriphClockCmd                   0x080016d7   Thumb Code    26  stm32f10x_rcc.o(.text)
    RCC_APB2PeriphResetCmd                   0x080016f1   Thumb Code    26  stm32f10x_rcc.o(.text)
    RCC_APB1PeriphResetCmd                   0x0800170b   Thumb Code    26  stm32f10x_rcc.o(.text)
    RCC_BackupResetCmd                       0x08001725   Thumb Code     8  stm32f10x_rcc.o(.text)
    RCC_ClockSecuritySystemCmd               0x0800172d   Thumb Code     6  stm32f10x_rcc.o(.text)
    RCC_MCOConfig                            0x08001733   Thumb Code     6  stm32f10x_rcc.o(.text)
    RCC_ClearFlag                            0x08001739   Thumb Code    14  stm32f10x_rcc.o(.text)
    RCC_GetITStatus                          0x08001747   Thumb Code    20  stm32f10x_rcc.o(.text)
    RCC_ClearITPendingBit                    0x0800175b   Thumb Code     6  stm32f10x_rcc.o(.text)
    TIM_DeInit                               0x08001785   Thumb Code   424  stm32f10x_tim.o(.text)
    TIM_TimeBaseInit                         0x0800192d   Thumb Code   122  stm32f10x_tim.o(.text)
    TIM_OC1Init                              0x080019a7   Thumb Code   132  stm32f10x_tim.o(.text)
    TIM_OC2Init                              0x08001a2b   Thumb Code   154  stm32f10x_tim.o(.text)
    TIM_OC3Init                              0x08001ac5   Thumb Code   150  stm32f10x_tim.o(.text)
    TIM_OC4Init                              0x08001b5b   Thumb Code   182  stm32f10x_tim.o(.text)
    TIM_SetIC4Prescaler                      0x08001c11   Thumb Code    26  stm32f10x_tim.o(.text)
    TIM_SetIC3Prescaler                      0x08001cad   Thumb Code    18  stm32f10x_tim.o(.text)
    TIM_SetIC2Prescaler                      0x08001d39   Thumb Code    26  stm32f10x_tim.o(.text)
    TIM_SetIC1Prescaler                      0x08001dd5   Thumb Code    18  stm32f10x_tim.o(.text)
    TIM_ICInit                               0x08001e53   Thumb Code   150  stm32f10x_tim.o(.text)
    TIM_PWMIConfig                           0x08001ee9   Thumb Code   124  stm32f10x_tim.o(.text)
    TIM_BDTRConfig                           0x08001f65   Thumb Code    32  stm32f10x_tim.o(.text)
    TIM_TimeBaseStructInit                   0x08001f85   Thumb Code    18  stm32f10x_tim.o(.text)
    TIM_OCStructInit                         0x08001f97   Thumb Code    20  stm32f10x_tim.o(.text)
    TIM_ICStructInit                         0x08001fab   Thumb Code    18  stm32f10x_tim.o(.text)
    TIM_BDTRStructInit                       0x08001fbd   Thumb Code    40  stm32f10x_tim.o(.text)
    TIM_Cmd                                  0x08001fe5   Thumb Code    24  stm32f10x_tim.o(.text)
    TIM_CtrlPWMOutputs                       0x08001ffd   Thumb Code    30  stm32f10x_tim.o(.text)
    TIM_ITConfig                             0x0800201b   Thumb Code    18  stm32f10x_tim.o(.text)
    TIM_GenerateEvent                        0x0800202d   Thumb Code     4  stm32f10x_tim.o(.text)
    TIM_DMAConfig                            0x08002031   Thumb Code    10  stm32f10x_tim.o(.text)
    TIM_DMACmd                               0x0800203b   Thumb Code    18  stm32f10x_tim.o(.text)
    TIM_InternalClockConfig                  0x0800204d   Thumb Code    12  stm32f10x_tim.o(.text)
    TIM_SelectInputTrigger                   0x08002059   Thumb Code    18  stm32f10x_tim.o(.text)
    TIM_ITRxExternalClockConfig              0x0800206b   Thumb Code    24  stm32f10x_tim.o(.text)
    TIM_TIxExternalClockConfig               0x08002083   Thumb Code    62  stm32f10x_tim.o(.text)
    TIM_ETRConfig                            0x080020c1   Thumb Code    28  stm32f10x_tim.o(.text)
    TIM_ETRClockMode1Config                  0x080020dd   Thumb Code    54  stm32f10x_tim.o(.text)
    TIM_ETRClockMode2Config                  0x08002113   Thumb Code    32  stm32f10x_tim.o(.text)
    TIM_PrescalerConfig                      0x08002133   Thumb Code     6  stm32f10x_tim.o(.text)
    TIM_CounterModeConfig                    0x08002139   Thumb Code    18  stm32f10x_tim.o(.text)
    TIM_EncoderInterfaceConfig               0x0800214b   Thumb Code    66  stm32f10x_tim.o(.text)
    TIM_ForcedOC1Config                      0x0800218d   Thumb Code    18  stm32f10x_tim.o(.text)
    TIM_ForcedOC2Config                      0x0800219f   Thumb Code    26  stm32f10x_tim.o(.text)
    TIM_ForcedOC3Config                      0x080021b9   Thumb Code    18  stm32f10x_tim.o(.text)
    TIM_ForcedOC4Config                      0x080021cb   Thumb Code    26  stm32f10x_tim.o(.text)
    TIM_ARRPreloadConfig                     0x080021e5   Thumb Code    24  stm32f10x_tim.o(.text)
    TIM_SelectCOM                            0x080021fd   Thumb Code    24  stm32f10x_tim.o(.text)
    TIM_SelectCCDMA                          0x08002215   Thumb Code    24  stm32f10x_tim.o(.text)
    TIM_CCPreloadControl                     0x0800222d   Thumb Code    24  stm32f10x_tim.o(.text)
    TIM_OC1PreloadConfig                     0x08002245   Thumb Code    18  stm32f10x_tim.o(.text)
    TIM_OC2PreloadConfig                     0x08002257   Thumb Code    26  stm32f10x_tim.o(.text)
    TIM_OC3PreloadConfig                     0x08002271   Thumb Code    18  stm32f10x_tim.o(.text)
    TIM_OC4PreloadConfig                     0x08002283   Thumb Code    26  stm32f10x_tim.o(.text)
    TIM_OC1FastConfig                        0x0800229d   Thumb Code    18  stm32f10x_tim.o(.text)
    TIM_OC2FastConfig                        0x080022af   Thumb Code    26  stm32f10x_tim.o(.text)
    TIM_OC3FastConfig                        0x080022c9   Thumb Code    18  stm32f10x_tim.o(.text)
    TIM_OC4FastConfig                        0x080022db   Thumb Code    26  stm32f10x_tim.o(.text)
    TIM_ClearOC1Ref                          0x080022f5   Thumb Code    18  stm32f10x_tim.o(.text)
    TIM_ClearOC2Ref                          0x08002307   Thumb Code    24  stm32f10x_tim.o(.text)
    TIM_ClearOC3Ref                          0x0800231f   Thumb Code    18  stm32f10x_tim.o(.text)
    TIM_ClearOC4Ref                          0x08002331   Thumb Code    24  stm32f10x_tim.o(.text)
    TIM_OC1PolarityConfig                    0x08002349   Thumb Code    18  stm32f10x_tim.o(.text)
    TIM_OC1NPolarityConfig                   0x0800235b   Thumb Code    18  stm32f10x_tim.o(.text)
    TIM_OC2PolarityConfig                    0x0800236d   Thumb Code    26  stm32f10x_tim.o(.text)
    TIM_OC2NPolarityConfig                   0x08002387   Thumb Code    26  stm32f10x_tim.o(.text)
    TIM_OC3PolarityConfig                    0x080023a1   Thumb Code    26  stm32f10x_tim.o(.text)
    TIM_OC3NPolarityConfig                   0x080023bb   Thumb Code    26  stm32f10x_tim.o(.text)
    TIM_OC4PolarityConfig                    0x080023d5   Thumb Code    26  stm32f10x_tim.o(.text)
    TIM_CCxCmd                               0x080023ef   Thumb Code    30  stm32f10x_tim.o(.text)
    TIM_CCxNCmd                              0x0800240d   Thumb Code    30  stm32f10x_tim.o(.text)
    TIM_SelectOCxM                           0x0800242b   Thumb Code    82  stm32f10x_tim.o(.text)
    TIM_UpdateDisableConfig                  0x0800247d   Thumb Code    24  stm32f10x_tim.o(.text)
    TIM_UpdateRequestConfig                  0x08002495   Thumb Code    24  stm32f10x_tim.o(.text)
    TIM_SelectHallSensor                     0x080024ad   Thumb Code    24  stm32f10x_tim.o(.text)
    TIM_SelectOnePulseMode                   0x080024c5   Thumb Code    18  stm32f10x_tim.o(.text)
    TIM_SelectOutputTrigger                  0x080024d7   Thumb Code    18  stm32f10x_tim.o(.text)
    TIM_SelectSlaveMode                      0x080024e9   Thumb Code    18  stm32f10x_tim.o(.text)
    TIM_SelectMasterSlaveMode                0x080024fb   Thumb Code    18  stm32f10x_tim.o(.text)
    TIM_SetCounter                           0x0800250d   Thumb Code     4  stm32f10x_tim.o(.text)
    TIM_SetAutoreload                        0x08002511   Thumb Code     4  stm32f10x_tim.o(.text)
    TIM_SetCompare1                          0x08002515   Thumb Code     4  stm32f10x_tim.o(.text)
    TIM_SetCompare2                          0x08002519   Thumb Code     4  stm32f10x_tim.o(.text)
    TIM_SetCompare3                          0x0800251d   Thumb Code     4  stm32f10x_tim.o(.text)
    TIM_SetCompare4                          0x08002521   Thumb Code     6  stm32f10x_tim.o(.text)
    TIM_SetClockDivision                     0x08002527   Thumb Code    18  stm32f10x_tim.o(.text)
    TIM_GetCapture1                          0x08002539   Thumb Code     6  stm32f10x_tim.o(.text)
    TIM_GetCapture2                          0x0800253f   Thumb Code     6  stm32f10x_tim.o(.text)
    TIM_GetCapture3                          0x08002545   Thumb Code     6  stm32f10x_tim.o(.text)
    TIM_GetCapture4                          0x0800254b   Thumb Code     8  stm32f10x_tim.o(.text)
    TIM_GetCounter                           0x08002553   Thumb Code     6  stm32f10x_tim.o(.text)
    TIM_GetPrescaler                         0x08002559   Thumb Code     6  stm32f10x_tim.o(.text)
    TIM_GetFlagStatus                        0x0800255f   Thumb Code    18  stm32f10x_tim.o(.text)
    TIM_ClearFlag                            0x08002571   Thumb Code     6  stm32f10x_tim.o(.text)
    TIM_GetITStatus                          0x08002577   Thumb Code    34  stm32f10x_tim.o(.text)
    TIM_ClearITPendingBit                    0x08002599   Thumb Code     6  stm32f10x_tim.o(.text)
    USART_DeInit                             0x080025a1   Thumb Code   134  stm32f10x_usart.o(.text)
    USART_Init                               0x08002627   Thumb Code   210  stm32f10x_usart.o(.text)
    USART_StructInit                         0x080026f9   Thumb Code    24  stm32f10x_usart.o(.text)
    USART_ClockInit                          0x08002711   Thumb Code    34  stm32f10x_usart.o(.text)
    USART_ClockStructInit                    0x08002733   Thumb Code    12  stm32f10x_usart.o(.text)
    USART_Cmd                                0x0800273f   Thumb Code    24  stm32f10x_usart.o(.text)
    USART_ITConfig                           0x08002757   Thumb Code    74  stm32f10x_usart.o(.text)
    USART_DMACmd                             0x080027a1   Thumb Code    18  stm32f10x_usart.o(.text)
    USART_SetAddress                         0x080027b3   Thumb Code    18  stm32f10x_usart.o(.text)
    USART_WakeUpConfig                       0x080027c5   Thumb Code    18  stm32f10x_usart.o(.text)
    USART_ReceiverWakeUpCmd                  0x080027d7   Thumb Code    24  stm32f10x_usart.o(.text)
    USART_LINBreakDetectLengthConfig         0x080027ef   Thumb Code    18  stm32f10x_usart.o(.text)
    USART_LINCmd                             0x08002801   Thumb Code    24  stm32f10x_usart.o(.text)
    USART_SendData                           0x08002819   Thumb Code     8  stm32f10x_usart.o(.text)
    USART_ReceiveData                        0x08002821   Thumb Code    10  stm32f10x_usart.o(.text)
    USART_SendBreak                          0x0800282b   Thumb Code    10  stm32f10x_usart.o(.text)
    USART_SetGuardTime                       0x08002835   Thumb Code    16  stm32f10x_usart.o(.text)
    USART_SetPrescaler                       0x08002845   Thumb Code    16  stm32f10x_usart.o(.text)
    USART_SmartCardCmd                       0x08002855   Thumb Code    24  stm32f10x_usart.o(.text)
    USART_SmartCardNACKCmd                   0x0800286d   Thumb Code    24  stm32f10x_usart.o(.text)
    USART_HalfDuplexCmd                      0x08002885   Thumb Code    24  stm32f10x_usart.o(.text)
    USART_OverSampling8Cmd                   0x0800289d   Thumb Code    22  stm32f10x_usart.o(.text)
    USART_OneBitMethodCmd                    0x080028b3   Thumb Code    24  stm32f10x_usart.o(.text)
    USART_IrDAConfig                         0x080028cb   Thumb Code    18  stm32f10x_usart.o(.text)
    USART_IrDACmd                            0x080028dd   Thumb Code    24  stm32f10x_usart.o(.text)
    USART_GetFlagStatus                      0x080028f5   Thumb Code    26  stm32f10x_usart.o(.text)
    USART_ClearFlag                          0x0800290f   Thumb Code    18  stm32f10x_usart.o(.text)
    USART_GetITStatus                        0x08002921   Thumb Code    84  stm32f10x_usart.o(.text)
    USART_ClearITPendingBit                  0x08002975   Thumb Code    52  stm32f10x_usart.o(.text)
    __use_no_semihosting                     0x080029a9   Thumb Code     2  use_no_semi_2.o(.text)
    __use_two_region_memory                  0x080029ab   Thumb Code     2  heapauxi.o(.text)
    __rt_heap_escrow$2region                 0x080029ad   Thumb Code     2  heapauxi.o(.text)
    __rt_heap_expand$2region                 0x080029af   Thumb Code     2  heapauxi.o(.text)
    __I$use$semihosting                      0x080029b1   Thumb Code     0  use_no_semi.o(.text)
    __use_no_semihosting_swi                 0x080029b1   Thumb Code     2  use_no_semi.o(.text)
    __user_setup_stackheap                   0x080029b3   Thumb Code    74  sys_stackheap_outer.o(.text)
    exit                                     0x080029fd   Thumb Code    18  exit.o(.text)
    __user_libspace                          0x08002a11   Thumb Code     8  libspace.o(.text)
    __user_perproc_libspace                  0x08002a11   Thumb Code     0  libspace.o(.text)
    __user_perthread_libspace                0x08002a11   Thumb Code     0  libspace.o(.text)
    __aeabi_d2f                              0x08002a19   Thumb Code     0  d2f.o(x$fpl$d2f)
    _d2f                                     0x08002a19   Thumb Code    98  d2f.o(x$fpl$d2f)
    __aeabi_ui2d                             0x08002a7b   Thumb Code     0  dflt_clz.o(x$fpl$dfltu)
    _dfltu                                   0x08002a7b   Thumb Code    38  dflt_clz.o(x$fpl$dfltu)
    __aeabi_dmul                             0x08002aa1   Thumb Code     0  dmul.o(x$fpl$dmul)
    _dmul                                    0x08002aa1   Thumb Code   332  dmul.o(x$fpl$dmul)
    __fpl_dnaninf                            0x08002bf5   Thumb Code   156  dnaninf.o(x$fpl$dnaninf)
    __fpl_dretinf                            0x08002c91   Thumb Code    12  dretinf.o(x$fpl$dretinf)
    __aeabi_fadd                             0x08002c9d   Thumb Code     0  faddsub_clz.o(x$fpl$fadd)
    _fadd                                    0x08002c9d   Thumb Code   196  faddsub_clz.o(x$fpl$fadd)
    __fpl_fcmp_Inf                           0x08002d61   Thumb Code    24  fcmpi.o(x$fpl$fcmpinf)
    __aeabi_fdiv                             0x08002d79   Thumb Code     0  fdiv.o(x$fpl$fdiv)
    _fdiv                                    0x08002d79   Thumb Code   384  fdiv.o(x$fpl$fdiv)
    __aeabi_f2iz                             0x08002efd   Thumb Code     0  ffix.o(x$fpl$ffix)
    _ffix                                    0x08002efd   Thumb Code    54  ffix.o(x$fpl$ffix)
    __aeabi_i2f                              0x08002f35   Thumb Code     0  fflt_clz.o(x$fpl$fflt)
    _fflt                                    0x08002f35   Thumb Code    48  fflt_clz.o(x$fpl$fflt)
    __aeabi_cfcmple                          0x08002f65   Thumb Code     0  fleqf.o(x$fpl$fleqf)
    _fcmple                                  0x08002f65   Thumb Code   104  fleqf.o(x$fpl$fleqf)
    __fpl_fcmple_InfNaN                      0x08002fb7   Thumb Code     0  fleqf.o(x$fpl$fleqf)
    __aeabi_fmul                             0x08002fcd   Thumb Code     0  fmul.o(x$fpl$fmul)
    _fmul                                    0x08002fcd   Thumb Code   258  fmul.o(x$fpl$fmul)
    __fpl_fnaninf                            0x080030cf   Thumb Code   140  fnaninf.o(x$fpl$fnaninf)
    __fpl_fretinf                            0x0800315b   Thumb Code    10  fretinf.o(x$fpl$fretinf)
    __aeabi_cfrcmple                         0x08003165   Thumb Code     0  frleqf.o(x$fpl$frleqf)
    _frcmple                                 0x08003165   Thumb Code    98  frleqf.o(x$fpl$frleqf)
    __aeabi_fsub                             0x080031c9   Thumb Code     0  faddsub_clz.o(x$fpl$fsub)
    _fsub                                    0x080031c9   Thumb Code   234  faddsub_clz.o(x$fpl$fsub)
    __I$use$fp                               0x080032b2   Number         0  usenofp.o(x$fpl$usenofp)
    Region$$Table$$Base                      0x080032b4   Number         0  anon$$obj.o(Region$$Table)
    Region$$Table$$Limit                     0x080032d4   Number         0  anon$$obj.o(Region$$Table)
    Voltage                                  0x20000000   Data           4  main.o(.data)
    UltrasonicWave_Distance                  0x20000004   Data           4  main.o(.data)
    Encoder_Left                             0x20000008   Data           4  main.o(.data)
    Encoder_Right                            0x2000000c   Data           4  main.o(.data)
    Moto1                                    0x20000010   Data           4  main.o(.data)
    Moto2                                    0x20000014   Data           4  main.o(.data)
    Target_A                                 0x20000018   Data           4  main.o(.data)
    Target_B                                 0x2000001c   Data           4  main.o(.data)
    Flag_Qian                                0x20000020   Data           4  main.o(.data)
    Flag_Hou                                 0x20000024   Data           4  main.o(.data)
    Flag_Left                                0x20000028   Data           4  main.o(.data)
    Flag_Right                               0x2000002c   Data           4  main.o(.data)
    flag_UltrasonicWave                      0x20000030   Data           1  main.o(.data)
    key                                      0x20000031   Data           1  main.o(.data)
    key_mode                                 0x20000032   Data           1  main.o(.data)
    mode                                     0x20000033   Data           1  main.o(.data)
    dat1                                     0x20000034   Data           3  main.o(.data)
    dat2                                     0x20000037   Data           3  main.o(.data)
    num1                                     0x2000003a   Data           1  main.o(.data)
    num2                                     0x2000003b   Data           1  main.o(.data)
    distanceL                                0x2000003c   Data           4  main.o(.data)
    distanceR                                0x20000040   Data           4  main.o(.data)
    SystemCoreClock                          0x20000044   Data           4  system_stm32f10x.o(.data)
    AHBPrescTable                            0x20000048   Data          16  system_stm32f10x.o(.data)
    __stdout                                 0x2000005c   Data           4  usart.o(.data)
    USART_RX_STA                             0x20000060   Data           1  usart.o(.data)
    velocity_KP                              0x20000068   Data           4  control.o(.data)
    velocity_KI                              0x2000006c   Data           4  control.o(.data)
    sensor                                   0x20000070   Data           8  control.o(.data)
    count                                    0x20000078   Data           4  control.o(.data)
    Count                                    0x2000007c   Data           4  control.o(.data)
    UltrasonicWave_Voltage_Counter           0x20000080   Data           1  control.o(.data)
    USART_RX_BUF                             0x200000b0   Data          64  usart.o(.bss)
    __libspace_start                         0x200000f0   Data          96  libspace.o(.bss)
    __temporary_stack_top$libspace           0x20000150   Data           0  libspace.o(.bss)



==============================================================================

Memory Map of the image

  Image Entry point : 0x080000ed

  Load Region LR_IROM1 (Base: 0x08000000, Size: 0x00003384, Max: 0x00010000, ABSOLUTE)

    Execution Region ER_IROM1 (Exec base: 0x08000000, Load base: 0x08000000, Size: 0x000032d4, Max: 0x00010000, ABSOLUTE)

    Exec Addr    Load Addr    Size         Type   Attr      Idx    E Section Name        Object

    0x08000000   0x08000000   0x000000ec   Data   RO          464    RESET               startup_stm32f10x_md.o
    0x080000ec   0x080000ec   0x00000008   Code   RO          753  * !!!main             c_w.l(__main.o)
    0x080000f4   0x080000f4   0x00000034   Code   RO          979    !!!scatter          c_w.l(__scatter.o)
    0x08000128   0x08000128   0x0000001a   Code   RO          981    !!handler_copy      c_w.l(__scatter_copy.o)
    0x08000142   0x08000142   0x00000002   PAD
    0x08000144   0x08000144   0x0000001c   Code   RO          983    !!handler_zi        c_w.l(__scatter_zi.o)
    0x08000160   0x08000160   0x00000002   Code   RO          853    .ARM.Collect$$libinit$$00000000  c_w.l(libinit.o)
    0x08000162   0x08000162   0x00000000   Code   RO          860    .ARM.Collect$$libinit$$00000002  c_w.l(libinit2.o)
    0x08000162   0x08000162   0x00000000   Code   RO          862    .ARM.Collect$$libinit$$00000004  c_w.l(libinit2.o)
    0x08000162   0x08000162   0x00000000   Code   RO          865    .ARM.Collect$$libinit$$0000000A  c_w.l(libinit2.o)
    0x08000162   0x08000162   0x00000000   Code   RO          867    .ARM.Collect$$libinit$$0000000C  c_w.l(libinit2.o)
    0x08000162   0x08000162   0x00000000   Code   RO          869    .ARM.Collect$$libinit$$0000000E  c_w.l(libinit2.o)
    0x08000162   0x08000162   0x00000000   Code   RO          872    .ARM.Collect$$libinit$$00000011  c_w.l(libinit2.o)
    0x08000162   0x08000162   0x00000000   Code   RO          874    .ARM.Collect$$libinit$$00000013  c_w.l(libinit2.o)
    0x08000162   0x08000162   0x00000000   Code   RO          876    .ARM.Collect$$libinit$$00000015  c_w.l(libinit2.o)
    0x08000162   0x08000162   0x00000000   Code   RO          878    .ARM.Collect$$libinit$$00000017  c_w.l(libinit2.o)
    0x08000162   0x08000162   0x00000000   Code   RO          880    .ARM.Collect$$libinit$$00000019  c_w.l(libinit2.o)
    0x08000162   0x08000162   0x00000000   Code   RO          882    .ARM.Collect$$libinit$$0000001B  c_w.l(libinit2.o)
    0x08000162   0x08000162   0x00000000   Code   RO          884    .ARM.Collect$$libinit$$0000001D  c_w.l(libinit2.o)
    0x08000162   0x08000162   0x00000000   Code   RO          886    .ARM.Collect$$libinit$$0000001F  c_w.l(libinit2.o)
    0x08000162   0x08000162   0x00000000   Code   RO          888    .ARM.Collect$$libinit$$00000021  c_w.l(libinit2.o)
    0x08000162   0x08000162   0x00000000   Code   RO          890    .ARM.Collect$$libinit$$00000023  c_w.l(libinit2.o)
    0x08000162   0x08000162   0x00000000   Code   RO          892    .ARM.Collect$$libinit$$00000025  c_w.l(libinit2.o)
    0x08000162   0x08000162   0x00000000   Code   RO          896    .ARM.Collect$$libinit$$0000002C  c_w.l(libinit2.o)
    0x08000162   0x08000162   0x00000000   Code   RO          898    .ARM.Collect$$libinit$$0000002E  c_w.l(libinit2.o)
    0x08000162   0x08000162   0x00000000   Code   RO          900    .ARM.Collect$$libinit$$00000030  c_w.l(libinit2.o)
    0x08000162   0x08000162   0x00000000   Code   RO          902    .ARM.Collect$$libinit$$00000032  c_w.l(libinit2.o)
    0x08000162   0x08000162   0x00000002   Code   RO          903    .ARM.Collect$$libinit$$00000033  c_w.l(libinit2.o)
    0x08000164   0x08000164   0x00000002   Code   RO          921    .ARM.Collect$$libshutdown$$00000000  c_w.l(libshutdown.o)
    0x08000166   0x08000166   0x00000000   Code   RO          931    .ARM.Collect$$libshutdown$$00000002  c_w.l(libshutdown2.o)
    0x08000166   0x08000166   0x00000000   Code   RO          933    .ARM.Collect$$libshutdown$$00000004  c_w.l(libshutdown2.o)
    0x08000166   0x08000166   0x00000000   Code   RO          936    .ARM.Collect$$libshutdown$$00000007  c_w.l(libshutdown2.o)
    0x08000166   0x08000166   0x00000000   Code   RO          939    .ARM.Collect$$libshutdown$$0000000A  c_w.l(libshutdown2.o)
    0x08000166   0x08000166   0x00000000   Code   RO          941    .ARM.Collect$$libshutdown$$0000000C  c_w.l(libshutdown2.o)
    0x08000166   0x08000166   0x00000000   Code   RO          944    .ARM.Collect$$libshutdown$$0000000F  c_w.l(libshutdown2.o)
    0x08000166   0x08000166   0x00000002   Code   RO          945    .ARM.Collect$$libshutdown$$00000010  c_w.l(libshutdown2.o)
    0x08000168   0x08000168   0x00000000   Code   RO          815    .ARM.Collect$$rtentry$$00000000  c_w.l(__rtentry.o)
    0x08000168   0x08000168   0x00000000   Code   RO          830    .ARM.Collect$$rtentry$$00000002  c_w.l(__rtentry2.o)
    0x08000168   0x08000168   0x00000006   Code   RO          842    .ARM.Collect$$rtentry$$00000004  c_w.l(__rtentry4.o)
    0x0800016e   0x0800016e   0x00000000   Code   RO          832    .ARM.Collect$$rtentry$$00000009  c_w.l(__rtentry2.o)
    0x0800016e   0x0800016e   0x00000004   Code   RO          833    .ARM.Collect$$rtentry$$0000000A  c_w.l(__rtentry2.o)
    0x08000172   0x08000172   0x00000000   Code   RO          835    .ARM.Collect$$rtentry$$0000000C  c_w.l(__rtentry2.o)
    0x08000172   0x08000172   0x00000008   Code   RO          836    .ARM.Collect$$rtentry$$0000000D  c_w.l(__rtentry2.o)
    0x0800017a   0x0800017a   0x00000002   Code   RO          857    .ARM.Collect$$rtexit$$00000000  c_w.l(rtexit.o)
    0x0800017c   0x0800017c   0x00000000   Code   RO          905    .ARM.Collect$$rtexit$$00000002  c_w.l(rtexit2.o)
    0x0800017c   0x0800017c   0x00000004   Code   RO          906    .ARM.Collect$$rtexit$$00000003  c_w.l(rtexit2.o)
    0x08000180   0x08000180   0x00000006   Code   RO          907    .ARM.Collect$$rtexit$$00000004  c_w.l(rtexit2.o)
    0x08000186   0x08000186   0x0000001a   Code   RO            1    .text               stm32f10x_it.o
    0x080001a0   0x080001a0   0x00000068   Code   RO          104    .text               main.o
    0x08000208   0x08000208   0x000001e0   Code   RO          194    .text               system_stm32f10x.o
    0x080003e8   0x080003e8   0x000000d4   Code   RO          212    .text               delay.o
    0x080004bc   0x080004bc   0x0000007c   Code   RO          256    .text               sys.o
    0x08000538   0x08000538   0x00000124   Code   RO          268    .text               usart.o
    0x0800065c   0x0800065c   0x00000064   Code   RO          299    .text               led.o
    0x080006c0   0x080006c0   0x00000264   Code   RO          325    .text               control.o
    0x08000924   0x08000924   0x000001b8   Code   RO          340    .text               encoder.o
    0x08000adc   0x08000adc   0x000000a8   Code   RO          364    .text               pwm.o
    0x08000b84   0x08000b84   0x000001dc   Code   RO          376    .text               usart3.o
    0x08000d60   0x08000d60   0x000000ec   Code   RO          400    .text               ultrasonicwave.o
    0x08000e4c   0x08000e4c   0x00000040   Code   RO          465    .text               startup_stm32f10x_md.o
    0x08000e8c   0x08000e8c   0x000000dc   Code   RO          469    .text               misc.o
    0x08000f68   0x08000f68   0x0000011c   Code   RO          577    .text               stm32f10x_exti.o
    0x08001084   0x08001084   0x0000035c   Code   RO          613    .text               stm32f10x_gpio.o
    0x080013e0   0x080013e0   0x000003a4   Code   RO          661    .text               stm32f10x_rcc.o
    0x08001784   0x08001784   0x00000e1a   Code   RO          711    .text               stm32f10x_tim.o
    0x0800259e   0x0800259e   0x00000002   PAD
    0x080025a0   0x080025a0   0x00000408   Code   RO          723    .text               stm32f10x_usart.o
    0x080029a8   0x080029a8   0x00000002   Code   RO          749    .text               c_w.l(use_no_semi_2.o)
    0x080029aa   0x080029aa   0x00000006   Code   RO          751    .text               c_w.l(heapauxi.o)
    0x080029b0   0x080029b0   0x00000002   Code   RO          813    .text               c_w.l(use_no_semi.o)
    0x080029b2   0x080029b2   0x0000004a   Code   RO          844    .text               c_w.l(sys_stackheap_outer.o)
    0x080029fc   0x080029fc   0x00000012   Code   RO          846    .text               c_w.l(exit.o)
    0x08002a0e   0x08002a0e   0x00000002   PAD
    0x08002a10   0x08002a10   0x00000008   Code   RO          854    .text               c_w.l(libspace.o)
    0x08002a18   0x08002a18   0x00000062   Code   RO          755    x$fpl$d2f           fz_ws.l(d2f.o)
    0x08002a7a   0x08002a7a   0x00000026   Code   RO          775    x$fpl$dfltu         fz_ws.l(dflt_clz.o)
    0x08002aa0   0x08002aa0   0x00000154   Code   RO          783    x$fpl$dmul          fz_ws.l(dmul.o)
    0x08002bf4   0x08002bf4   0x0000009c   Code   RO          818    x$fpl$dnaninf       fz_ws.l(dnaninf.o)
    0x08002c90   0x08002c90   0x0000000c   Code   RO          820    x$fpl$dretinf       fz_ws.l(dretinf.o)
    0x08002c9c   0x08002c9c   0x000000c4   Code   RO          787    x$fpl$fadd          fz_ws.l(faddsub_clz.o)
    0x08002d60   0x08002d60   0x00000018   Code   RO          822    x$fpl$fcmpinf       fz_ws.l(fcmpi.o)
    0x08002d78   0x08002d78   0x00000184   Code   RO          794    x$fpl$fdiv          fz_ws.l(fdiv.o)
    0x08002efc   0x08002efc   0x00000036   Code   RO          797    x$fpl$ffix          fz_ws.l(ffix.o)
    0x08002f32   0x08002f32   0x00000002   PAD
    0x08002f34   0x08002f34   0x00000030   Code   RO          802    x$fpl$fflt          fz_ws.l(fflt_clz.o)
    0x08002f64   0x08002f64   0x00000068   Code   RO          807    x$fpl$fleqf         fz_ws.l(fleqf.o)
    0x08002fcc   0x08002fcc   0x00000102   Code   RO          809    x$fpl$fmul          fz_ws.l(fmul.o)
    0x080030ce   0x080030ce   0x0000008c   Code   RO          824    x$fpl$fnaninf       fz_ws.l(fnaninf.o)
    0x0800315a   0x0800315a   0x0000000a   Code   RO          826    x$fpl$fretinf       fz_ws.l(fretinf.o)
    0x08003164   0x08003164   0x00000062   Code   RO          811    x$fpl$frleqf        fz_ws.l(frleqf.o)
    0x080031c6   0x080031c6   0x00000002   PAD
    0x080031c8   0x080031c8   0x000000ea   Code   RO          789    x$fpl$fsub          fz_ws.l(faddsub_clz.o)
    0x080032b2   0x080032b2   0x00000000   Code   RO          828    x$fpl$usenofp       fz_ws.l(usenofp.o)
    0x080032b2   0x080032b2   0x00000002   PAD
    0x080032b4   0x080032b4   0x00000020   Data   RO          977    Region$$Table       anon$$obj.o


    Execution Region RW_IRAM1 (Exec base: 0x20000000, Load base: 0x080032d4, Size: 0x00000750, Max: 0x00005000, ABSOLUTE)

    Exec Addr    Load Addr    Size         Type   Attr      Idx    E Section Name        Object

    0x20000000   0x080032d4   0x00000044   Data   RW          105    .data               main.o
    0x20000044   0x08003318   0x00000014   Data   RW          195    .data               system_stm32f10x.o
    0x20000058   0x0800332c   0x00000004   Data   RW          213    .data               delay.o
    0x2000005c   0x08003330   0x00000005   Data   RW          270    .data               usart.o
    0x20000061   0x08003335   0x00000003   PAD
    0x20000064   0x08003338   0x00000004   Data   RW          300    .data               led.o
    0x20000068   0x0800333c   0x00000034   Data   RW          326    .data               control.o
    0x2000009c   0x08003370   0x00000014   Data   RW          662    .data               stm32f10x_rcc.o
    0x200000b0        -       0x00000040   Zero   RW          269    .bss                usart.o
    0x200000f0        -       0x00000060   Zero   RW          855    .bss                c_w.l(libspace.o)
    0x20000150        -       0x00000200   Zero   RW          463    HEAP                startup_stm32f10x_md.o
    0x20000350        -       0x00000400   Zero   RW          462    STACK               startup_stm32f10x_md.o


==============================================================================

Image component sizes


      Code (inc. data)   RO Data    RW Data    ZI Data      Debug   Object Name

       612         74          0         52          0       2601   control.o
         0          0          0          0          0         32   core_cm3.o
       212         18          0          4          0     206491   delay.o
       440         16          0          0          0       1515   encoder.o
       100         18          0          4          0        677   led.o
       104         12          0         68          0       1821   main.o
       220         22          0          0          0       1761   misc.o
       168          8          0          0          0        728   pwm.o
        64         26        236          0       1536        772   startup_stm32f10x_md.o
       284         10          0          0          0       2215   stm32f10x_exti.o
       860         38          0          0          0       5693   stm32f10x_gpio.o
        26          0          0          0          0     250762   stm32f10x_it.o
       932         36          0         20          0       8848   stm32f10x_rcc.o
      3610         88          0          0          0      22800   stm32f10x_tim.o
      1032         22          0          0          0       8416   stm32f10x_usart.o
       124          0          0          0          0        541   sys.o
       480         38          0         20          0       1679   system_stm32f10x.o
       236         16          0          0          0        936   ultrasonicwave.o
       292         16          0          5         64       3027   usart.o
       476         42          0          0          0       1308   usart3.o

    ----------------------------------------------------------------------
     10274        500        268        176       1600     522623   Object Totals
         0          0         32          0          0          0   (incl. Generated)
         2          0          0          3          0          0   (incl. Padding)

    ----------------------------------------------------------------------

      Code (inc. data)   RO Data    RW Data    ZI Data      Debug   Library Member Name

         8          0          0          0          0         68   __main.o
         0          0          0          0          0          0   __rtentry.o
        12          0          0          0          0          0   __rtentry2.o
         6          0          0          0          0          0   __rtentry4.o
        52          8          0          0          0          0   __scatter.o
        26          0          0          0          0          0   __scatter_copy.o
        28          0          0          0          0          0   __scatter_zi.o
        18          0          0          0          0         80   exit.o
         6          0          0          0          0        152   heapauxi.o
         2          0          0          0          0          0   libinit.o
         2          0          0          0          0          0   libinit2.o
         2          0          0          0          0          0   libshutdown.o
         2          0          0          0          0          0   libshutdown2.o
         8          4          0          0         96         68   libspace.o
         2          0          0          0          0          0   rtexit.o
        10          0          0          0          0          0   rtexit2.o
        74          0          0          0          0         80   sys_stackheap_outer.o
         2          0          0          0          0         68   use_no_semi.o
         2          0          0          0          0         68   use_no_semi_2.o
        98          4          0          0          0         92   d2f.o
        38          0          0          0          0         68   dflt_clz.o
       340         12          0          0          0        104   dmul.o
       156          4          0          0          0         92   dnaninf.o
        12          0          0          0          0         68   dretinf.o
       430          8          0          0          0        168   faddsub_clz.o
        24          0          0          0          0         68   fcmpi.o
       388         76          0          0          0         96   fdiv.o
        54          4          0          0          0         84   ffix.o
        48          0          0          0          0         68   fflt_clz.o
       104          4          0          0          0         84   fleqf.o
       258          4          0          0          0         84   fmul.o
       140          4          0          0          0         84   fnaninf.o
        10          0          0          0          0         68   fretinf.o
        98          0          0          0          0         68   frleqf.o
         0          0          0          0          0          0   usenofp.o

    ----------------------------------------------------------------------
      2470        132          0          0         96       1880   Library Totals
        10          0          0          0          0          0   (incl. Padding)

    ----------------------------------------------------------------------

      Code (inc. data)   RO Data    RW Data    ZI Data      Debug   Library Name

       262         12          0          0         96        584   c_w.l
      2198        120          0          0          0       1296   fz_ws.l

    ----------------------------------------------------------------------
      2470        132          0          0         96       1880   Library Totals

    ----------------------------------------------------------------------

==============================================================================


      Code (inc. data)   RO Data    RW Data    ZI Data      Debug   

     12744        632        268        176       1696     522055   Grand Totals
     12744        632        268        176       1696     522055   ELF Image Totals
     12744        632        268        176          0          0   ROM Totals

==============================================================================

    Total RO  Size (Code + RO Data)                13012 (  12.71kB)
    Total RW  Size (RW Data + ZI Data)              1872 (   1.83kB)
    Total ROM Size (Code + RO Data + RW Data)      13188 (  12.88kB)

==============================================================================

