Component: ARM Compiler 5.06 update 5 (build 528) Tool: armlink [4d35e2]

==============================================================================

Section Cross References

    main.o(.text) refers to stm32f10x_rcc.o(.text) for RCC_APB2PeriphClockCmd
    main.o(.text) refers to stm32f10x_gpio.o(.text) for GPIO_Init
    main.o(.text) refers to oled.o(.text) for OLED_Clear
    main.o(.text) refers to sr04.o(.text) for SR04_Configuration
    main.o(.text) refers to usart2.o(.text) for uart2_init
    main.o(.text) refers to ps2.o(.text) for PS2_Init
    main.o(.text) refers to led.o(.text) for LED_Init
    main.o(.text) refers to usb_plugin.o(.text) for PlugIn_Init
    main.o(.text) refers to key.o(.text) for KEY_Init
    main.o(.text) refers to delay.o(.text) for delay_init
    main.o(.text) refers to usart.o(.text) for uart1_init
    main.o(.text) refers to sys.o(.text) for NVIC_Configuration
    main.o(.text) refers to adc.o(.text) for Adc_Init
    main.o(.text) refers to encoder.o(.text) for Encoder_Init_TIM2
    main.o(.text) refers to mpu6050.o(.text) for MPU_Init
    main.o(.text) refers to inv_mpu.o(.text) for mpu_dmp_init
    main.o(.text) refers to pwm.o(.text) for TIM1_PWM_Init
    main.o(.text) refers to motor.o(.text) for Motor_Init
    main.o(.text) refers to exti.o(.text) for MPU6050_EXTI_Init
    main.o(.text) refers to main.o(.data) for CTRL_MODE
    system_stm32f10x.o(.text) refers to system_stm32f10x.o(.data) for SystemCoreClock
    delay.o(.text) refers to misc.o(.text) for SysTick_CLKSourceConfig
    delay.o(.text) refers to system_stm32f10x.o(.data) for SystemCoreClock
    delay.o(.text) refers to delay.o(.data) for fac_us
    sys.o(.text) refers to misc.o(.text) for NVIC_PriorityGroupConfig
    usart.o(.text) refers to stm32f10x_rcc.o(.text) for RCC_APB2PeriphClockCmd
    usart.o(.text) refers to stm32f10x_gpio.o(.text) for GPIO_Init
    usart.o(.text) refers to stm32f10x_usart.o(.text) for USART_Init
    usart.o(.text) refers to usart.o(.data) for USART_RX_STA
    usart.o(.text) refers to usart.o(.bss) for USART_RX_BUF
    led.o(.text) refers to stm32f10x_rcc.o(.text) for RCC_APB2PeriphClockCmd
    led.o(.text) refers to stm32f10x_gpio.o(.text) for GPIO_Init
    led.o(.text) refers to led.o(.data) for temp
    key.o(.text) refers to stm32f10x_rcc.o(.text) for RCC_APB2PeriphClockCmd
    key.o(.text) refers to stm32f10x_gpio.o(.text) for GPIO_Init
    key.o(.text) refers to key.o(.data) for Tick
    exti.o(.text) refers to stm32f10x_rcc.o(.text) for RCC_APB2PeriphClockCmd
    exti.o(.text) refers to stm32f10x_gpio.o(.text) for GPIO_Init
    exti.o(.text) refers to stm32f10x_exti.o(.text) for EXTI_Init
    exti.o(.text) refers to misc.o(.text) for NVIC_Init
    control.o(.text) refers to fflti.o(.text) for __aeabi_i2f
    control.o(.text) refers to fmul.o(.text) for __aeabi_fmul
    control.o(.text) refers to fadd.o(.text) for __aeabi_fadd
    control.o(.text) refers to ffixi.o(.text) for __aeabi_f2iz
    control.o(.text) refers to f2d.o(.text) for __aeabi_f2d
    control.o(.text) refers to dmul.o(.text) for __aeabi_dmul
    control.o(.text) refers to d2f.o(.text) for __aeabi_d2f
    control.o(.text) refers to dadd.o(.text) for __aeabi_dadd
    control.o(.text) refers to cfrcmple.o(.text) for __aeabi_cfrcmple
    control.o(.text) refers to cfcmple.o(.text) for __aeabi_cfcmple
    control.o(.text) refers to sr04.o(.text) for SR04_StartMeasure
    control.o(.text) refers to fdiv.o(.text) for __aeabi_fdiv
    control.o(.text) refers to control.o(.data) for Turn_KP
    control.o(.text) refers to main.o(.data) for Encoder_Left
    control.o(.text) refers to usart2.o(.data) for Fore
    control.o(.text) refers to inv_mpu.o(.text) for mpu_dmp_get_data
    control.o(.text) refers to mpu6050.o(.text) for MPU_Get_Gyroscope
    control.o(.text) refers to encoder.o(.text) for Read_Encoder
    control.o(.text) refers to led.o(.text) for Led_Flash
    control.o(.text) refers to adc.o(.text) for Get_battery_volt
    control.o(.text) refers to key.o(.text) for KEY_Press
    control.o(.text) refers to motor.o(.text) for Xianfu_Pwm
    encoder.o(.text) refers to stm32f10x_rcc.o(.text) for RCC_APB1PeriphClockCmd
    encoder.o(.text) refers to stm32f10x_gpio.o(.text) for GPIO_Init
    encoder.o(.text) refers to stm32f10x_tim.o(.text) for TIM_TimeBaseStructInit
    motor.o(.text) refers to stm32f10x_rcc.o(.text) for RCC_APB2PeriphClockCmd
    motor.o(.text) refers to stm32f10x_gpio.o(.text) for GPIO_Init
    motor.o(.text) refers to cfcmple.o(.text) for __aeabi_cfcmple
    motor.o(.text) refers to cfrcmple.o(.text) for __aeabi_cfrcmple
    motor.o(.text) refers to f2d.o(.text) for __aeabi_f2d
    motor.o(.text) refers to cdcmple.o(.text) for __aeabi_cdcmple
    motor.o(.text) refers to main.o(.data) for Moto1
    pwm.o(.text) refers to stm32f10x_rcc.o(.text) for RCC_APB2PeriphClockCmd
    pwm.o(.text) refers to stm32f10x_gpio.o(.text) for GPIO_Init
[...]
    .text                                    0x0800807e   Section        0  dadd.o(.text)
    .text                                    0x080081cc   Section        0  dmul.o(.text)
    .text                                    0x080082b0   Section        0  ddiv.o(.text)
    .text                                    0x0800838e   Section        0  fflti.o(.text)
    .text                                    0x080083a0   Section        0  ffltui.o(.text)
    .text                                    0x080083aa   Section        0  dflti.o(.text)
    .text                                    0x080083cc   Section        0  dfltui.o(.text)
    .text                                    0x080083e6   Section        0  ffixi.o(.text)
    .text                                    0x08008418   Section        0  ffixui.o(.text)
    .text                                    0x08008440   Section        0  dfixi.o(.text)
    .text                                    0x0800847e   Section        0  dfixui.o(.text)
    .text                                    0x080084b0   Section        0  f2d.o(.text)
    .text                                    0x080084d8   Section       48  cdcmple.o(.text)
    .text                                    0x08008508   Section        0  d2f.o(.text)
    .text                                    0x08008540   Section       20  cfcmple.o(.text)
    .text                                    0x08008554   Section       20  cfrcmple.o(.text)
    .text                                    0x08008568   Section        0  uldiv.o(.text)
    .text                                    0x080085ca   Section        0  llshl.o(.text)
    .text                                    0x080085e8   Section        0  llushr.o(.text)
    .text                                    0x08008608   Section        0  llsshr.o(.text)
    .text                                    0x0800862c   Section        0  iusefp.o(.text)
    .text                                    0x0800862c   Section        0  fepilogue.o(.text)
    .text                                    0x0800869a   Section        0  depilogue.o(.text)
    .text                                    0x08008754   Section        0  dscalb.o(.text)
    .text                                    0x08008784   Section       36  init.o(.text)
    .text                                    0x080087a8   Section        0  dsqrt.o(.text)
    .text                                    0x0800884a   Section        0  __dczerorl2.o(.text)
    i.__0printf$8                            0x080088a0   Section        0  printf8.o(i.__0printf$8)
    i.__ARM_fpclassify                       0x080088c0   Section        0  fpclassify.o(i.__ARM_fpclassify)
    i.__kernel_poly                          0x080088e8   Section        0  poly.o(i.__kernel_poly)
    i.__mathlib_dbl_infnan                   0x08008992   Section        0  dunder.o(i.__mathlib_dbl_infnan)
    i.__mathlib_dbl_infnan2                  0x08008998   Section        0  dunder.o(i.__mathlib_dbl_infnan2)
    i.__mathlib_dbl_invalid                  0x0800899c   Section        0  dunder.o(i.__mathlib_dbl_invalid)
    i.__mathlib_dbl_underflow                0x080089a8   Section        0  dunder.o(i.__mathlib_dbl_underflow)
    i.__scatterload_copy                     0x080089b8   Section       14  handlers.o(i.__scatterload_copy)
    i.__scatterload_null                     0x080089c6   Section        2  handlers.o(i.__scatterload_null)
    i.__scatterload_zeroinit                 0x080089c8   Section       14  handlers.o(i.__scatterload_zeroinit)
    i.__set_errno                            0x080089d8   Section        0  errno.o(i.__set_errno)
    i._printf_core                           0x080089e4   Section        0  printf8.o(i._printf_core)
    _printf_core                             0x080089e5   Thumb Code   996  printf8.o(i._printf_core)
    i._printf_post_padding                   0x08008df4   Section        0  printf8.o(i._printf_post_padding)
    _printf_post_padding                     0x08008df5   Thumb Code    36  printf8.o(i._printf_post_padding)
    i._printf_pre_padding                    0x08008e18   Section        0  printf8.o(i._printf_pre_padding)
    _printf_pre_padding                      0x08008e19   Thumb Code    46  printf8.o(i._printf_pre_padding)
    i.asin                                   0x08008e48   Section        0  asin.o(i.asin)
    i.atan                                   0x080090b8   Section        0  atan.o(i.atan)
    i.atan2                                  0x080092d8   Section        0  atan2.o(i.atan2)
    i.sqrt                                   0x08009458   Section        0  sqrt.o(i.sqrt)
    .constdata                               0x080094a4   Section     2072  oled.o(.constdata)
    .constdata                               0x08009cbc   Section       80  inv_mpu.o(.constdata)
    .constdata                               0x08009d0c   Section     3062  inv_mpu_dmp_motion_driver.o(.constdata)
    dmp_memory                               0x08009d0c   Data        3062  inv_mpu_dmp_motion_driver.o(.constdata)
    .constdata                               0x0800a908   Section       80  asin.o(.constdata)
    pS                                       0x0800a908   Data          48  asin.o(.constdata)
    qS                                       0x0800a938   Data          32  asin.o(.constdata)
    .constdata                               0x0800a958   Section      152  atan.o(.constdata)
    atanhi                                   0x0800a958   Data          32  atan.o(.constdata)
    atanlo                                   0x0800a978   Data          32  atan.o(.constdata)
    aTodd                                    0x0800a998   Data          40  atan.o(.constdata)
    aTeven                                   0x0800a9c0   Data          48  atan.o(.constdata)
    .constdata                               0x0800a9f0   Section        8  qnan.o(.constdata)
    .conststring                             0x0800a9f8   Section       77  inv_mpu.o(.conststring)
    .data                                    0x20000000   Section      104  main.o(.data)
    .data                                    0x20000068   Section       20  system_stm32f10x.o(.data)
    .data                                    0x2000007c   Section        4  delay.o(.data)
    fac_us                                   0x2000007c   Data           1  delay.o(.data)
    fac_ms                                   0x2000007e   Data           2  delay.o(.data)
    .data                                    0x20000080   Section        5  usart.o(.data)
    .data                                    0x20000088   Section        4  led.o(.data)
    temp                                     0x20000088   Data           4  led.o(.data)
    .data                                    0x2000008c   Section        4  key.o(.data)
    Tick                                     0x2000008c   Data           4  key.o(.data)
    .data                                    0x20000090   Section       80  control.o(.data)
    Voltage_Counter                          0x200000c4   Data           1  control.o(.data)
    Velocity                                 0x200000c8   Data           4  control.o(.data)
    Encoder_Least                            0x200000cc   Data           4  control.o(.data)
    Encoder                                  0x200000d0   Data           4  control.o(.data)
    Encoder_Integral                         0x200000d4   Data           4  control.o(.data)
    SR04_Counter                             0x200000d8   Data           1  control.o(.data)
    RATE_VEL                                 0x200000dc   Data           4  control.o(.data)
    .data                                    0x200000e0   Section       53  inv_mpu.o(.data)
    st                                       0x200000e0   Data          44  inv_mpu.o(.data)
    gyro_orientation                         0x2000010c   Data           9  inv_mpu.o(.data)
    .data                                    0x20000115   Section        4  usart2.o(.data)
    .data                                    0x2000011a   Section       36  ps2.o(.data)
    .data                                    0x2000013e   Section       20  stm32f10x_rcc.o(.data)
    APBAHBPrescTable                         0x2000013e   Data          16  stm32f10x_rcc.o(.data)
    ADCPrescTable                            0x2000014e   Data           4  stm32f10x_rcc.o(.data)
    .data                                    0x20000154   Section        4  errno.o(.data)
    _errno                                   0x20000154   Data           4  errno.o(.data)
    .bss                                     0x20000158   Section       64  usart.o(.bss)
    .bss                                     0x20000198   Section       16  inv_mpu_dmp_motion_driver.o(.bss)
    dmp                                      0x20000198   Data          16  inv_mpu_dmp_motion_driver.o(.bss)
    .bss                                     0x200001a8   Section        9  ps2.o(.bss)
    STACK                                    0x200001b8   Section     1024  startup_stm32f10x_md.o(STACK)

    Global Symbols

    Symbol Name                              Value     Ov Type        Size  Object(Section)

    BuildAttributes$$THM_ISAv4$P$D$K$B$S$PE$A:L22UL41UL21$X:L11$S22US41US21$IEEE1$IW$USESV6$~STKCKD$USESV7$~SHL$OTIME$ROPI$IEEEX$EBA8$MICROLIB$REQ8$PRES8$EABIv2 0x00000000   Number         0  anon$$obj.o ABSOLUTE
    __ARM_use_no_argv                        0x00000000   Number         0  main.o ABSOLUTE
    __use_no_errno                           0x00000000   Number         0  useno.o ABSOLUTE
    __use_no_exception_handling              0x00000000   Number         0  useno.o ABSOLUTE
    __use_no_fp                              0x00000000   Number         0  useno.o ABSOLUTE
    __use_no_heap                            0x00000000   Number         0  useno.o ABSOLUTE
    __use_no_heap_region                     0x00000000   Number         0  useno.o ABSOLUTE
    __use_no_semihosting                     0x00000000   Number         0  useno.o ABSOLUTE
    __use_no_semihosting_swi                 0x00000000   Number         0  useno.o ABSOLUTE
    __use_no_signal_handling                 0x00000000   Number         0  useno.o ABSOLUTE
    _printf_a                                0x00000000   Number         0  stubs.o ABSOLUTE
    _printf_c                                0x00000000   Number         0  stubs.o ABSOLUTE
    _printf_charcount                        0x00000000   Number         0  stubs.o ABSOLUTE
    _printf_d                                0x00000000   Number         0  stubs.o ABSOLUTE
    _printf_e                                0x00000000   Number         0  stubs.o ABSOLUTE
    _printf_f                                0x00000000   Number         0  stubs.o ABSOLUTE
    _printf_flags                            0x00000000   Number         0  stubs.o ABSOLUTE
    _printf_fp_dec                           0x00000000   Number         0  stubs.o ABSOLUTE
    _printf_fp_hex                           0x00000000   Number         0  stubs.o ABSOLUTE
    _printf_g                                0x00000000   Number         0  stubs.o ABSOLUTE
    _printf_i                                0x00000000   Number         0  stubs.o ABSOLUTE
    _printf_int_dec                          0x00000000   Number         0  stubs.o ABSOLUTE
    _printf_l                                0x00000000   Number         0  stubs.o ABSOLUTE
    _printf_lc                               0x00000000   Number         0  stubs.o ABSOLUTE
    _printf_ll                               0x00000000   Number         0  stubs.o ABSOLUTE
    _printf_lld                              0x00000000   Number         0  stubs.o ABSOLUTE
    _printf_lli                              0x00000000   Number         0  stubs.o ABSOLUTE
    _printf_llo                              0x00000000   Number         0  stubs.o ABSOLUTE
    _printf_llu                              0x00000000   Number         0  stubs.o ABSOLUTE
    _printf_llx                              0x00000000   Number         0  stubs.o ABSOLUTE
    _printf_longlong_dec                     0x00000000   Number         0  stubs.o ABSOLUTE
    _printf_longlong_hex                     0x00000000   Number         0  stubs.o ABSOLUTE
    _printf_longlong_oct                     0x00000000   Number         0  stubs.o ABSOLUTE
    _printf_ls                               0x00000000   Number         0  stubs.o ABSOLUTE
    _printf_mbtowc                           0x00000000   Number         0  stubs.o ABSOLUTE
    _printf_n                                0x00000000   Number         0  stubs.o ABSOLUTE
    _printf_o                                0x00000000   Number         0  stubs.o ABSOLUTE
    _printf_p                                0x00000000   Number         0  stubs.o ABSOLUTE
    _printf_percent                          0x00000000   Number         0  stubs.o ABSOLUTE
    _printf_pre_padding                      0x00000000   Number         0  stubs.o ABSOLUTE
    _printf_return_value                     0x00000000   Number         0  stubs.o ABSOLUTE
    _printf_s                                0x00000000   Number         0  stubs.o ABSOLUTE
    _printf_sizespec                         0x00000000   Number         0  stubs.o ABSOLUTE
    _printf_str                              0x00000000   Number         0  stubs.o ABSOLUTE
    _printf_truncate_signed                  0x00000000   Number         0  stubs.o ABSOLUTE
    _printf_truncate_unsigned                0x00000000   Number         0  stubs.o ABSOLUTE
    _printf_u                                0x00000000   Number         0  stubs.o ABSOLUTE
    _printf_wc                               0x00000000   Number         0  stubs.o ABSOLUTE
    _printf_wctomb                           0x00000000   Number         0  stubs.o ABSOLUTE
    _printf_widthprec                        0x00000000   Number         0  stubs.o ABSOLUTE
    _printf_x                                0x00000000   Number         0  stubs.o ABSOLUTE
    __cpp_initialize__aeabi_                  - Undefined Weak Reference
    __cxa_finalize                            - Undefined Weak Reference
    _clock_init                               - Undefined Weak Reference
    _microlib_exit                            - Undefined Weak Reference
    __Vectors_Size                           0x000000ec   Number         0  startup_stm32f10x_md.o ABSOLUTE
    __Vectors                                0x08000000   Data           4  startup_stm32f10x_md.o(RESET)
    __Vectors_End                            0x080000ec   Data           0  startup_stm32f10x_md.o(RESET)
    __main                                   0x080000ed   Thumb Code     0  entry.o(.ARM.Collect$$$$00000000)
    _main_stk                                0x080000ed   Thumb Code     0  entry2.o(.ARM.Collect$$$$00000001)
    _main_scatterload                        0x080000f1   Thumb Code     0  entry5.o(.ARM.Collect$$$$00000004)
    __main_after_scatterload                 0x080000f5   Thumb Code     0  entry5.o(.ARM.Collect$$$$00000004)
    _main_clock                              0x080000f5   Thumb Code     0  entry7b.o(.ARM.Collect$$$$00000008)
    _main_cpp_init                           0x080000f5   Thumb Code     0  entry8b.o(.ARM.Collect$$$$0000000A)
    _main_init                               0x080000f5   Thumb Code     0  entry9a.o(.ARM.Collect$$$$0000000B)
    __rt_final_cpp                           0x080000fd   Thumb Code     0  entry10a.o(.ARM.Collect$$$$0000000D)
    __rt_final_exit                          0x080000fd   Thumb Code     0  entry11a.o(.ARM.Collect$$$$0000000F)
    Tracking_Init                            0x08000101   Thumb Code    60  main.o(.text)
    Mode_Init                                0x0800013d   Thumb Code    76  main.o(.text)
    main                                     0x08000189   Thumb Code   214  main.o(.text)
    NMI_Handler                              0x08000289   Thumb Code     2  stm32f10x_it.o(.text)
    HardFault_Handler                        0x0800028b   Thumb Code     4  stm32f10x_it.o(.text)
    MemManage_Handler                        0x0800028f   Thumb Code     4  stm32f10x_it.o(.text)
    BusFault_Handler                         0x08000293   Thumb Code     4  stm32f10x_it.o(.text)
    UsageFault_Handler                       0x08000297   Thumb Code     4  stm32f10x_it.o(.text)
    SVC_Handler                              0x0800029b   Thumb Code     2  stm32f10x_it.o(.text)
    DebugMon_Handler                         0x0800029d   Thumb Code     2  stm32f10x_it.o(.text)
    PendSV_Handler                           0x0800029f   Thumb Code     2  stm32f10x_it.o(.text)
    SysTick_Handler                          0x080002a1   Thumb Code     2  stm32f10x_it.o(.text)
    SystemInit                               0x08000383   Thumb Code    78  system_stm32f10x.o(.text)
    SystemCoreClockUpdate                    0x080003d1   Thumb Code   142  system_stm32f10x.o(.text)
    delay_init                               0x08000485   Thumb Code    50  delay.o(.text)
    delay_us                                 0x080004b7   Thumb Code    72  delay.o(.text)
    delay_ms                                 0x080004ff   Thumb Code    72  delay.o(.text)
    NVIC_Configuration                       0x08000559   Thumb Code   126  sys.o(.text)
    _sys_exit                                0x080005d9   Thumb Code     6  usart.o(.text)
    fputc                                    0x080005df   Thumb Code    24  usart.o(.text)
    uart1_init                               0x080005f7   Thumb Code   124  usart.o(.text)
    USART1_IRQHandler                        0x08000673   Thumb Code   122  usart.o(.text)
    LED_Init                                 0x080006fd   Thumb Code    40  led.o(.text)
    Led_Flash                                0x08000725   Thumb Code    44  led.o(.text)
    KEY_Init                                 0x08000761   Thumb Code    34  key.o(.text)
    KEY_Press                                0x08000783   Thumb Code    38  key.o(.text)
    MPU6050_EXTI_Init                        0x080007b5   Thumb Code   104  exti.o(.text)
    Turn_UP                                  0x08000821   Thumb Code    68  control.o(.text)
    velocity                                 0x08000865   Thumb Code   260  control.o(.text)
    balance_UP                               0x08000969   Thumb Code    64  control.o(.text)
    Tracking                                 0x080009a9   Thumb Code    66  control.o(.text)
    Get_RC                                   0x080009eb   Thumb Code   786  control.o(.text)
    EXTI9_5_IRQHandler                       0x08000cfd   Thumb Code   356  control.o(.text)
    Encoder_Init_TIM2                        0x08000ecd   Thumb Code   154  encoder.o(.text)
    Encoder_Init_TIM3                        0x08000f67   Thumb Code   148  encoder.o(.text)
    Read_Encoder                             0x08000ffb   Thumb Code    56  encoder.o(.text)
    Motor_Init                               0x0800103d   Thumb Code    64  motor.o(.text)
    myabs                                    0x0800107d   Thumb Code    14  motor.o(.text)
    Set_Pwm                                  0x0800108b   Thumb Code   106  motor.o(.text)
    Xianfu_Pwm                               0x080010f5   Thumb Code    70  motor.o(.text)
    Turn_Off                                 0x0800113b   Thumb Code    62  motor.o(.text)
    TIM1_PWM_Init                            0x080011a1   Thumb Code   168  pwm.o(.text)
    Adc_Init                                 0x08001251   Thumb Code   132  adc.o(.text)
    Get_Adc                                  0x080012d5   Thumb Code    46  adc.o(.text)
    Get_battery_volt                         0x08001303   Thumb Code    62  adc.o(.text)
    OLED_IIC_Start                           0x08001355   Thumb Code    44  oled.o(.text)
    OLED_IIC_Stop                            0x08001381   Thumb Code    34  oled.o(.text)
    OLED_IIC_Wait_Ack                        0x080013a3   Thumb Code    24  oled.o(.text)
    OLED_Write_IIC_Byte                      0x080013bb   Thumb Code    88  oled.o(.text)
    OLED_Write_IIC_Command                   0x08001413   Thumb Code    44  oled.o(.text)
    OLED_Write_IIC_Data                      0x0800143f   Thumb Code    44  oled.o(.text)
    OLED_WR_Byte                             0x0800146b   Thumb Code    24  oled.o(.text)
    Delay_50ms                               0x08001483   Thumb Code    22  oled.o(.text)
    Delay_1ms                                0x08001499   Thumb Code    26  oled.o(.text)
    OLED_Set_Pos                             0x080014b3   Thumb Code    40  oled.o(.text)
    OLED_Display_On                          0x080014db   Thumb Code    28  oled.o(.text)
    OLED_Display_Off                         0x080014f7   Thumb Code    28  oled.o(.text)
    OLED_Clear                               0x08001513   Thumb Code    62  oled.o(.text)
    OLED_On                                  0x08001551   Thumb Code    62  oled.o(.text)
    OLED_ShowChar                            0x0800158f   Thumb Code   154  oled.o(.text)
    oled_pow                                 0x08001629   Thumb Code    22  oled.o(.text)
    OLED_ShowNumber                          0x0800163f   Thumb Code   136  oled.o(.text)
    OLED_ShowString                          0x080016c7   Thumb Code    54  oled.o(.text)
    OLED_Float                               0x080016fd   Thumb Code   456  oled.o(.text)
    OLED_Float2                              0x080018c5   Thumb Code   356  oled.o(.text)
    OLED_Num_write                           0x08001a29   Thumb Code    62  oled.o(.text)
    OLED_fuhao_write                         0x08001a67   Thumb Code    58  oled.o(.text)
    OLED_Num2                                0x08001aa1   Thumb Code   156  oled.o(.text)
    OLED_Num3                                0x08001b3d   Thumb Code   210  oled.o(.text)
    OLED_Num4                                0x08001c0f   Thumb Code   134  oled.o(.text)
    OLED_Num5                                0x08001c95   Thumb Code   152  oled.o(.text)
    OLED_Init                                0x08001d2d   Thumb Code   282  oled.o(.text)
    oled_first_show                          0x08001e47   Thumb Code   100  oled.o(.text)
    oled_show                                0x08001eab   Thumb Code   464  oled.o(.text)
    MPU_Write_Byte                           0x08002141   Thumb Code    68  mpu6050.o(.text)
    MPU_Set_LPF                              0x08002185   Thumb Code    58  mpu6050.o(.text)
    MPU_Set_Rate                             0x080021bf   Thumb Code    58  mpu6050.o(.text)
    MPU_Read_Byte                            0x080021f9   Thumb Code    58  mpu6050.o(.text)
    MPU_Set_Accel_Fsr                        0x08002233   Thumb Code    16  mpu6050.o(.text)
    MPU_Set_Gyro_Fsr                         0x08002243   Thumb Code    16  mpu6050.o(.text)
    MPU_Init                                 0x08002253   Thumb Code   122  mpu6050.o(.text)
    MPU_Read_Len                             0x080022cd   Thumb Code   116  mpu6050.o(.text)
    MPU_Get_Temperature                      0x08002341   Thumb Code    86  mpu6050.o(.text)
    MPU_Get_Gyroscope                        0x08002397   Thumb Code    80  mpu6050.o(.text)
    MPU_Get_Accelerometer                    0x080023e7   Thumb Code    80  mpu6050.o(.text)
    MPU_Write_Len                            0x08002437   Thumb Code    96  mpu6050.o(.text)
    MPU_IIC_Delay                            0x080024a9   Thumb Code    10  mpuiic.o(.text)
    MPU_IIC_Init                             0x080024b3   Thumb Code    38  mpuiic.o(.text)
    MPU_IIC_Start                            0x080024d9   Thumb Code    60  mpuiic.o(.text)
    MPU_IIC_Stop                             0x08002515   Thumb Code    62  mpuiic.o(.text)
    MPU_IIC_Wait_Ack                         0x08002553   Thumb Code    86  mpuiic.o(.text)
    MPU_IIC_Ack                              0x080025a9   Thumb Code    66  mpuiic.o(.text)
    MPU_IIC_NAck                             0x080025eb   Thumb Code    66  mpuiic.o(.text)
    MPU_IIC_Send_Byte                        0x0800262d   Thumb Code    82  mpuiic.o(.text)
    MPU_IIC_Read_Byte                        0x0800267f   Thumb Code    96  mpuiic.o(.text)
    mpu_reg_dump                             0x08002777   Thumb Code    84  inv_mpu.o(.text)
    mpu_read_reg                             0x080027cb   Thumb Code    66  inv_mpu.o(.text)
    mpu_set_int_latched                      0x0800280d   Thumb Code   102  inv_mpu.o(.text)
    mpu_set_sensors                          0x08002873   Thumb Code   202  inv_mpu.o(.text)
    mpu_set_bypass                           0x0800293d   Thumb Code   328  inv_mpu.o(.text)
    mpu_reset_fifo                           0x08002a85   Thumb Code   472  inv_mpu.o(.text)
    mpu_configure_fifo                       0x08002c5d   Thumb Code   106  inv_mpu.o(.text)
    mpu_set_lpf                              0x08002cc7   Thumb Code   126  inv_mpu.o(.text)
    mpu_lp_accel_mode                        0x08002d45   Thumb Code   218  inv_mpu.o(.text)
    mpu_set_sample_rate                      0x08002e1f   Thumb Code   152  inv_mpu.o(.text)
    mpu_set_accel_fsr                        0x08002eb7   Thumb Code   132  inv_mpu.o(.text)
    mpu_set_gyro_fsr                         0x08002f3b   Thumb Code   132  inv_mpu.o(.text)
    mpu_init                                 0x08002fbf   Thumb Code   416  inv_mpu.o(.text)
    mget_ms                                  0x0800315f   Thumb Code     2  inv_mpu.o(.text)
    mpu_get_gyro_reg                         0x08003161   Thumb Code   110  inv_mpu.o(.text)
    mpu_get_accel_reg                        0x080031cf   Thumb Code   110  inv_mpu.o(.text)
    mpu_get_temperature                      0x0800323d   Thumb Code   150  inv_mpu.o(.text)
    mpu_set_accel_bias                       0x080032d3   Thumb Code   468  inv_mpu.o(.text)
    mpu_get_gyro_fsr                         0x080034a7   Thumb Code    64  inv_mpu.o(.text)
    mpu_get_accel_fsr                        0x080034e7   Thumb Code    72  inv_mpu.o(.text)
    mpu_get_lpf                              0x0800352f   Thumb Code    74  inv_mpu.o(.text)
    mpu_get_sample_rate                      0x08003579   Thumb Code    26  inv_mpu.o(.text)
    mpu_get_compass_sample_rate              0x08003593   Thumb Code    10  inv_mpu.o(.text)
    mpu_set_compass_sample_rate              0x0800359d   Thumb Code     8  inv_mpu.o(.text)
    mpu_get_gyro_sens                        0x080035a5   Thumb Code    58  inv_mpu.o(.text)
    mpu_get_accel_sens                       0x080035df   Thumb Code    78  inv_mpu.o(.text)
    mpu_get_fifo_config                      0x0800362d   Thumb Code    12  inv_mpu.o(.text)
    mpu_get_power_state                      0x08003639   Thumb Code    22  inv_mpu.o(.text)
    mpu_get_int_status                       0x0800364f   Thumb Code    64  inv_mpu.o(.text)
    mpu_read_fifo                            0x0800368f   Thumb Code   520  inv_mpu.o(.text)
    mpu_read_fifo_stream                     0x08003897   Thumb Code   186  inv_mpu.o(.text)
    mpu_set_int_level                        0x08003951   Thumb Code    12  inv_mpu.o(.text)
    mpu_set_dmp_state                        0x08004031   Thumb Code   138  inv_mpu.o(.text)
    mpu_run_self_test                        0x080040bb   Thumb Code   278  inv_mpu.o(.text)
    mpu_write_mem                            0x080041d1   Thumb Code   122  inv_mpu.o(.text)
    mpu_read_mem                             0x0800424b   Thumb Code   122  inv_mpu.o(.text)
    mpu_load_firmware                        0x080042c5   Thumb Code   190  inv_mpu.o(.text)
    mpu_get_dmp_state                        0x08004383   Thumb Code    14  inv_mpu.o(.text)
    setup_compass                            0x08004391   Thumb Code     6  inv_mpu.o(.text)
    mpu_get_compass_reg                      0x08004397   Thumb Code     8  inv_mpu.o(.text)
    mpu_get_compass_fsr                      0x0800439f   Thumb Code     8  inv_mpu.o(.text)
    mpu_lp_motion_interrupt                  0x080043a7   Thumb Code   512  inv_mpu.o(.text)
    run_self_test                            0x080045a7   Thumb Code   148  inv_mpu.o(.text)
    inv_row_2_scale                          0x0800463b   Thumb Code    78  inv_mpu.o(.text)
    inv_orientation_matrix_to_scalar         0x08004689   Thumb Code    40  inv_mpu.o(.text)
    mpu_dmp_init                             0x080046b1   Thumb Code   148  inv_mpu.o(.text)
    mpu_dmp_get_data                         0x08004745   Thumb Code   554  inv_mpu.o(.text)
    dmp_load_motion_driver_firmware          0x08004975   Thumb Code    20  inv_mpu_dmp_motion_driver.o(.text)
    dmp_set_orientation                      0x08004989   Thumb Code   290  inv_mpu_dmp_motion_driver.o(.text)
    dmp_set_gyro_bias                        0x08004aab   Thumb Code   294  inv_mpu_dmp_motion_driver.o(.text)
    dmp_set_accel_bias                       0x08004bd1   Thumb Code   300  inv_mpu_dmp_motion_driver.o(.text)
    dmp_set_fifo_rate                        0x08004cfd   Thumb Code   136  inv_mpu_dmp_motion_driver.o(.text)
    dmp_get_fifo_rate                        0x08004d85   Thumb Code    12  inv_mpu_dmp_motion_driver.o(.text)
    dmp_set_tap_thresh                       0x08004d91   Thumb Code   396  inv_mpu_dmp_motion_driver.o(.text)
    dmp_set_tap_axes                         0x08004f1d   Thumb Code    70  inv_mpu_dmp_motion_driver.o(.text)
    dmp_set_tap_count                        0x08004f63   Thumb Code    38  inv_mpu_dmp_motion_driver.o(.text)
    dmp_set_tap_time                         0x08004f89   Thumb Code    38  inv_mpu_dmp_motion_driver.o(.text)
    dmp_set_tap_time_multi                   0x08004faf   Thumb Code    38  inv_mpu_dmp_motion_driver.o(.text)
    dmp_set_shake_reject_thresh              0x08004fd5   Thumb Code    56  inv_mpu_dmp_motion_driver.o(.text)
    dmp_set_shake_reject_time                0x0800500d   Thumb Code    38  inv_mpu_dmp_motion_driver.o(.text)
    dmp_set_shake_reject_timeout             0x08005033   Thumb Code    38  inv_mpu_dmp_motion_driver.o(.text)
    dmp_get_pedometer_step_count             0x08005059   Thumb Code    66  inv_mpu_dmp_motion_driver.o(.text)
    dmp_set_pedometer_step_count             0x0800509b   Thumb Code    42  inv_mpu_dmp_motion_driver.o(.text)
    dmp_get_pedometer_walk_time              0x080050c5   Thumb Code    72  inv_mpu_dmp_motion_driver.o(.text)
    dmp_set_pedometer_walk_time              0x0800510d   Thumb Code    48  inv_mpu_dmp_motion_driver.o(.text)
    dmp_enable_6x_lp_quat                    0x0800513d   Thumb Code    84  inv_mpu_dmp_motion_driver.o(.text)
    dmp_enable_lp_quat                       0x08005191   Thumb Code    60  inv_mpu_dmp_motion_driver.o(.text)
    dmp_enable_gyro_cal                      0x080051cd   Thumb Code    62  inv_mpu_dmp_motion_driver.o(.text)
    dmp_enable_feature                       0x0800520b   Thumb Code   530  inv_mpu_dmp_motion_driver.o(.text)
    dmp_get_enabled_features                 0x0800541d   Thumb Code    12  inv_mpu_dmp_motion_driver.o(.text)
    dmp_set_interrupt_mode                   0x08005487   Thumb Code    66  inv_mpu_dmp_motion_driver.o(.text)
    dmp_read_fifo                            0x080054c9   Thumb Code   514  inv_mpu_dmp_motion_driver.o(.text)
    dmp_register_tap_cb                      0x080056cb   Thumb Code    10  inv_mpu_dmp_motion_driver.o(.text)
    dmp_register_android_orient_cb           0x080056d5   Thumb Code    10  inv_mpu_dmp_motion_driver.o(.text)
    uart2_init                               0x080056e5   Thumb Code   126  usart2.o(.text)
    BluetoothCMD                             0x08005763   Thumb Code   278  usart2.o(.text)
    USART2_IRQHandler                        0x08005879   Thumb Code    30  usart2.o(.text)
    Uart2SendByte                            0x08005897   Thumb Code    28  usart2.o(.text)
    Uart2SendBuf                             0x080058b3   Thumb Code    28  usart2.o(.text)
    Uart2SendStr                             0x080058cf   Thumb Code    34  usart2.o(.text)
    PlugIn_Init                              0x08005909   Thumb Code    32  usb_plugin.o(.text)
    PlugIn_Test                              0x08005929   Thumb Code    24  usb_plugin.o(.text)
    SR04_Configuration                       0x08005951   Thumb Code   100  sr04.o(.text)
    EXTI15_10_IRQHandler                     0x080059b5   Thumb Code   106  sr04.o(.text)
    SR04_StartMeasure                        0x08005a1f   Thumb Code    30  sr04.o(.text)
    Timer4_Init                              0x08005a3d   Thumb Code    42  sr04.o(.text)
    TIM4_IRQHandler                          0x08005a67   Thumb Code    22  sr04.o(.text)
    PS2_Init                                 0x08005a8d   Thumb Code    82  ps2.o(.text)
    PS2_Cmd                                  0x08005adf   Thumb Code   128  ps2.o(.text)
    PS2_RedLight                             0x08005b5f   Thumb Code    50  ps2.o(.text)
    PS2_ReadData                             0x08005b91   Thumb Code   166  ps2.o(.text)
    PS2_ClearData                            0x08005c37   Thumb Code    20  ps2.o(.text)
    PS2_DataKey                              0x08005c4b   Thumb Code    70  ps2.o(.text)
    PS2_AnologData                           0x08005c91   Thumb Code     8  ps2.o(.text)
    PS2_Vibration                            0x08005c99   Thumb Code    90  ps2.o(.text)
    PS2_ShortPoll                            0x08005cf3   Thumb Code    62  ps2.o(.text)
    PS2_EnterConfing                         0x08005d31   Thumb Code    86  ps2.o(.text)
    PS2_TurnOnAnalogMode                     0x08005d87   Thumb Code    80  ps2.o(.text)
    PS2_VibrationMode                        0x08005dd7   Thumb Code    62  ps2.o(.text)
    PS2_ExitConfing                          0x08005e15   Thumb Code    86  ps2.o(.text)
    PS2_SetInit                              0x08005e6b   Thumb Code    70  ps2.o(.text)
    Reset_Handler                            0x08005eb1   Thumb Code     8  startup_stm32f10x_md.o(.text)
    ADC1_2_IRQHandler                        0x08005ecb   Thumb Code     0  startup_stm32f10x_md.o(.text)
    CAN1_RX1_IRQHandler                      0x08005ecb   Thumb Code     0  startup_stm32f10x_md.o(.text)
    CAN1_SCE_IRQHandler                      0x08005ecb   Thumb Code     0  startup_stm32f10x_md.o(.text)
    DMA1_Channel1_IRQHandler                 0x08005ecb   Thumb Code     0  startup_stm32f10x_md.o(.text)
    DMA1_Channel2_IRQHandler                 0x08005ecb   Thumb Code     0  startup_stm32f10x_md.o(.text)
    DMA1_Channel3_IRQHandler                 0x08005ecb   Thumb Code     0  startup_stm32f10x_md.o(.text)
    DMA1_Channel4_IRQHandler                 0x08005ecb   Thumb Code     0  startup_stm32f10x_md.o(.text)
    DMA1_Channel5_IRQHandler                 0x08005ecb   Thumb Code     0  startup_stm32f10x_md.o(.text)
    DMA1_Channel6_IRQHandler                 0x08005ecb   Thumb Code     0  startup_stm32f10x_md.o(.text)
    DMA1_Channel7_IRQHandler                 0x08005ecb   Thumb Code     0  startup_stm32f10x_md.o(.text)
    EXTI0_IRQHandler                         0x08005ecb   Thumb Code     0  startup_stm32f10x_md.o(.text)
    EXTI1_IRQHandler                         0x08005ecb   Thumb Code     0  startup_stm32f10x_md.o(.text)
    EXTI2_IRQHandler                         0x08005ecb   Thumb Code     0  startup_stm32f10x_md.o(.text)
    EXTI3_IRQHandler                         0x08005ecb   Thumb Code     0  startup_stm32f10x_md.o(.text)
    EXTI4_IRQHandler                         0x08005ecb   Thumb Code     0  startup_stm32f10x_md.o(.text)
    FLASH_IRQHandler                         0x08005ecb   Thumb Code     0  startup_stm32f10x_md.o(.text)
    I2C1_ER_IRQHandler                       0x08005ecb   Thumb Code     0  startup_stm32f10x_md.o(.text)
    I2C1_EV_IRQHandler                       0x08005ecb   Thumb Code     0  startup_stm32f10x_md.o(.text)
    I2C2_ER_IRQHandler                       0x08005ecb   Thumb Code     0  startup_stm32f10x_md.o(.text)
    I2C2_EV_IRQHandler                       0x08005ecb   Thumb Code     0  startup_stm32f10x_md.o(.text)
    PVD_IRQHandler                           0x08005ecb   Thumb Code     0  startup_stm32f10x_md.o(.text)
    RCC_IRQHandler                           0x08005ecb   Thumb Code     0  startup_stm32f10x_md.o(.text)
    RTCAlarm_IRQHandler                      0x08005ecb   Thumb Code     0  startup_stm32f10x_md.o(.text)
    RTC_IRQHandler                           0x08005ecb   Thumb Code     0  startup_stm32f10x_md.o(.text)
    SPI1_IRQHandler                          0x08005ecb   Thumb Code     0  startup_stm32f10x_md.o(.text)
    SPI2_IRQHandler                          0x08005ecb   Thumb Code     0  startup_stm32f10x_md.o(.text)
    TAMPER_IRQHandler                        0x08005ecb   Thumb Code     0  startup_stm32f10x_md.o(.text)
    TIM1_BRK_IRQHandler                      0x08005ecb   Thumb Code     0  startup_stm32f10x_md.o(.text)
    TIM1_CC_IRQHandler                       0x08005ecb   Thumb Code     0  startup_stm32f10x_md.o(.text)
    TIM1_TRG_COM_IRQHandler                  0x08005ecb   Thumb Code     0  startup_stm32f10x_md.o(.text)
    TIM1_UP_IRQHandler                       0x08005ecb   Thumb Code     0  startup_stm32f10x_md.o(.text)
    TIM2_IRQHandler                          0x08005ecb   Thumb Code     0  startup_stm32f10x_md.o(.text)
    TIM3_IRQHandler                          0x08005ecb   Thumb Code     0  startup_stm32f10x_md.o(.text)
    USART3_IRQHandler                        0x08005ecb   Thumb Code     0  startup_stm32f10x_md.o(.text)
    USBWakeUp_IRQHandler                     0x08005ecb   Thumb Code     0  startup_stm32f10x_md.o(.text)
    USB_HP_CAN1_TX_IRQHandler                0x08005ecb   Thumb Code     0  startup_stm32f10x_md.o(.text)
    USB_LP_CAN1_RX0_IRQHandler               0x08005ecb   Thumb Code     0  startup_stm32f10x_md.o(.text)
    WWDG_IRQHandler                          0x08005ecb   Thumb Code     0  startup_stm32f10x_md.o(.text)
    NVIC_PriorityGroupConfig                 0x08005ed5   Thumb Code    10  misc.o(.text)
    NVIC_Init                                0x08005edf   Thumb Code   100  misc.o(.text)
    NVIC_SetVectorTable                      0x08005f43   Thumb Code    14  misc.o(.text)
    NVIC_SystemLPConfig                      0x08005f51   Thumb Code    34  misc.o(.text)
    SysTick_CLKSourceConfig                  0x08005f73   Thumb Code    40  misc.o(.text)
    ADC_DeInit                               0x08005fb1   Thumb Code    78  stm32f10x_adc.o(.text)
    ADC_Init                                 0x08005fff   Thumb Code    70  stm32f10x_adc.o(.text)
    ADC_StructInit                           0x08006045   Thumb Code    18  stm32f10x_adc.o(.text)
    ADC_Cmd                                  0x08006057   Thumb Code    22  stm32f10x_adc.o(.text)
    ADC_DMACmd                               0x0800606d   Thumb Code    22  stm32f10x_adc.o(.text)
    ADC_ITConfig                             0x08006083   Thumb Code    24  stm32f10x_adc.o(.text)
    ADC_ResetCalibration                     0x0800609b   Thumb Code    10  stm32f10x_adc.o(.text)
    ADC_GetResetCalibrationStatus            0x080060a5   Thumb Code    20  stm32f10x_adc.o(.text)
    ADC_StartCalibration                     0x080060b9   Thumb Code    10  stm32f10x_adc.o(.text)
    ADC_GetCalibrationStatus                 0x080060c3   Thumb Code    20  stm32f10x_adc.o(.text)
    ADC_SoftwareStartConvCmd                 0x080060d7   Thumb Code    22  stm32f10x_adc.o(.text)
    ADC_GetSoftwareStartConvStatus           0x080060ed   Thumb Code    20  stm32f10x_adc.o(.text)
    ADC_DiscModeChannelCountConfig           0x08006101   Thumb Code    24  stm32f10x_adc.o(.text)
    ADC_DiscModeCmd                          0x08006119   Thumb Code    22  stm32f10x_adc.o(.text)
    ADC_RegularChannelConfig                 0x0800612f   Thumb Code   184  stm32f10x_adc.o(.text)
    ADC_ExternalTrigConvCmd                  0x080061e7   Thumb Code    22  stm32f10x_adc.o(.text)
    ADC_GetConversionValue                   0x080061fd   Thumb Code     8  stm32f10x_adc.o(.text)
    ADC_GetDualModeConversionValue           0x08006205   Thumb Code     8  stm32f10x_adc.o(.text)
    ADC_AutoInjectedConvCmd                  0x0800620d   Thumb Code    22  stm32f10x_adc.o(.text)
    ADC_InjectedDiscModeCmd                  0x08006223   Thumb Code    22  stm32f10x_adc.o(.text)
    ADC_ExternalTrigInjectedConvConfig       0x08006239   Thumb Code    16  stm32f10x_adc.o(.text)
    ADC_ExternalTrigInjectedConvCmd          0x08006249   Thumb Code    22  stm32f10x_adc.o(.text)
    ADC_SoftwareStartInjectedConvCmd         0x0800625f   Thumb Code    22  stm32f10x_adc.o(.text)
    ADC_GetSoftwareStartInjectedConvCmdStatus 0x08006275   Thumb Code    20  stm32f10x_adc.o(.text)
    ADC_InjectedChannelConfig                0x08006289   Thumb Code   130  stm32f10x_adc.o(.text)
    ADC_InjectedSequencerLengthConfig        0x0800630b   Thumb Code    24  stm32f10x_adc.o(.text)
    ADC_SetInjectedOffset                    0x08006323   Thumb Code    20  stm32f10x_adc.o(.text)
    ADC_GetInjectedConversionValue           0x08006337   Thumb Code    28  stm32f10x_adc.o(.text)
    ADC_AnalogWatchdogCmd                    0x08006353   Thumb Code    16  stm32f10x_adc.o(.text)
    ADC_AnalogWatchdogThresholdsConfig       0x08006363   Thumb Code     6  stm32f10x_adc.o(.text)
    ADC_AnalogWatchdogSingleChannelConfig    0x08006369   Thumb Code    16  stm32f10x_adc.o(.text)
    ADC_TempSensorVrefintCmd                 0x08006379   Thumb Code    64  stm32f10x_adc.o(.text)
    ADC_GetFlagStatus                        0x080063b9   Thumb Code    18  stm32f10x_adc.o(.text)
    ADC_ClearFlag                            0x080063cb   Thumb Code     6  stm32f10x_adc.o(.text)
    ADC_GetITStatus                          0x080063d1   Thumb Code    36  stm32f10x_adc.o(.text)
    ADC_ClearITPendingBit                    0x080063f5   Thumb Code    10  stm32f10x_adc.o(.text)
    EXTI_DeInit                              0x08006401   Thumb Code    28  stm32f10x_exti.o(.text)
    EXTI_Init                                0x0800641d   Thumb Code   142  stm32f10x_exti.o(.text)
    EXTI_StructInit                          0x080064ab   Thumb Code    16  stm32f10x_exti.o(.text)
    EXTI_GenerateSWInterrupt                 0x080064bb   Thumb Code    16  stm32f10x_exti.o(.text)
    EXTI_GetFlagStatus                       0x080064cb   Thumb Code    22  stm32f10x_exti.o(.text)
    EXTI_ClearFlag                           0x080064e1   Thumb Code     8  stm32f10x_exti.o(.text)
    EXTI_GetITStatus                         0x080064e9   Thumb Code    34  stm32f10x_exti.o(.text)
    EXTI_ClearITPendingBit                   0x0800650b   Thumb Code     8  stm32f10x_exti.o(.text)
    GPIO_DeInit                              0x0800651d   Thumb Code   172  stm32f10x_gpio.o(.text)
    GPIO_AFIODeInit                          0x080065c9   Thumb Code    20  stm32f10x_gpio.o(.text)
    GPIO_Init                                0x080065dd   Thumb Code   278  stm32f10x_gpio.o(.text)
    GPIO_StructInit                          0x080066f3   Thumb Code    16  stm32f10x_gpio.o(.text)
    GPIO_ReadInputDataBit                    0x08006703   Thumb Code    18  stm32f10x_gpio.o(.text)
    GPIO_ReadInputData                       0x08006715   Thumb Code     8  stm32f10x_gpio.o(.text)
    GPIO_ReadOutputDataBit                   0x0800671d   Thumb Code    18  stm32f10x_gpio.o(.text)
    GPIO_ReadOutputData                      0x0800672f   Thumb Code     8  stm32f10x_gpio.o(.text)
    GPIO_SetBits                             0x08006737   Thumb Code     4  stm32f10x_gpio.o(.text)
    GPIO_ResetBits                           0x0800673b   Thumb Code     4  stm32f10x_gpio.o(.text)
    GPIO_WriteBit                            0x0800673f   Thumb Code    10  stm32f10x_gpio.o(.text)
    GPIO_Write                               0x08006749   Thumb Code     4  stm32f10x_gpio.o(.text)
    GPIO_PinLockConfig                       0x0800674d   Thumb Code    18  stm32f10x_gpio.o(.text)
    GPIO_EventOutputConfig                   0x0800675f   Thumb Code    26  stm32f10x_gpio.o(.text)
    GPIO_EventOutputCmd                      0x08006779   Thumb Code     6  stm32f10x_gpio.o(.text)
    GPIO_PinRemapConfig                      0x0800677f   Thumb Code   138  stm32f10x_gpio.o(.text)
    GPIO_EXTILineConfig                      0x08006809   Thumb Code    66  stm32f10x_gpio.o(.text)
    GPIO_ETH_MediaInterfaceConfig            0x0800684b   Thumb Code     8  stm32f10x_gpio.o(.text)
    RCC_DeInit                               0x08006879   Thumb Code    64  stm32f10x_rcc.o(.text)
    RCC_HSEConfig                            0x080068b9   Thumb Code    70  stm32f10x_rcc.o(.text)
    RCC_GetFlagStatus                        0x080068ff   Thumb Code    56  stm32f10x_rcc.o(.text)
    RCC_WaitForHSEStartUp                    0x08006937   Thumb Code    56  stm32f10x_rcc.o(.text)
    RCC_AdjustHSICalibrationValue            0x0800696f   Thumb Code    20  stm32f10x_rcc.o(.text)
    RCC_HSICmd                               0x08006983   Thumb Code     6  stm32f10x_rcc.o(.text)
    RCC_PLLConfig                            0x08006989   Thumb Code    24  stm32f10x_rcc.o(.text)
    RCC_PLLCmd                               0x080069a1   Thumb Code     6  stm32f10x_rcc.o(.text)
    RCC_SYSCLKConfig                         0x080069a7   Thumb Code    18  stm32f10x_rcc.o(.text)
    RCC_GetSYSCLKSource                      0x080069b9   Thumb Code    10  stm32f10x_rcc.o(.text)
    RCC_HCLKConfig                           0x080069c3   Thumb Code    18  stm32f10x_rcc.o(.text)
    RCC_PCLK1Config                          0x080069d5   Thumb Code    18  stm32f10x_rcc.o(.text)
    RCC_PCLK2Config                          0x080069e7   Thumb Code    20  stm32f10x_rcc.o(.text)
    RCC_ITConfig                             0x080069fb   Thumb Code    26  stm32f10x_rcc.o(.text)
    RCC_USBCLKConfig                         0x08006a15   Thumb Code     8  stm32f10x_rcc.o(.text)
    RCC_ADCCLKConfig                         0x08006a1d   Thumb Code    18  stm32f10x_rcc.o(.text)
    RCC_LSEConfig                            0x08006a2f   Thumb Code    50  stm32f10x_rcc.o(.text)
    RCC_LSICmd                               0x08006a61   Thumb Code     6  stm32f10x_rcc.o(.text)
    RCC_RTCCLKConfig                         0x08006a67   Thumb Code    12  stm32f10x_rcc.o(.text)
    RCC_RTCCLKCmd                            0x08006a73   Thumb Code     8  stm32f10x_rcc.o(.text)
    RCC_GetClocksFreq                        0x08006a7b   Thumb Code   192  stm32f10x_rcc.o(.text)
    RCC_AHBPeriphClockCmd                    0x08006b3b   Thumb Code    26  stm32f10x_rcc.o(.text)
    RCC_APB2PeriphClockCmd                   0x08006b55   Thumb Code    26  stm32f10x_rcc.o(.text)
    RCC_APB1PeriphClockCmd                   0x08006b6f   Thumb Code    26  stm32f10x_rcc.o(.text)
    RCC_APB2PeriphResetCmd                   0x08006b89   Thumb Code    26  stm32f10x_rcc.o(.text)
    RCC_APB1PeriphResetCmd                   0x08006ba3   Thumb Code    26  stm32f10x_rcc.o(.text)
    RCC_BackupResetCmd                       0x08006bbd   Thumb Code     8  stm32f10x_rcc.o(.text)
    RCC_ClockSecuritySystemCmd               0x08006bc5   Thumb Code     6  stm32f10x_rcc.o(.text)
    RCC_MCOConfig                            0x08006bcb   Thumb Code     6  stm32f10x_rcc.o(.text)
    RCC_ClearFlag                            0x08006bd1   Thumb Code    14  stm32f10x_rcc.o(.text)
    RCC_GetITStatus                          0x08006bdf   Thumb Code    20  stm32f10x_rcc.o(.text)
    RCC_ClearITPendingBit                    0x08006bf3   Thumb Code     6  stm32f10x_rcc.o(.text)
    TIM_DeInit                               0x08006c1d   Thumb Code   424  stm32f10x_tim.o(.text)
    TIM_TimeBaseInit                         0x08006dc5   Thumb Code   122  stm32f10x_tim.o(.text)
    TIM_OC1Init                              0x08006e3f   Thumb Code   132  stm32f10x_tim.o(.text)
    TIM_OC2Init                              0x08006ec3   Thumb Code   154  stm32f10x_tim.o(.text)
    TIM_OC3Init                              0x08006f5d   Thumb Code   150  stm32f10x_tim.o(.text)
    TIM_OC4Init                              0x08006ff3   Thumb Code   182  stm32f10x_tim.o(.text)
    TIM_SetIC4Prescaler                      0x080070a9   Thumb Code    26  stm32f10x_tim.o(.text)
    TIM_SetIC3Prescaler                      0x08007145   Thumb Code    18  stm32f10x_tim.o(.text)
    TIM_SetIC2Prescaler                      0x080071d1   Thumb Code    26  stm32f10x_tim.o(.text)
    TIM_SetIC1Prescaler                      0x0800726d   Thumb Code    18  stm32f10x_tim.o(.text)
    TIM_ICInit                               0x080072eb   Thumb Code   150  stm32f10x_tim.o(.text)
    TIM_PWMIConfig                           0x08007381   Thumb Code   124  stm32f10x_tim.o(.text)
    TIM_BDTRConfig                           0x080073fd   Thumb Code    32  stm32f10x_tim.o(.text)
    TIM_TimeBaseStructInit                   0x0800741d   Thumb Code    18  stm32f10x_tim.o(.text)
    TIM_OCStructInit                         0x0800742f   Thumb Code    20  stm32f10x_tim.o(.text)
    TIM_ICStructInit                         0x08007443   Thumb Code    18  stm32f10x_tim.o(.text)
    TIM_BDTRStructInit                       0x08007455   Thumb Code    40  stm32f10x_tim.o(.text)
    TIM_Cmd                                  0x0800747d   Thumb Code    24  stm32f10x_tim.o(.text)
    TIM_CtrlPWMOutputs                       0x08007495   Thumb Code    30  stm32f10x_tim.o(.text)
    TIM_ITConfig                             0x080074b3   Thumb Code    18  stm32f10x_tim.o(.text)
    TIM_GenerateEvent                        0x080074c5   Thumb Code     4  stm32f10x_tim.o(.text)
    TIM_DMAConfig                            0x080074c9   Thumb Code    10  stm32f10x_tim.o(.text)
    TIM_DMACmd                               0x080074d3   Thumb Code    18  stm32f10x_tim.o(.text)
    TIM_InternalClockConfig                  0x080074e5   Thumb Code    12  stm32f10x_tim.o(.text)
    TIM_SelectInputTrigger                   0x080074f1   Thumb Code    18  stm32f10x_tim.o(.text)
    TIM_ITRxExternalClockConfig              0x08007503   Thumb Code    24  stm32f10x_tim.o(.text)
    TIM_TIxExternalClockConfig               0x0800751b   Thumb Code    62  stm32f10x_tim.o(.text)
    TIM_ETRConfig                            0x08007559   Thumb Code    28  stm32f10x_tim.o(.text)
    TIM_ETRClockMode1Config                  0x08007575   Thumb Code    54  stm32f10x_tim.o(.text)
    TIM_ETRClockMode2Config                  0x080075ab   Thumb Code    32  stm32f10x_tim.o(.text)
    TIM_PrescalerConfig                      0x080075cb   Thumb Code     6  stm32f10x_tim.o(.text)
    TIM_CounterModeConfig                    0x080075d1   Thumb Code    18  stm32f10x_tim.o(.text)
    TIM_EncoderInterfaceConfig               0x080075e3   Thumb Code    66  stm32f10x_tim.o(.text)
    TIM_ForcedOC1Config                      0x08007625   Thumb Code    18  stm32f10x_tim.o(.text)
    TIM_ForcedOC2Config                      0x08007637   Thumb Code    26  stm32f10x_tim.o(.text)
    TIM_ForcedOC3Config                      0x08007651   Thumb Code    18  stm32f10x_tim.o(.text)
    TIM_ForcedOC4Config                      0x08007663   Thumb Code    26  stm32f10x_tim.o(.text)
    TIM_ARRPreloadConfig                     0x0800767d   Thumb Code    24  stm32f10x_tim.o(.text)
    TIM_SelectCOM                            0x08007695   Thumb Code    24  stm32f10x_tim.o(.text)
    TIM_SelectCCDMA                          0x080076ad   Thumb Code    24  stm32f10x_tim.o(.text)
    TIM_CCPreloadControl                     0x080076c5   Thumb Code    24  stm32f10x_tim.o(.text)
    TIM_OC1PreloadConfig                     0x080076dd   Thumb Code    18  stm32f10x_tim.o(.text)
    TIM_OC2PreloadConfig                     0x080076ef   Thumb Code    26  stm32f10x_tim.o(.text)
    TIM_OC3PreloadConfig                     0x08007709   Thumb Code    18  stm32f10x_tim.o(.text)
    TIM_OC4PreloadConfig                     0x0800771b   Thumb Code    26  stm32f10x_tim.o(.text)
    TIM_OC1FastConfig                        0x08007735   Thumb Code    18  stm32f10x_tim.o(.text)
    TIM_OC2FastConfig                        0x08007747   Thumb Code    26  stm32f10x_tim.o(.text)
    TIM_OC3FastConfig                        0x08007761   Thumb Code    18  stm32f10x_tim.o(.text)
    TIM_OC4FastConfig                        0x08007773   Thumb Code    26  stm32f10x_tim.o(.text)
    TIM_ClearOC1Ref                          0x0800778d   Thumb Code    18  stm32f10x_tim.o(.text)
    TIM_ClearOC2Ref                          0x0800779f   Thumb Code    24  stm32f10x_tim.o(.text)
    TIM_ClearOC3Ref                          0x080077b7   Thumb Code    18  stm32f10x_tim.o(.text)
    TIM_ClearOC4Ref                          0x080077c9   Thumb Code    24  stm32f10x_tim.o(.text)
    TIM_OC1PolarityConfig                    0x080077e1   Thumb Code    18  stm32f10x_tim.o(.text)
    TIM_OC1NPolarityConfig                   0x080077f3   Thumb Code    18  stm32f10x_tim.o(.text)
    TIM_OC2PolarityConfig                    0x08007805   Thumb Code    26  stm32f10x_tim.o(.text)
    TIM_OC2NPolarityConfig                   0x0800781f   Thumb Code    26  stm32f10x_tim.o(.text)
    TIM_OC3PolarityConfig                    0x08007839   Thumb Code    26  stm32f10x_tim.o(.text)
    TIM_OC3NPolarityConfig                   0x08007853   Thumb Code    26  stm32f10x_tim.o(.text)
    TIM_OC4PolarityConfig                    0x0800786d   Thumb Code    26  stm32f10x_tim.o(.text)
    TIM_CCxCmd                               0x08007887   Thumb Code    30  stm32f10x_tim.o(.text)
    TIM_CCxNCmd                              0x080078a5   Thumb Code    30  stm32f10x_tim.o(.text)
    TIM_SelectOCxM                           0x080078c3   Thumb Code    82  stm32f10x_tim.o(.text)
    TIM_UpdateDisableConfig                  0x08007915   Thumb Code    24  stm32f10x_tim.o(.text)
    TIM_UpdateRequestConfig                  0x0800792d   Thumb Code    24  stm32f10x_tim.o(.text)
    TIM_SelectHallSensor                     0x08007945   Thumb Code    24  stm32f10x_tim.o(.text)
    TIM_SelectOnePulseMode                   0x0800795d   Thumb Code    18  stm32f10x_tim.o(.text)
    TIM_SelectOutputTrigger                  0x0800796f   Thumb Code    18  stm32f10x_tim.o(.text)
    TIM_SelectSlaveMode                      0x08007981   Thumb Code    18  stm32f10x_tim.o(.text)
    TIM_SelectMasterSlaveMode                0x08007993   Thumb Code    18  stm32f10x_tim.o(.text)
    TIM_SetCounter                           0x080079a5   Thumb Code     4  stm32f10x_tim.o(.text)
    TIM_SetAutoreload                        0x080079a9   Thumb Code     4  stm32f10x_tim.o(.text)
    TIM_SetCompare1                          0x080079ad   Thumb Code     4  stm32f10x_tim.o(.text)
    TIM_SetCompare2                          0x080079b1   Thumb Code     4  stm32f10x_tim.o(.text)
    TIM_SetCompare3                          0x080079b5   Thumb Code     4  stm32f10x_tim.o(.text)
    TIM_SetCompare4                          0x080079b9   Thumb Code     6  stm32f10x_tim.o(.text)
    TIM_SetClockDivision                     0x080079bf   Thumb Code    18  stm32f10x_tim.o(.text)
    TIM_GetCapture1                          0x080079d1   Thumb Code     6  stm32f10x_tim.o(.text)
    TIM_GetCapture2                          0x080079d7   Thumb Code     6  stm32f10x_tim.o(.text)
    TIM_GetCapture3                          0x080079dd   Thumb Code     6  stm32f10x_tim.o(.text)
    TIM_GetCapture4                          0x080079e3   Thumb Code     8  stm32f10x_tim.o(.text)
    TIM_GetCounter                           0x080079eb   Thumb Code     6  stm32f10x_tim.o(.text)
    TIM_GetPrescaler                         0x080079f1   Thumb Code     6  stm32f10x_tim.o(.text)
    TIM_GetFlagStatus                        0x080079f7   Thumb Code    18  stm32f10x_tim.o(.text)
    TIM_ClearFlag                            0x08007a09   Thumb Code     6  stm32f10x_tim.o(.text)
    TIM_GetITStatus                          0x08007a0f   Thumb Code    34  stm32f10x_tim.o(.text)
    TIM_ClearITPendingBit                    0x08007a31   Thumb Code     6  stm32f10x_tim.o(.text)
    USART_DeInit                             0x08007a39   Thumb Code   134  stm32f10x_usart.o(.text)
    USART_Init                               0x08007abf   Thumb Code   210  stm32f10x_usart.o(.text)
    USART_StructInit                         0x08007b91   Thumb Code    24  stm32f10x_usart.o(.text)
    USART_ClockInit                          0x08007ba9   Thumb Code    34  stm32f10x_usart.o(.text)
    USART_ClockStructInit                    0x08007bcb   Thumb Code    12  stm32f10x_usart.o(.text)
    USART_Cmd                                0x08007bd7   Thumb Code    24  stm32f10x_usart.o(.text)
    USART_ITConfig                           0x08007bef   Thumb Code    74  stm32f10x_usart.o(.text)
    USART_DMACmd                             0x08007c39   Thumb Code    18  stm32f10x_usart.o(.text)
    USART_SetAddress                         0x08007c4b   Thumb Code    18  stm32f10x_usart.o(.text)
    USART_WakeUpConfig                       0x08007c5d   Thumb Code    18  stm32f10x_usart.o(.text)
    USART_ReceiverWakeUpCmd                  0x08007c6f   Thumb Code    24  stm32f10x_usart.o(.text)
    USART_LINBreakDetectLengthConfig         0x08007c87   Thumb Code    18  stm32f10x_usart.o(.text)
    USART_LINCmd                             0x08007c99   Thumb Code    24  stm32f10x_usart.o(.text)
    USART_SendData                           0x08007cb1   Thumb Code     8  stm32f10x_usart.o(.text)
    USART_ReceiveData                        0x08007cb9   Thumb Code    10  stm32f10x_usart.o(.text)
    USART_SendBreak                          0x08007cc3   Thumb Code    10  stm32f10x_usart.o(.text)
    USART_SetGuardTime                       0x08007ccd   Thumb Code    16  stm32f10x_usart.o(.text)
    USART_SetPrescaler                       0x08007cdd   Thumb Code    16  stm32f10x_usart.o(.text)
    USART_SmartCardCmd                       0x08007ced   Thumb Code    24  stm32f10x_usart.o(.text)
    USART_SmartCardNACKCmd                   0x08007d05   Thumb Code    24  stm32f10x_usart.o(.text)
    USART_HalfDuplexCmd                      0x08007d1d   Thumb Code    24  stm32f10x_usart.o(.text)
    USART_OverSampling8Cmd                   0x08007d35   Thumb Code    22  stm32f10x_usart.o(.text)
    USART_OneBitMethodCmd                    0x08007d4b   Thumb Code    24  stm32f10x_usart.o(.text)
    USART_IrDAConfig                         0x08007d63   Thumb Code    18  stm32f10x_usart.o(.text)
    USART_IrDACmd                            0x08007d75   Thumb Code    24  stm32f10x_usart.o(.text)
    USART_GetFlagStatus                      0x08007d8d   Thumb Code    26  stm32f10x_usart.o(.text)
    USART_ClearFlag                          0x08007da7   Thumb Code    18  stm32f10x_usart.o(.text)
    USART_GetITStatus                        0x08007db9   Thumb Code    84  stm32f10x_usart.o(.text)
    USART_ClearITPendingBit                  0x08007e0d   Thumb Code    52  stm32f10x_usart.o(.text)
    __aeabi_ldivmod                          0x08007e41   Thumb Code    98  ldiv.o(.text)
    __aeabi_memset                           0x08007ea3   Thumb Code    14  memseta.o(.text)
    __aeabi_memset4                          0x08007ea3   Thumb Code     0  memseta.o(.text)
    __aeabi_memset8                          0x08007ea3   Thumb Code     0  memseta.o(.text)
    __aeabi_memclr                           0x08007eb1   Thumb Code     4  memseta.o(.text)
    __aeabi_memclr4                          0x08007eb1   Thumb Code     0  memseta.o(.text)
    __aeabi_memclr8                          0x08007eb1   Thumb Code     0  memseta.o(.text)
    _memset$wrapper                          0x08007eb5   Thumb Code    18  memseta.o(.text)
    strlen                                   0x08007ec7   Thumb Code    14  strlen.o(.text)
    memcmp                                   0x08007ed5   Thumb Code    26  memcmp.o(.text)
    __aeabi_fadd                             0x08007eef   Thumb Code   164  fadd.o(.text)
    __aeabi_fsub                             0x08007f93   Thumb Code     6  fadd.o(.text)
    __aeabi_frsub                            0x08007f99   Thumb Code     6  fadd.o(.text)
    __aeabi_fmul                             0x08007f9f   Thumb Code   100  fmul.o(.text)
    __aeabi_fdiv                             0x08008003   Thumb Code   124  fdiv.o(.text)
    __aeabi_dadd                             0x0800807f   Thumb Code   322  dadd.o(.text)
    __aeabi_dsub                             0x080081c1   Thumb Code     6  dadd.o(.text)
    __aeabi_drsub                            0x080081c7   Thumb Code     6  dadd.o(.text)
    __aeabi_dmul                             0x080081cd   Thumb Code   228  dmul.o(.text)
    __aeabi_ddiv                             0x080082b1   Thumb Code   222  ddiv.o(.text)
    __aeabi_i2f                              0x0800838f   Thumb Code    18  fflti.o(.text)
    __aeabi_ui2f                             0x080083a1   Thumb Code    10  ffltui.o(.text)
    __aeabi_i2d                              0x080083ab   Thumb Code    34  dflti.o(.text)
    __aeabi_ui2d                             0x080083cd   Thumb Code    26  dfltui.o(.text)
    __aeabi_f2iz                             0x080083e7   Thumb Code    50  ffixi.o(.text)
    __aeabi_f2uiz                            0x08008419   Thumb Code    40  ffixui.o(.text)
    __aeabi_d2iz                             0x08008441   Thumb Code    62  dfixi.o(.text)
    __aeabi_d2uiz                            0x0800847f   Thumb Code    50  dfixui.o(.text)
    __aeabi_f2d                              0x080084b1   Thumb Code    38  f2d.o(.text)
    __aeabi_cdcmpeq                          0x080084d9   Thumb Code     0  cdcmple.o(.text)
    __aeabi_cdcmple                          0x080084d9   Thumb Code    48  cdcmple.o(.text)
    __aeabi_d2f                              0x08008509   Thumb Code    56  d2f.o(.text)
    __aeabi_cfcmpeq                          0x08008541   Thumb Code     0  cfcmple.o(.text)
    __aeabi_cfcmple                          0x08008541   Thumb Code    20  cfcmple.o(.text)
    __aeabi_cfrcmple                         0x08008555   Thumb Code    20  cfrcmple.o(.text)
    __aeabi_uldivmod                         0x08008569   Thumb Code    98  uldiv.o(.text)
    __aeabi_llsl                             0x080085cb   Thumb Code    30  llshl.o(.text)
    _ll_shift_l                              0x080085cb   Thumb Code     0  llshl.o(.text)
    __aeabi_llsr                             0x080085e9   Thumb Code    32  llushr.o(.text)
    _ll_ushift_r                             0x080085e9   Thumb Code     0  llushr.o(.text)
    __aeabi_lasr                             0x08008609   Thumb Code    36  llsshr.o(.text)
    _ll_sshift_r                             0x08008609   Thumb Code     0  llsshr.o(.text)
    __I$use$fp                               0x0800862d   Thumb Code     0  iusefp.o(.text)
    _float_round                             0x0800862d   Thumb Code    18  fepilogue.o(.text)
    _float_epilogue                          0x0800863f   Thumb Code    92  fepilogue.o(.text)
    _double_round                            0x0800869b   Thumb Code    30  depilogue.o(.text)
    _double_epilogue                         0x080086b9   Thumb Code   156  depilogue.o(.text)
    __ARM_scalbn                             0x08008755   Thumb Code    46  dscalb.o(.text)
    scalbn                                   0x08008755   Thumb Code     0  dscalb.o(.text)
    __scatterload                            0x08008785   Thumb Code    28  init.o(.text)
    __scatterload_rt2                        0x08008785   Thumb Code     0  init.o(.text)
    _dsqrt                                   0x080087a9   Thumb Code   162  dsqrt.o(.text)
    __decompress                             0x0800884b   Thumb Code     0  __dczerorl2.o(.text)
    __decompress1                            0x0800884b   Thumb Code    86  __dczerorl2.o(.text)
    __0printf$8                              0x080088a1   Thumb Code    22  printf8.o(i.__0printf$8)
    __1printf$8                              0x080088a1   Thumb Code     0  printf8.o(i.__0printf$8)
    __2printf                                0x080088a1   Thumb Code     0  printf8.o(i.__0printf$8)
    __ARM_fpclassify                         0x080088c1   Thumb Code    40  fpclassify.o(i.__ARM_fpclassify)
    __kernel_poly                            0x080088e9   Thumb Code   170  poly.o(i.__kernel_poly)
    __mathlib_dbl_infnan                     0x08008993   Thumb Code     6  dunder.o(i.__mathlib_dbl_infnan)
    __mathlib_dbl_infnan2                    0x08008999   Thumb Code     4  dunder.o(i.__mathlib_dbl_infnan2)
    __mathlib_dbl_invalid                    0x0800899d   Thumb Code    12  dunder.o(i.__mathlib_dbl_invalid)
    __mathlib_dbl_underflow                  0x080089a9   Thumb Code    10  dunder.o(i.__mathlib_dbl_underflow)
    __scatterload_copy                       0x080089b9   Thumb Code    14  handlers.o(i.__scatterload_copy)
    __scatterload_null                       0x080089c7   Thumb Code     2  handlers.o(i.__scatterload_null)
    __scatterload_zeroinit                   0x080089c9   Thumb Code    14  handlers.o(i.__scatterload_zeroinit)
    __set_errno                              0x080089d9   Thumb Code     6  errno.o(i.__set_errno)
    asin                                     0x08008e49   Thumb Code   572  asin.o(i.asin)
    atan                                     0x080090b9   Thumb Code   474  atan.o(i.atan)
    atan2                                    0x080092d9   Thumb Code   346  atan2.o(i.atan2)
    sqrt                                     0x08009459   Thumb Code    76  sqrt.o(i.sqrt)
    F6x8                                     0x080094a4   Data         552  oled.o(.constdata)
    F8X16                                    0x080096cc   Data        1520  oled.o(.constdata)
    reg                                      0x08009cbc   Data          27  inv_mpu.o(.constdata)
    hw                                       0x08009cd8   Data          12  inv_mpu.o(.constdata)
    test                                     0x08009ce4   Data          40  inv_mpu.o(.constdata)
    __mathlib_zero                           0x0800a9f0   Data           8  qnan.o(.constdata)
    Region$$Table$$Base                      0x0800aa48   Number         0  anon$$obj.o(Region$$Table)
    Region$$Table$$Limit                     0x0800aa68   Number         0  anon$$obj.o(Region$$Table)
    Voltage                                  0x20000000   Data           4  main.o(.data)
    pitch                                    0x20000004   Data           4  main.o(.data)
    roll                                     0x20000008   Data           4  main.o(.data)
    yaw                                      0x2000000c   Data           4  main.o(.data)
    aacx                                     0x20000010   Data           2  main.o(.data)
    aacy                                     0x20000012   Data           2  main.o(.data)
    aacz                                     0x20000014   Data           2  main.o(.data)
    gyrox                                    0x20000016   Data           2  main.o(.data)
    gyroy                                    0x20000018   Data           2  main.o(.data)
    gyroz                                    0x2000001a   Data           2  main.o(.data)
    SR04_Distance                            0x2000001c   Data           4  main.o(.data)
    Encoder_Left                             0x20000020   Data           4  main.o(.data)
    Encoder_Right                            0x20000024   Data           4  main.o(.data)
    Moto1                                    0x20000028   Data           4  main.o(.data)
    Moto2                                    0x2000002c   Data           4  main.o(.data)
    CTRL_MODE                                0x20000030   Data           1  main.o(.data)
    Mode_Change                              0x20000031   Data           1  main.o(.data)
    Uart_Receive                             0x20000034   Data           4  main.o(.data)
    TkSensor                                 0x20000038   Data           1  main.o(.data)
    PS2_LX                                   0x2000003c   Data           4  main.o(.data)
    PS2_LY                                   0x20000040   Data           4  main.o(.data)
    PS2_RX                                   0x20000044   Data           4  main.o(.data)
    PS2_RY                                   0x20000048   Data           4  main.o(.data)
    PS2_KEY                                  0x2000004c   Data           4  main.o(.data)
    PS2_Plugin                               0x20000050   Data           1  main.o(.data)
    Kp                                       0x20000054   Data           4  main.o(.data)
    Ki                                       0x20000058   Data           4  main.o(.data)
    Kd                                       0x2000005c   Data           4  main.o(.data)
    VKp                                      0x20000060   Data           4  main.o(.data)
    VKi                                      0x20000064   Data           4  main.o(.data)
    SystemCoreClock                          0x20000068   Data           4  system_stm32f10x.o(.data)
    AHBPrescTable                            0x2000006c   Data          16  system_stm32f10x.o(.data)
    __stdout                                 0x20000080   Data           4  usart.o(.data)
    USART_RX_STA                             0x20000084   Data           1  usart.o(.data)
    Balance_Pwm                              0x20000090   Data           4  control.o(.data)
    Velocity_Pwm                             0x20000094   Data           4  control.o(.data)
    Turn_Pwm                                 0x20000098   Data           4  control.o(.data)
    Turn_Kp                                  0x2000009c   Data           4  control.o(.data)
    Mechanical_angle                         0x200000a0   Data           4  control.o(.data)
    Target_Speed                             0x200000a4   Data           4  control.o(.data)
    Turn_Speed                               0x200000a8   Data           4  control.o(.data)
    balance_UP_KP                            0x200000ac   Data           4  control.o(.data)
    balance_UP_KD                            0x200000b0   Data           4  control.o(.data)
    velocity_KP                              0x200000b4   Data           4  control.o(.data)
    velocity_KI                              0x200000b8   Data           4  control.o(.data)
    Turn_Kd                                  0x200000bc   Data           4  control.o(.data)
    Turn_KP                                  0x200000c0   Data           4  control.o(.data)
    Fore                                     0x20000115   Data           1  usart2.o(.data)
    Back                                     0x20000116   Data           1  usart2.o(.data)
    Left                                     0x20000117   Data           1  usart2.o(.data)
    Right                                    0x20000118   Data           1  usart2.o(.data)
    Handkey                                  0x2000011a   Data           2  ps2.o(.data)
    Comd                                     0x2000011c   Data           2  ps2.o(.data)
    MASK                                     0x2000011e   Data          32  ps2.o(.data)
    USART_RX_BUF                             0x20000158   Data          64  usart.o(.bss)
    Data                                     0x200001a8   Data           9  ps2.o(.bss)
    __initial_sp                             0x200005b8   Data           0  startup_stm32f10x_md.o(STACK)



==============================================================================

Memory Map of the image

  Image Entry point : 0x080000ed

  Load Region LR_IROM1 (Base: 0x08000000, Size: 0x0000abc0, Max: 0x00010000, ABSOLUTE, COMPRESSED[0x0000aad8])

    Execution Region ER_IROM1 (Exec base: 0x08000000, Load base: 0x08000000, Size: 0x0000aa68, Max: 0x00010000, ABSOLUTE)

    Exec Addr    Load Addr    Size         Type   Attr      Idx    E Section Name        Object

    0x08000000   0x08000000   0x000000ec   Data   RO          566    RESET               startup_stm32f10x_md.o
    0x080000ec   0x080000ec   0x00000000   Code   RO          819  * .ARM.Collect$$$$00000000  mc_w.l(entry.o)
    0x080000ec   0x080000ec   0x00000004   Code   RO         1166    .ARM.Collect$$$$00000001  mc_w.l(entry2.o)
    0x080000f0   0x080000f0   0x00000004   Code   RO         1169    .ARM.Collect$$$$00000004  mc_w.l(entry5.o)
    0x080000f4   0x080000f4   0x00000000   Code   RO         1171    .ARM.Collect$$$$00000008  mc_w.l(entry7b.o)
    0x080000f4   0x080000f4   0x00000000   Code   RO         1173    .ARM.Collect$$$$0000000A  mc_w.l(entry8b.o)
    0x080000f4   0x080000f4   0x00000008   Code   RO         1174    .ARM.Collect$$$$0000000B  mc_w.l(entry9a.o)
    0x080000fc   0x080000fc   0x00000000   Code   RO         1176    .ARM.Collect$$$$0000000D  mc_w.l(entry10a.o)
    0x080000fc   0x080000fc   0x00000000   Code   RO         1178    .ARM.Collect$$$$0000000F  mc_w.l(entry11a.o)
    0x080000fc   0x080000fc   0x00000004   Code   RO         1167    .ARM.Collect$$$$00002712  mc_w.l(entry2.o)
    0x08000100   0x08000100   0x00000188   Code   RO            1    .text               main.o
    0x08000288   0x08000288   0x0000001a   Code   RO          183    .text               stm32f10x_it.o
    0x080002a2   0x080002a2   0x00000002   PAD
    0x080002a4   0x080002a4   0x000001e0   Code   RO          224    .text               system_stm32f10x.o
    0x08000484   0x08000484   0x000000d4   Code   RO          242    .text               delay.o
    0x08000558   0x08000558   0x0000007e   Code   RO          260    .text               sys.o
    0x080005d6   0x080005d6   0x00000002   PAD
    0x080005d8   0x080005d8   0x00000124   Code   RO          272    .text               usart.o
    0x080006fc   0x080006fc   0x00000064   Code   RO          292    .text               led.o
    0x08000760   0x08000760   0x00000054   Code   RO          305    .text               key.o
    0x080007b4   0x080007b4   0x0000006c   Code   RO          318    .text               exti.o
    0x08000820   0x08000820   0x000006ac   Code   RO          333    .text               control.o
    0x08000ecc   0x08000ecc   0x00000170   Code   RO          352    .text               encoder.o
    0x0800103c   0x0800103c   0x00000164   Code   RO          364    .text               motor.o
    0x080011a0   0x080011a0   0x000000b0   Code   RO          376    .text               pwm.o
    0x08001250   0x08001250   0x00000104   Code   RO          388    .text               adc.o
    0x08001354   0x08001354   0x00000dec   Code   RO          400    .text               oled.o
    0x08002140   0x08002140   0x00000368   Code   RO          419    .text               mpu6050.o
    0x080024a8   0x080024a8   0x00000244   Code   RO          431    .text               mpuiic.o
    0x080026ec   0x080026ec   0x00002288   Code   RO          443    .text               inv_mpu.o
    0x08004974   0x08004974   0x00000d70   Code   RO          467    .text               inv_mpu_dmp_motion_driver.o
    0x080056e4   0x080056e4   0x00000224   Code   RO          488    .text               usart2.o
    0x08005908   0x08005908   0x00000048   Code   RO          507    .text               usb_plugin.o
    0x08005950   0x08005950   0x0000013c   Code   RO          522    .text               sr04.o
    0x08005a8c   0x08005a8c   0x00000424   Code   RO          534    .text               ps2.o
    0x08005eb0   0x08005eb0   0x00000024   Code   RO          567    .text               startup_stm32f10x_md.o
    0x08005ed4   0x08005ed4   0x000000dc   Code   RO          571    .text               misc.o
    0x08005fb0   0x08005fb0   0x0000044e   Code   RO          583    .text               stm32f10x_adc.o
    0x080063fe   0x080063fe   0x00000002   PAD
    0x08006400   0x08006400   0x0000011c   Code   RO          655    .text               stm32f10x_exti.o
    0x0800651c   0x0800651c   0x0000035c   Code   RO          679    .text               stm32f10x_gpio.o
    0x08006878   0x08006878   0x000003a4   Code   RO          727    .text               stm32f10x_rcc.o
    0x08006c1c   0x08006c1c   0x00000e1a   Code   RO          765    .text               stm32f10x_tim.o
    0x08007a36   0x08007a36   0x00000002   PAD
    0x08007a38   0x08007a38   0x00000408   Code   RO          777    .text               stm32f10x_usart.o
    0x08007e40   0x08007e40   0x00000062   Code   RO          822    .text               mc_w.l(ldiv.o)
    0x08007ea2   0x08007ea2   0x00000024   Code   RO          824    .text               mc_w.l(memseta.o)
    0x08007ec6   0x08007ec6   0x0000000e   Code   RO          826    .text               mc_w.l(strlen.o)
    0x08007ed4   0x08007ed4   0x0000001a   Code   RO          828    .text               mc_w.l(memcmp.o)
    0x08007eee   0x08007eee   0x000000b0   Code   RO         1091    .text               mf_w.l(fadd.o)
    0x08007f9e   0x08007f9e   0x00000064   Code   RO         1093    .text               mf_w.l(fmul.o)
    0x08008002   0x08008002   0x0000007c   Code   RO         1095    .text               mf_w.l(fdiv.o)
    0x0800807e   0x0800807e   0x0000014e   Code   RO         1097    .text               mf_w.l(dadd.o)
    0x080081cc   0x080081cc   0x000000e4   Code   RO         1099    .text               mf_w.l(dmul.o)
    0x080082b0   0x080082b0   0x000000de   Code   RO         1101    .text               mf_w.l(ddiv.o)
    0x0800838e   0x0800838e   0x00000012   Code   RO         1103    .text               mf_w.l(fflti.o)
    0x080083a0   0x080083a0   0x0000000a   Code   RO         1105    .text               mf_w.l(ffltui.o)
    0x080083aa   0x080083aa   0x00000022   Code   RO         1107    .text               mf_w.l(dflti.o)
    0x080083cc   0x080083cc   0x0000001a   Code   RO         1109    .text               mf_w.l(dfltui.o)
    0x080083e6   0x080083e6   0x00000032   Code   RO         1111    .text               mf_w.l(ffixi.o)
    0x08008418   0x08008418   0x00000028   Code   RO         1113    .text               mf_w.l(ffixui.o)
    0x08008440   0x08008440   0x0000003e   Code   RO         1115    .text               mf_w.l(dfixi.o)
    0x0800847e   0x0800847e   0x00000032   Code   RO         1117    .text               mf_w.l(dfixui.o)
    0x080084b0   0x080084b0   0x00000026   Code   RO         1119    .text               mf_w.l(f2d.o)
    0x080084d6   0x080084d6   0x00000002   PAD
    0x080084d8   0x080084d8   0x00000030   Code   RO         1121    .text               mf_w.l(cdcmple.o)
    0x08008508   0x08008508   0x00000038   Code   RO         1123    .text               mf_w.l(d2f.o)
    0x08008540   0x08008540   0x00000014   Code   RO         1125    .text               mf_w.l(cfcmple.o)
    0x08008554   0x08008554   0x00000014   Code   RO         1127    .text               mf_w.l(cfrcmple.o)
    0x08008568   0x08008568   0x00000062   Code   RO         1182    .text               mc_w.l(uldiv.o)
    0x080085ca   0x080085ca   0x0000001e   Code   RO         1184    .text               mc_w.l(llshl.o)
    0x080085e8   0x080085e8   0x00000020   Code   RO         1186    .text               mc_w.l(llushr.o)
    0x08008608   0x08008608   0x00000024   Code   RO         1188    .text               mc_w.l(llsshr.o)
    0x0800862c   0x0800862c   0x00000000   Code   RO         1197    .text               mc_w.l(iusefp.o)
    0x0800862c   0x0800862c   0x0000006e   Code   RO         1198    .text               mf_w.l(fepilogue.o)
    0x0800869a   0x0800869a   0x000000ba   Code   RO         1200    .text               mf_w.l(depilogue.o)
    0x08008754   0x08008754   0x0000002e   Code   RO         1202    .text               mf_w.l(dscalb.o)
    0x08008782   0x08008782   0x00000002   PAD
    0x08008784   0x08008784   0x00000024   Code   RO         1208    .text               mc_w.l(init.o)
    0x080087a8   0x080087a8   0x000000a2   Code   RO         1210    .text               mf_w.l(dsqrt.o)
    0x0800884a   0x0800884a   0x00000056   Code   RO         1220    .text               mc_w.l(__dczerorl2.o)
    0x080088a0   0x080088a0   0x00000020   Code   RO         1037    i.__0printf$8       mc_w.l(printf8.o)
    0x080088c0   0x080088c0   0x00000028   Code   RO         1153    i.__ARM_fpclassify  m_ws.l(fpclassify.o)
    0x080088e8   0x080088e8   0x000000aa   Code   RO         1155    i.__kernel_poly     m_ws.l(poly.o)
    0x08008992   0x08008992   0x00000006   Code   RO         1140    i.__mathlib_dbl_infnan  m_ws.l(dunder.o)
    0x08008998   0x08008998   0x00000004   Code   RO         1141    i.__mathlib_dbl_infnan2  m_ws.l(dunder.o)
    0x0800899c   0x0800899c   0x0000000c   Code   RO         1142    i.__mathlib_dbl_invalid  m_ws.l(dunder.o)
    0x080089a8   0x080089a8   0x00000010   Code   RO         1145    i.__mathlib_dbl_underflow  m_ws.l(dunder.o)
    0x080089b8   0x080089b8   0x0000000e   Code   RO         1214    i.__scatterload_copy  mc_w.l(handlers.o)
    0x080089c6   0x080089c6   0x00000002   Code   RO         1215    i.__scatterload_null  mc_w.l(handlers.o)
    0x080089c8   0x080089c8   0x0000000e   Code   RO         1216    i.__scatterload_zeroinit  mc_w.l(handlers.o)
    0x080089d6   0x080089d6   0x00000002   PAD
    0x080089d8   0x080089d8   0x0000000c   Code   RO         1192    i.__set_errno       mc_w.l(errno.o)
    0x080089e4   0x080089e4   0x00000410   Code   RO         1044    i._printf_core      mc_w.l(printf8.o)
    0x08008df4   0x08008df4   0x00000024   Code   RO         1045    i._printf_post_padding  mc_w.l(printf8.o)
    0x08008e18   0x08008e18   0x0000002e   Code   RO         1046    i._printf_pre_padding  mc_w.l(printf8.o)
    0x08008e46   0x08008e46   0x00000002   PAD
    0x08008e48   0x08008e48   0x00000270   Code   RO          802    i.asin              m_ws.l(asin.o)
    0x080090b8   0x080090b8   0x00000220   Code   RO         1130    i.atan              m_ws.l(atan.o)
    0x080092d8   0x080092d8   0x00000180   Code   RO          812    i.atan2             m_ws.l(atan2.o)
    0x08009458   0x08009458   0x0000004c   Code   RO         1159    i.sqrt              m_ws.l(sqrt.o)
    0x080094a4   0x080094a4   0x00000818   Data   RO          401    .constdata          oled.o
    0x08009cbc   0x08009cbc   0x00000050   Data   RO          444    .constdata          inv_mpu.o
    0x08009d0c   0x08009d0c   0x00000bf6   Data   RO          469    .constdata          inv_mpu_dmp_motion_driver.o
    0x0800a902   0x0800a902   0x00000006   PAD
    0x0800a908   0x0800a908   0x00000050   Data   RO          803    .constdata          m_ws.l(asin.o)
    0x0800a958   0x0800a958   0x00000098   Data   RO         1131    .constdata          m_ws.l(atan.o)
    0x0800a9f0   0x0800a9f0   0x00000008   Data   RO         1157    .constdata          m_ws.l(qnan.o)
    0x0800a9f8   0x0800a9f8   0x0000004d   Data   RO          445    .conststring        inv_mpu.o
    0x0800aa45   0x0800aa45   0x00000003   PAD
    0x0800aa48   0x0800aa48   0x00000020   Data   RO         1212    Region$$Table       anon$$obj.o


    Execution Region RW_IRAM1 (Exec base: 0x20000000, Load base: 0x0800aa68, Size: 0x000005b8, Max: 0x00005000, ABSOLUTE, COMPRESSED[0x00000070])

    Exec Addr    Load Addr    Size         Type   Attr      Idx    E Section Name        Object

    0x20000000   COMPRESSED   0x00000068   Data   RW            2    .data               main.o
    0x20000068   COMPRESSED   0x00000014   Data   RW          225    .data               system_stm32f10x.o
    0x2000007c   COMPRESSED   0x00000004   Data   RW          243    .data               delay.o
    0x20000080   COMPRESSED   0x00000005   Data   RW          274    .data               usart.o
    0x20000085   COMPRESSED   0x00000003   PAD
    0x20000088   COMPRESSED   0x00000004   Data   RW          293    .data               led.o
    0x2000008c   COMPRESSED   0x00000004   Data   RW          306    .data               key.o
    0x20000090   COMPRESSED   0x00000050   Data   RW          334    .data               control.o
    0x200000e0   COMPRESSED   0x00000035   Data   RW          446    .data               inv_mpu.o
    0x20000115   COMPRESSED   0x00000004   Data   RW          489    .data               usart2.o
    0x20000119   COMPRESSED   0x00000001   PAD
    0x2000011a   COMPRESSED   0x00000024   Data   RW          536    .data               ps2.o
    0x2000013e   COMPRESSED   0x00000014   Data   RW          728    .data               stm32f10x_rcc.o
    0x20000152   COMPRESSED   0x00000002   PAD
    0x20000154   COMPRESSED   0x00000004   Data   RW         1193    .data               mc_w.l(errno.o)
    0x20000158        -       0x00000040   Zero   RW          273    .bss                usart.o
    0x20000198        -       0x00000010   Zero   RW          468    .bss                inv_mpu_dmp_motion_driver.o
    0x200001a8        -       0x00000009   Zero   RW          535    .bss                ps2.o
    0x200001b1   COMPRESSED   0x00000007   PAD
    0x200001b8        -       0x00000400   Zero   RW          564    STACK               startup_stm32f10x_md.o


==============================================================================

Image component sizes


      Code (inc. data)   RO Data    RW Data    ZI Data      Debug   Object Name

       260         20          0          0          0       1064   adc.o
      1708        282          0         80          0       3290   control.o
         0          0          0          0          0         32   core_cm3.o
       212         18          0          4          0       1199   delay.o
       368         10          0          0          0       1323   encoder.o
       108          4          0          0          0        684   exti.o
      8840        198        157         53          0      24237   inv_mpu.o
      3440        126       3062          0         16      15667   inv_mpu_dmp_motion_driver.o
        84         12          0          4          0        841   key.o
       100         16          0          4          0        781   led.o
       392         42          0        104          0     265370   main.o
       220         22          0          0          0       1957   misc.o
       356         40          0          0          0       1463   motor.o
       872         18          0          0          0       4539   mpu6050.o
       580         14          0          0          0       2138   mpuiic.o
      3564        220       2072          0          0       9942   oled.o
      1060         42          0         36          9       4015   ps2.o
       176          8          0          0          0        832   pwm.o
       316         16          0          0          0       1352   sr04.o
        36          8        236          0       1024        836   startup_stm32f10x_md.o
      1102         26          0          0          0      11201   stm32f10x_adc.o
       284         10          0          0          0       2415   stm32f10x_exti.o
       860         38          0          0          0       5889   stm32f10x_gpio.o
        26          0          0          0          0       1266   stm32f10x_it.o
       932         36          0         20          0       9148   stm32f10x_rcc.o
      3610         88          0          0          0      23000   stm32f10x_tim.o
      1032         22          0          0          0       8616   stm32f10x_usart.o
       126          0          0          0          0        641   sys.o
       480         38          0         20          0       1971   system_stm32f10x.o
       292         16          0          5         64       3319   usart.o
       548         24          0          4          0       2399   usart2.o
        72         16          0          0          0        754   usb_plugin.o

    ----------------------------------------------------------------------
     32064       1430       5568        340       1120     412181   Object Totals
         0          0         32          0          0          0   (incl. Generated)
         8          0          9          6          7          0   (incl. Padding)

    ----------------------------------------------------------------------

      Code (inc. data)   RO Data    RW Data    ZI Data      Debug   Library Member Name

       624         52         80          0          0        168   asin.o
       544         70        152          0          0        124   atan.o
       384         38          0          0          0        144   atan2.o
        38          6          0          0          0        272   dunder.o
        40          0          0          0          0         68   fpclassify.o
       170          0          0          0          0         96   poly.o
         0          0          8          0          0          0   qnan.o
        76          0          0          0          0         84   sqrt.o
        86          0          0          0          0          0   __dczerorl2.o
         0          0          0          0          0          0   entry.o
         0          0          0          0          0          0   entry10a.o
         0          0          0          0          0          0   entry11a.o
         8          4          0          0          0          0   entry2.o
         4          0          0          0          0          0   entry5.o
         0          0          0          0          0          0   entry7b.o
         0          0          0          0          0          0   entry8b.o
         8          4          0          0          0          0   entry9a.o
        12          6          0          4          0         68   errno.o
        30          0          0          0          0          0   handlers.o
        36          8          0          0          0         68   init.o
         0          0          0          0          0          0   iusefp.o
        98          0          0          0          0         84   ldiv.o
        30          0          0          0          0         68   llshl.o
        36          0          0          0          0         68   llsshr.o
        32          0          0          0          0         68   llushr.o
        26          0          0          0          0         80   memcmp.o
        36          0          0          0          0        108   memseta.o
      1154         54          0          0          0        352   printf8.o
        14          0          0          0          0         68   strlen.o
        98          0          0          0          0         92   uldiv.o
        48          0          0          0          0         68   cdcmple.o
        20          0          0          0          0         68   cfcmple.o
        20          0          0          0          0         68   cfrcmple.o
        56          0          0          0          0         88   d2f.o
       334          0          0          0          0        148   dadd.o
       222          0          0          0          0        100   ddiv.o
       186          0          0          0          0        176   depilogue.o
        62          0          0          0          0         80   dfixi.o
        50          0          0          0          0         76   dfixui.o
        34          0          0          0          0         76   dflti.o
        26          0          0          0          0         76   dfltui.o
       228          0          0          0          0         96   dmul.o
        46          0          0          0          0         80   dscalb.o
       162          0          0          0          0        100   dsqrt.o
        38          0          0          0          0         68   f2d.o
       176          0          0          0          0        140   fadd.o
       124          0          0          0          0         88   fdiv.o
       110          0          0          0          0        168   fepilogue.o
        50          0          0          0          0         68   ffixi.o
        40          0          0          0          0         68   ffixui.o
        18          0          0          0          0         68   fflti.o
        10          0          0          0          0         68   ffltui.o
       100          0          0          0          0         76   fmul.o

    ----------------------------------------------------------------------
      5752        242        240          4          0       4192   Library Totals
         8          0          0          0          0          0   (incl. Padding)

    ----------------------------------------------------------------------

      Code (inc. data)   RO Data    RW Data    ZI Data      Debug   Library Name

      1876        166        240          0          0        956   m_ws.l
      1708         76          0          4          0       1124   mc_w.l
      2160          0          0          0          0       2112   mf_w.l

    ----------------------------------------------------------------------
      5752        242        240          4          0       4192   Library Totals

    ----------------------------------------------------------------------

==============================================================================


      Code (inc. data)   RO Data    RW Data    ZI Data      Debug   

     37816       1672       5808        344       1120     411457   Grand Totals
     37816       1672       5808        112       1120     411457   ELF Image Totals (compressed)
     37816       1672       5808        112          0          0   ROM Totals

==============================================================================

    Total RO  Size (Code + RO Data)                43624 (  42.60kB)
    Total RW  Size (RW Data + ZI Data)              1464 (   1.43kB)
    Total ROM Size (Code + RO Data + RW Data)      43736 (  42.71kB)

==============================================================================

