<!doctype html public "-//w3c//dtd html 4.0 transitional//en">
<html><head>
<title>Static Call Graph - [.\Build\empty.axf]</title></head>
<body><HR>
<H1>Static Call Graph for image .\Build\empty.axf</H1><HR>
<BR><P>#&#060CALLGRAPH&#062# ARM Linker, 5060528: Last Updated: Mon May 01 19:18:07 2023
<BR><P>
<H3>Maximum Stack Usage =        144 bytes + Unknown(Cycles, Untraceable Function Pointers)</H3><H3>
Call chain for Maximum Stack Depth:</H3>
main &rArr; uart3_init &rArr; eusci_calcBaudDividers &rArr; CS_getSMCLK &rArr; _CSComputeCLKFrequency &rArr; CS_getDCOFrequency &rArr; SysCtl_getTLVInfo
<P>
<H3>
Mutually Recursive functions
</H3> <LI><a href="#[1]">NMI_Handler</a>&nbsp;&nbsp;&nbsp;&rArr;&nbsp;&nbsp;&nbsp;<a href="#[1]">NMI_Handler</a><BR>
 <LI><a href="#[2]">HardFault_Handler</a>&nbsp;&nbsp;&nbsp;&rArr;&nbsp;&nbsp;&nbsp;<a href="#[2]">HardFault_Handler</a><BR>
 <LI><a href="#[3]">MemManage_Handler</a>&nbsp;&nbsp;&nbsp;&rArr;&nbsp;&nbsp;&nbsp;<a href="#[3]">MemManage_Handler</a><BR>
 <LI><a href="#[4]">BusFault_Handler</a>&nbsp;&nbsp;&nbsp;&rArr;&nbsp;&nbsp;&nbsp;<a href="#[4]">BusFault_Handler</a><BR>
 <LI><a href="#[5]">UsageFault_Handler</a>&nbsp;&nbsp;&nbsp;&rArr;&nbsp;&nbsp;&nbsp;<a href="#[5]">UsageFault_Handler</a><BR>
 <LI><a href="#[6]">SVC_Handler</a>&nbsp;&nbsp;&nbsp;&rArr;&nbsp;&nbsp;&nbsp;<a href="#[6]">SVC_Handler</a><BR>
 <LI><a href="#[7]">DebugMon_Handler</a>&nbsp;&nbsp;&nbsp;&rArr;&nbsp;&nbsp;&nbsp;<a href="#[7]">DebugMon_Handler</a><BR>
 <LI><a href="#[8]">PendSV_Handler</a>&nbsp;&nbsp;&nbsp;&rArr;&nbsp;&nbsp;&nbsp;<a href="#[8]">PendSV_Handler</a><BR>
 <LI><a href="#[9]">SysTick_Handler</a>&nbsp;&nbsp;&nbsp;&rArr;&nbsp;&nbsp;&nbsp;<a href="#[9]">SysTick_Handler</a><BR>
 <LI><a href="#[22]">ADC14_IRQHandler</a>&nbsp;&nbsp;&nbsp;&rArr;&nbsp;&nbsp;&nbsp;<a href="#[22]">ADC14_IRQHandler</a><BR>
</UL>
<P>
<H3>
Function Pointers
</H3><UL>
 <LI><a href="#[22]">ADC14_IRQHandler</a> from startup_msp432p401r_uvision.o(.text) referenced from startup_msp432p401r_uvision.o(RESET)
 <LI><a href="#[26]">AES256_IRQHandler</a> from startup_msp432p401r_uvision.o(.text) referenced from startup_msp432p401r_uvision.o(RESET)
 <LI><a href="#[4]">BusFault_Handler</a> from startup_msp432p401r_uvision.o(.text) referenced from startup_msp432p401r_uvision.o(RESET)
 <LI><a href="#[10]">COMP_E0_IRQHandler</a> from startup_msp432p401r_uvision.o(.text) referenced from startup_msp432p401r_uvision.o(RESET)
 <LI><a href="#[11]">COMP_E1_IRQHandler</a> from startup_msp432p401r_uvision.o(.text) referenced from startup_msp432p401r_uvision.o(RESET)
 <LI><a href="#[b]">CS_IRQHandler</a> from startup_msp432p401r_uvision.o(.text) referenced from startup_msp432p401r_uvision.o(RESET)
 <LI><a href="#[28]">DMA_ERR_IRQHandler</a> from startup_msp432p401r_uvision.o(.text) referenced from startup_msp432p401r_uvision.o(RESET)
 <LI><a href="#[2c]">DMA_INT0_IRQHandler</a> from startup_msp432p401r_uvision.o(.text) referenced from startup_msp432p401r_uvision.o(RESET)
 <LI><a href="#[2b]">DMA_INT1_IRQHandler</a> from startup_msp432p401r_uvision.o(.text) referenced from startup_msp432p401r_uvision.o(RESET)
 <LI><a href="#[2a]">DMA_INT2_IRQHandler</a> from startup_msp432p401r_uvision.o(.text) referenced from startup_msp432p401r_uvision.o(RESET)
 <LI><a href="#[29]">DMA_INT3_IRQHandler</a> from startup_msp432p401r_uvision.o(.text) referenced from startup_msp432p401r_uvision.o(RESET)
 <LI><a href="#[7]">DebugMon_Handler</a> from startup_msp432p401r_uvision.o(.text) referenced from startup_msp432p401r_uvision.o(RESET)
 <LI><a href="#[1a]">EUSCIA0_IRQHandler</a> from isr.o(i.EUSCIA0_IRQHandler) referenced from startup_msp432p401r_uvision.o(RESET)
 <LI><a href="#[1b]">EUSCIA1_IRQHandler</a> from isr.o(i.EUSCIA1_IRQHandler) referenced from startup_msp432p401r_uvision.o(RESET)
 <LI><a href="#[1c]">EUSCIA2_IRQHandler</a> from isr.o(i.EUSCIA2_IRQHandler) referenced from startup_msp432p401r_uvision.o(RESET)
 <LI><a href="#[1d]">EUSCIA3_IRQHandler</a> from isr.o(i.EUSCIA3_IRQHandler) referenced from startup_msp432p401r_uvision.o(RESET)
 <LI><a href="#[1e]">EUSCIB0_IRQHandler</a> from startup_msp432p401r_uvision.o(.text) referenced from startup_msp432p401r_uvision.o(RESET)
 <LI><a href="#[1f]">EUSCIB1_IRQHandler</a> from startup_msp432p401r_uvision.o(.text) referenced from startup_msp432p401r_uvision.o(RESET)
 <LI><a href="#[20]">EUSCIB2_IRQHandler</a> from startup_msp432p401r_uvision.o(.text) referenced from startup_msp432p401r_uvision.o(RESET)
 <LI><a href="#[21]">EUSCIB3_IRQHandler</a> from startup_msp432p401r_uvision.o(.text) referenced from startup_msp432p401r_uvision.o(RESET)
 <LI><a href="#[f]">FLCTL_IRQHandler</a> from startup_msp432p401r_uvision.o(.text) referenced from startup_msp432p401r_uvision.o(RESET)
 <LI><a href="#[e]">FPU_IRQHandler</a> from startup_msp432p401r_uvision.o(.text) referenced from startup_msp432p401r_uvision.o(RESET)
 <LI><a href="#[2]">HardFault_Handler</a> from startup_msp432p401r_uvision.o(.text) referenced from startup_msp432p401r_uvision.o(RESET)
 <LI><a href="#[3]">MemManage_Handler</a> from startup_msp432p401r_uvision.o(.text) referenced from startup_msp432p401r_uvision.o(RESET)
 <LI><a href="#[1]">NMI_Handler</a> from startup_msp432p401r_uvision.o(.text) referenced from startup_msp432p401r_uvision.o(RESET)
 <LI><a href="#[c]">PCM_IRQHandler</a> from startup_msp432p401r_uvision.o(.text) referenced from startup_msp432p401r_uvision.o(RESET)
 <LI><a href="#[2d]">PORT1_IRQHandler</a> from isr.o(i.PORT1_IRQHandler) referenced from startup_msp432p401r_uvision.o(RESET)
 <LI><a href="#[2e]">PORT2_IRQHandler</a> from isr.o(i.PORT2_IRQHandler) referenced from startup_msp432p401r_uvision.o(RESET)
 <LI><a href="#[2f]">PORT3_IRQHandler</a> from isr.o(i.PORT3_IRQHandler) referenced from startup_msp432p401r_uvision.o(RESET)
 <LI><a href="#[30]">PORT4_IRQHandler</a> from isr.o(i.PORT4_IRQHandler) referenced from startup_msp432p401r_uvision.o(RESET)
 <LI><a href="#[31]">PORT5_IRQHandler</a> from isr.o(i.PORT5_IRQHandler) referenced from startup_msp432p401r_uvision.o(RESET)
 <LI><a href="#[32]">PORT6_IRQHandler</a> from startup_msp432p401r_uvision.o(.text) referenced from startup_msp432p401r_uvision.o(RESET)
 <LI><a href="#[a]">PSS_IRQHandler</a> from startup_msp432p401r_uvision.o(.text) referenced from startup_msp432p401r_uvision.o(RESET)
 <LI><a href="#[8]">PendSV_Handler</a> from startup_msp432p401r_uvision.o(.text) referenced from startup_msp432p401r_uvision.o(RESET)
 <LI><a href="#[27]">RTC_C_IRQHandler</a> from startup_msp432p401r_uvision.o(.text) referenced from startup_msp432p401r_uvision.o(RESET)
 <LI><a href="#[0]">Reset_Handler</a> from startup_msp432p401r_uvision.o(.text) referenced from startup_msp432p401r_uvision.o(RESET)
 <LI><a href="#[6]">SVC_Handler</a> from startup_msp432p401r_uvision.o(.text) referenced from startup_msp432p401r_uvision.o(RESET)
 <LI><a href="#[9]">SysTick_Handler</a> from startup_msp432p401r_uvision.o(.text) referenced from startup_msp432p401r_uvision.o(RESET)
 <LI><a href="#[34]">SystemInit</a> from system_msp432p401r.o(i.SystemInit) referenced from startup_msp432p401r_uvision.o(.text)
 <LI><a href="#[23]">T32_INT1_IRQHandler</a> from startup_msp432p401r_uvision.o(.text) referenced from startup_msp432p401r_uvision.o(RESET)
 <LI><a href="#[24]">T32_INT2_IRQHandler</a> from startup_msp432p401r_uvision.o(.text) referenced from startup_msp432p401r_uvision.o(RESET)
 <LI><a href="#[25]">T32_INTC_IRQHandler</a> from startup_msp432p401r_uvision.o(.text) referenced from startup_msp432p401r_uvision.o(RESET)
 <LI><a href="#[12]">TA0_0_IRQHandler</a> from isr.o(i.TA0_0_IRQHandler) referenced from startup_msp432p401r_uvision.o(RESET)
 <LI><a href="#[13]">TA0_N_IRQHandler</a> from startup_msp432p401r_uvision.o(.text) referenced from startup_msp432p401r_uvision.o(RESET)
 <LI><a href="#[14]">TA1_0_IRQHandler</a> from isr.o(i.TA1_0_IRQHandler) referenced from startup_msp432p401r_uvision.o(RESET)
 <LI><a href="#[15]">TA1_N_IRQHandler</a> from startup_msp432p401r_uvision.o(.text) referenced from startup_msp432p401r_uvision.o(RESET)
 <LI><a href="#[16]">TA2_0_IRQHandler</a> from isr.o(i.TA2_0_IRQHandler) referenced from startup_msp432p401r_uvision.o(RESET)
 <LI><a href="#[17]">TA2_N_IRQHandler</a> from startup_msp432p401r_uvision.o(.text) referenced from startup_msp432p401r_uvision.o(RESET)
 <LI><a href="#[18]">TA3_0_IRQHandler</a> from startup_msp432p401r_uvision.o(.text) referenced from startup_msp432p401r_uvision.o(RESET)
 <LI><a href="#[19]">TA3_N_IRQHandler</a> from startup_msp432p401r_uvision.o(.text) referenced from startup_msp432p401r_uvision.o(RESET)
 <LI><a href="#[5]">UsageFault_Handler</a> from startup_msp432p401r_uvision.o(.text) referenced from startup_msp432p401r_uvision.o(RESET)
 <LI><a href="#[d]">WDT_A_IRQHandler</a> from startup_msp432p401r_uvision.o(.text) referenced from startup_msp432p401r_uvision.o(RESET)
 <LI><a href="#[35]">__main</a> from entry.o(.ARM.Collect$$$$00000000) referenced from startup_msp432p401r_uvision.o(.text)
 <LI><a href="#[36]">fputc</a> from usart.o(i.fputc) referenced from printf1.o(i.__0printf$1)
 <LI><a href="#[33]">main</a> from main.o(i.main) referenced from entry9a.o(.ARM.Collect$$$$0000000B)
</UL>
<P>
<H3>
Global Symbols
</H3>
<P><STRONG><a name="[35]"></a>__main</STRONG> (Thumb, 0 bytes, Stack size unknown bytes, entry.o(.ARM.Collect$$$$00000000))
<BR>[Address Reference Count : 1]<UL><LI> startup_msp432p401r_uvision.o(.text)
</UL>
<P><STRONG><a name="[9f]"></a>_main_stk</STRONG> (Thumb, 0 bytes, Stack size unknown bytes, entry2.o(.ARM.Collect$$$$00000001))

<P><STRONG><a name="[37]"></a>_main_scatterload</STRONG> (Thumb, 0 bytes, Stack size unknown bytes, entry5.o(.ARM.Collect$$$$00000004))
<BR><BR>[Calls]<UL><LI><a href="#[38]">&gt;&gt;</a>&nbsp;&nbsp;&nbsp;__scatterload
</UL>

<P><STRONG><a name="[47]"></a>__main_after_scatterload</STRONG> (Thumb, 0 bytes, Stack size unknown bytes, entry5.o(.ARM.Collect$$$$00000004))
<BR><BR>[Called By]<UL><LI><a href="#[38]">&gt;&gt;</a>&nbsp;&nbsp;&nbsp;__scatterload
</UL>

<P><STRONG><a name="[a0]"></a>_main_clock</STRONG> (Thumb, 0 bytes, Stack size unknown bytes, entry7b.o(.ARM.Collect$$$$00000008))

<P><STRONG><a name="[a1]"></a>_main_cpp_init</STRONG> (Thumb, 0 bytes, Stack size unknown bytes, entry8b.o(.ARM.Collect$$$$0000000A))

<P><STRONG><a name="[a2]"></a>_main_init</STRONG> (Thumb, 0 bytes, Stack size unknown bytes, entry9a.o(.ARM.Collect$$$$0000000B))

<P><STRONG><a name="[a3]"></a>__rt_final_cpp</STRONG> (Thumb, 0 bytes, Stack size unknown bytes, entry10a.o(.ARM.Collect$$$$0000000D))

<P><STRONG><a name="[a4]"></a>__rt_final_exit</STRONG> (Thumb, 0 bytes, Stack size unknown bytes, entry11a.o(.ARM.Collect$$$$0000000F))

<P><STRONG><a name="[a5]"></a>CPU_cpsid</STRONG> (Thumb, 8 bytes, Stack size 0 bytes, cpu.o(.emb_text), UNUSED)

<P><STRONG><a name="[a6]"></a>CPU_primask</STRONG> (Thumb, 6 bytes, Stack size 0 bytes, cpu.o(.emb_text), UNUSED)

<P><STRONG><a name="[63]"></a>CPU_cpsie</STRONG> (Thumb, 8 bytes, Stack size 0 bytes, cpu.o(.emb_text))
<BR><BR>[Called By]<UL><LI><a href="#[62]">&gt;&gt;</a>&nbsp;&nbsp;&nbsp;Interrupt_enableMaster
</UL>

<P><STRONG><a name="[a7]"></a>CPU_wfi</STRONG> (Thumb, 4 bytes, Stack size 0 bytes, cpu.o(.emb_text), UNUSED)

<P><STRONG><a name="[a8]"></a>CPU_basepriSet</STRONG> (Thumb, 6 bytes, Stack size 0 bytes, cpu.o(.emb_text), UNUSED)

<P><STRONG><a name="[a9]"></a>CPU_basepriGet</STRONG> (Thumb, 6 bytes, Stack size 0 bytes, cpu.o(.emb_text), UNUSED)

<P><STRONG><a name="[0]"></a>Reset_Handler</STRONG> (Thumb, 8 bytes, Stack size 0 bytes, startup_msp432p401r_uvision.o(.text))
<BR>[Address Reference Count : 1]<UL><LI> startup_msp432p401r_uvision.o(RESET)
</UL>
<P><STRONG><a name="[1]"></a>NMI_Handler</STRONG> (Thumb, 2 bytes, Stack size 0 bytes, startup_msp432p401r_uvision.o(.text))
<BR><BR>[Calls]<UL><LI><a href="#[1]">&gt;&gt;</a>&nbsp;&nbsp;&nbsp;NMI_Handler
</UL>
<BR>[Called By]<UL><LI><a href="#[1]">&gt;&gt;</a>&nbsp;&nbsp;&nbsp;NMI_Handler
</UL>
<BR>[Address Reference Count : 1]<UL><LI> startup_msp432p401r_uvision.o(RESET)
</UL>
<P><STRONG><a name="[2]"></a>HardFault_Handler</STRONG> (Thumb, 2 bytes, Stack size 0 bytes, startup_msp432p401r_uvision.o(.text))
<BR><BR>[Calls]<UL><LI><a href="#[2]">&gt;&gt;</a>&nbsp;&nbsp;&nbsp;HardFault_Handler
</UL>
<BR>[Called By]<UL><LI><a href="#[2]">&gt;&gt;</a>&nbsp;&nbsp;&nbsp;HardFault_Handler
</UL>
<BR>[Address Reference Count : 1]<UL><LI> startup_msp432p401r_uvision.o(RESET)
</UL>
<P><STRONG><a name="[3]"></a>MemManage_Handler</STRONG> (Thumb, 2 bytes, Stack size 0 bytes, startup_msp432p401r_uvision.o(.text))
<BR><BR>[Calls]<UL><LI><a href="#[3]">&gt;&gt;</a>&nbsp;&nbsp;&nbsp;MemManage_Handler
</UL>
<BR>[Called By]<UL><LI><a href="#[3]">&gt;&gt;</a>&nbsp;&nbsp;&nbsp;MemManage_Handler
</UL>
<BR>[Address Reference Count : 1]<UL><LI> startup_msp432p401r_uvision.o(RESET)
</UL>
<P><STRONG><a name="[4]"></a>BusFault_Handler</STRONG> (Thumb, 2 bytes, Stack size 0 bytes, startup_msp432p401r_uvision.o(.text))
<BR><BR>[Calls]<UL><LI><a href="#[4]">&gt;&gt;</a>&nbsp;&nbsp;&nbsp;BusFault_Handler
</UL>
<BR>[Called By]<UL><LI><a href="#[4]">&gt;&gt;</a>&nbsp;&nbsp;&nbsp;BusFault_Handler
</UL>
<BR>[Address Reference Count : 1]<UL><LI> startup_msp432p401r_uvision.o(RESET)
</UL>
<P><STRONG><a name="[5]"></a>UsageFault_Handler</STRONG> (Thumb, 2 bytes, Stack size 0 bytes, startup_msp432p401r_uvision.o(.text))
<BR><BR>[Calls]<UL><LI><a href="#[5]">&gt;&gt;</a>&nbsp;&nbsp;&nbsp;UsageFault_Handler
</UL>
<BR>[Called By]<UL><LI><a href="#[5]">&gt;&gt;</a>&nbsp;&nbsp;&nbsp;UsageFault_Handler
</UL>
<BR>[Address Reference Count : 1]<UL><LI> startup_msp432p401r_uvision.o(RESET)
</UL>
<P><STRONG><a name="[6]"></a>SVC_Handler</STRONG> (Thumb, 2 bytes, Stack size 0 bytes, startup_msp432p401r_uvision.o(.text))
<BR><BR>[Calls]<UL><LI><a href="#[6]">&gt;&gt;</a>&nbsp;&nbsp;&nbsp;SVC_Handler
</UL>
<BR>[Called By]<UL><LI><a href="#[6]">&gt;&gt;</a>&nbsp;&nbsp;&nbsp;SVC_Handler
</UL>
<BR>[Address Reference Count : 1]<UL><LI> startup_msp432p401r_uvision.o(RESET)
</UL>
<P><STRONG><a name="[7]"></a>DebugMon_Handler</STRONG> (Thumb, 2 bytes, Stack size 0 bytes, startup_msp432p401r_uvision.o(.text))
<BR><BR>[Calls]<UL><LI><a href="#[7]">&gt;&gt;</a>&nbsp;&nbsp;&nbsp;DebugMon_Handler
</UL>
<BR>[Called By]<UL><LI><a href="#[7]">&gt;&gt;</a>&nbsp;&nbsp;&nbsp;DebugMon_Handler
</UL>
<BR>[Address Reference Count : 1]<UL><LI> startup_msp432p401r_uvision.o(RESET)
</UL>
<P><STRONG><a name="[8]"></a>PendSV_Handler</STRONG> (Thumb, 2 bytes, Stack size 0 bytes, startup_msp432p401r_uvision.o(.text))
<BR><BR>[Calls]<UL><LI><a href="#[8]">&gt;&gt;</a>&nbsp;&nbsp;&nbsp;PendSV_Handler
</UL>
<BR>[Called By]<UL><LI><a href="#[8]">&gt;&gt;</a>&nbsp;&nbsp;&nbsp;PendSV_Handler
</UL>
<BR>[Address Reference Count : 1]<UL><LI> startup_msp432p401r_uvision.o(RESET)
</UL>
<P><STRONG><a name="[9]"></a>SysTick_Handler</STRONG> (Thumb, 2 bytes, Stack size 0 bytes, startup_msp432p401r_uvision.o(.text))
<BR><BR>[Calls]<UL><LI><a href="#[9]">&gt;&gt;</a>&nbsp;&nbsp;&nbsp;SysTick_Handler
</UL>
<BR>[Called By]<UL><LI><a href="#[9]">&gt;&gt;</a>&nbsp;&nbsp;&nbsp;SysTick_Handler
</UL>
<BR>[Address Reference Count : 1]<UL><LI> startup_msp432p401r_uvision.o(RESET)
</UL>
<P><STRONG><a name="[22]"></a>ADC14_IRQHandler</STRONG> (Thumb, 0 bytes, Stack size 0 bytes, startup_msp432p401r_uvision.o(.text))
<BR><BR>[Calls]<UL><LI><a href="#[22]">&gt;&gt;</a>&nbsp;&nbsp;&nbsp;ADC14_IRQHandler
</UL>
<BR>[Called By]<UL><LI><a href="#[22]">&gt;&gt;</a>&nbsp;&nbsp;&nbsp;ADC14_IRQHandler
</UL>
<BR>[Address Reference Count : 1]<UL><LI> startup_msp432p401r_uvision.o(RESET)
</UL>
<P><STRONG><a name="[26]"></a>AES256_IRQHandler</STRONG> (Thumb, 0 bytes, Stack size 0 bytes, startup_msp432p401r_uvision.o(.text))
<BR>[Address Reference Count : 1]<UL><LI> startup_msp432p401r_uvision.o(RESET)
</UL>
<P><STRONG><a name="[10]"></a>COMP_E0_IRQHandler</STRONG> (Thumb, 0 bytes, Stack size 0 bytes, startup_msp432p401r_uvision.o(.text))
<BR>[Address Reference Count : 1]<UL><LI> startup_msp432p401r_uvision.o(RESET)
</UL>
<P><STRONG><a name="[11]"></a>COMP_E1_IRQHandler</STRONG> (Thumb, 0 bytes, Stack size 0 bytes, startup_msp432p401r_uvision.o(.text))
<BR>[Address Reference Count : 1]<UL><LI> startup_msp432p401r_uvision.o(RESET)
</UL>
<P><STRONG><a name="[b]"></a>CS_IRQHandler</STRONG> (Thumb, 0 bytes, Stack size 0 bytes, startup_msp432p401r_uvision.o(.text))
<BR>[Address Reference Count : 1]<UL><LI> startup_msp432p401r_uvision.o(RESET)
</UL>
<P><STRONG><a name="[28]"></a>DMA_ERR_IRQHandler</STRONG> (Thumb, 0 bytes, Stack size 0 bytes, startup_msp432p401r_uvision.o(.text))
<BR>[Address Reference Count : 1]<UL><LI> startup_msp432p401r_uvision.o(RESET)
</UL>
<P><STRONG><a name="[2c]"></a>DMA_INT0_IRQHandler</STRONG> (Thumb, 0 bytes, Stack size 0 bytes, startup_msp432p401r_uvision.o(.text))
<BR>[Address Reference Count : 1]<UL><LI> startup_msp432p401r_uvision.o(RESET)
</UL>
<P><STRONG><a name="[2b]"></a>DMA_INT1_IRQHandler</STRONG> (Thumb, 0 bytes, Stack size 0 bytes, startup_msp432p401r_uvision.o(.text))
<BR>[Address Reference Count : 1]<UL><LI> startup_msp432p401r_uvision.o(RESET)
</UL>
<P><STRONG><a name="[2a]"></a>DMA_INT2_IRQHandler</STRONG> (Thumb, 0 bytes, Stack size 0 bytes, startup_msp432p401r_uvision.o(.text))
<BR>[Address Reference Count : 1]<UL><LI> startup_msp432p401r_uvision.o(RESET)
</UL>
<P><STRONG><a name="[29]"></a>DMA_INT3_IRQHandler</STRONG> (Thumb, 0 bytes, Stack size 0 bytes, startup_msp432p401r_uvision.o(.text))
<BR>[Address Reference Count : 1]<UL><LI> startup_msp432p401r_uvision.o(RESET)
</UL>
<P><STRONG><a name="[1e]"></a>EUSCIB0_IRQHandler</STRONG> (Thumb, 0 bytes, Stack size 0 bytes, startup_msp432p401r_uvision.o(.text))
<BR>[Address Reference Count : 1]<UL><LI> startup_msp432p401r_uvision.o(RESET)
</UL>
<P><STRONG><a name="[1f]"></a>EUSCIB1_IRQHandler</STRONG> (Thumb, 0 bytes, Stack size 0 bytes, startup_msp432p401r_uvision.o(.text))
<BR>[Address Reference Count : 1]<UL><LI> startup_msp432p401r_uvision.o(RESET)
</UL>
<P><STRONG><a name="[20]"></a>EUSCIB2_IRQHandler</STRONG> (Thumb, 0 bytes, Stack size 0 bytes, startup_msp432p401r_uvision.o(.text))
<BR>[Address Reference Count : 1]<UL><LI> startup_msp432p401r_uvision.o(RESET)
</UL>
<P><STRONG><a name="[21]"></a>EUSCIB3_IRQHandler</STRONG> (Thumb, 0 bytes, Stack size 0 bytes, startup_msp432p401r_uvision.o(.text))
<BR>[Address Reference Count : 1]<UL><LI> startup_msp432p401r_uvision.o(RESET)
</UL>
<P><STRONG><a name="[f]"></a>FLCTL_IRQHandler</STRONG> (Thumb, 0 bytes, Stack size 0 bytes, startup_msp432p401r_uvision.o(.text))
<BR>[Address Reference Count : 1]<UL><LI> startup_msp432p401r_uvision.o(RESET)
</UL>
<P><STRONG><a name="[e]"></a>FPU_IRQHandler</STRONG> (Thumb, 0 bytes, Stack size 0 bytes, startup_msp432p401r_uvision.o(.text))
<BR>[Address Reference Count : 1]<UL><LI> startup_msp432p401r_uvision.o(RESET)
</UL>
<P><STRONG><a name="[c]"></a>PCM_IRQHandler</STRONG> (Thumb, 0 bytes, Stack size 0 bytes, startup_msp432p401r_uvision.o(.text))
<BR>[Address Reference Count : 1]<UL><LI> startup_msp432p401r_uvision.o(RESET)
</UL>
<P><STRONG><a name="[32]"></a>PORT6_IRQHandler</STRONG> (Thumb, 0 bytes, Stack size 0 bytes, startup_msp432p401r_uvision.o(.text))
<BR>[Address Reference Count : 1]<UL><LI> startup_msp432p401r_uvision.o(RESET)
</UL>
<P><STRONG><a name="[a]"></a>PSS_IRQHandler</STRONG> (Thumb, 0 bytes, Stack size 0 bytes, startup_msp432p401r_uvision.o(.text))
<BR>[Address Reference Count : 1]<UL><LI> startup_msp432p401r_uvision.o(RESET)
</UL>
<P><STRONG><a name="[27]"></a>RTC_C_IRQHandler</STRONG> (Thumb, 0 bytes, Stack size 0 bytes, startup_msp432p401r_uvision.o(.text))
<BR>[Address Reference Count : 1]<UL><LI> startup_msp432p401r_uvision.o(RESET)
</UL>
<P><STRONG><a name="[23]"></a>T32_INT1_IRQHandler</STRONG> (Thumb, 0 bytes, Stack size 0 bytes, startup_msp432p401r_uvision.o(.text))
<BR>[Address Reference Count : 1]<UL><LI> startup_msp432p401r_uvision.o(RESET)
</UL>
<P><STRONG><a name="[24]"></a>T32_INT2_IRQHandler</STRONG> (Thumb, 0 bytes, Stack size 0 bytes, startup_msp432p401r_uvision.o(.text))
<BR>[Address Reference Count : 1]<UL><LI> startup_msp432p401r_uvision.o(RESET)
</UL>
<P><STRONG><a name="[25]"></a>T32_INTC_IRQHandler</STRONG> (Thumb, 0 bytes, Stack size 0 bytes, startup_msp432p401r_uvision.o(.text))
<BR>[Address Reference Count : 1]<UL><LI> startup_msp432p401r_uvision.o(RESET)
</UL>
<P><STRONG><a name="[13]"></a>TA0_N_IRQHandler</STRONG> (Thumb, 0 bytes, Stack size 0 bytes, startup_msp432p401r_uvision.o(.text))
<BR>[Address Reference Count : 1]<UL><LI> startup_msp432p401r_uvision.o(RESET)
</UL>
<P><STRONG><a name="[15]"></a>TA1_N_IRQHandler</STRONG> (Thumb, 0 bytes, Stack size 0 bytes, startup_msp432p401r_uvision.o(.text))
<BR>[Address Reference Count : 1]<UL><LI> startup_msp432p401r_uvision.o(RESET)
</UL>
<P><STRONG><a name="[17]"></a>TA2_N_IRQHandler</STRONG> (Thumb, 0 bytes, Stack size 0 bytes, startup_msp432p401r_uvision.o(.text))
<BR>[Address Reference Count : 1]<UL><LI> startup_msp432p401r_uvision.o(RESET)
</UL>
<P><STRONG><a name="[18]"></a>TA3_0_IRQHandler</STRONG> (Thumb, 0 bytes, Stack size 0 bytes, startup_msp432p401r_uvision.o(.text))
<BR>[Address Reference Count : 1]<UL><LI> startup_msp432p401r_uvision.o(RESET)
</UL>
<P><STRONG><a name="[19]"></a>TA3_N_IRQHandler</STRONG> (Thumb, 0 bytes, Stack size 0 bytes, startup_msp432p401r_uvision.o(.text))
<BR>[Address Reference Count : 1]<UL><LI> startup_msp432p401r_uvision.o(RESET)
</UL>
<P><STRONG><a name="[d]"></a>WDT_A_IRQHandler</STRONG> (Thumb, 0 bytes, Stack size 0 bytes, startup_msp432p401r_uvision.o(.text))
<BR>[Address Reference Count : 1]<UL><LI> startup_msp432p401r_uvision.o(RESET)
</UL>
<P><STRONG><a name="[aa]"></a>__aeabi_memcpy</STRONG> (Thumb, 36 bytes, Stack size 0 bytes, memcpya.o(.text), UNUSED)

<P><STRONG><a name="[9c]"></a>__aeabi_memcpy4</STRONG> (Thumb, 0 bytes, Stack size 0 bytes, memcpya.o(.text))
<BR><BR>[Called By]<UL><LI><a href="#[94]">&gt;&gt;</a>&nbsp;&nbsp;&nbsp;uart3_init
</UL>

<P><STRONG><a name="[ab]"></a>__aeabi_memcpy8</STRONG> (Thumb, 0 bytes, Stack size 0 bytes, memcpya.o(.text), UNUSED)

<P><STRONG><a name="[3a]"></a>__aeabi_memset</STRONG> (Thumb, 14 bytes, Stack size 0 bytes, memseta.o(.text))
<BR><BR>[Called By]<UL><LI><a href="#[6b]">&gt;&gt;</a>&nbsp;&nbsp;&nbsp;OLED_Clear
<LI><a href="#[3b]">&gt;&gt;</a>&nbsp;&nbsp;&nbsp;_memset$wrapper
<LI><a href="#[39]">&gt;&gt;</a>&nbsp;&nbsp;&nbsp;__aeabi_memclr
</UL>

<P><STRONG><a name="[ac]"></a>__aeabi_memset4</STRONG> (Thumb, 0 bytes, Stack size 0 bytes, memseta.o(.text), UNUSED)

<P><STRONG><a name="[ad]"></a>__aeabi_memset8</STRONG> (Thumb, 0 bytes, Stack size 0 bytes, memseta.o(.text), UNUSED)

<P><STRONG><a name="[39]"></a>__aeabi_memclr</STRONG> (Thumb, 4 bytes, Stack size 0 bytes, memseta.o(.text))
<BR><BR>[Calls]<UL><LI><a href="#[3a]">&gt;&gt;</a>&nbsp;&nbsp;&nbsp;__aeabi_memset
</UL>
<BR>[Called By]<UL><LI><a href="#[6b]">&gt;&gt;</a>&nbsp;&nbsp;&nbsp;OLED_Clear
</UL>

<P><STRONG><a name="[ae]"></a>__aeabi_memclr4</STRONG> (Thumb, 0 bytes, Stack size 0 bytes, memseta.o(.text), UNUSED)

<P><STRONG><a name="[af]"></a>__aeabi_memclr8</STRONG> (Thumb, 0 bytes, Stack size 0 bytes, memseta.o(.text), UNUSED)

<P><STRONG><a name="[3b]"></a>_memset$wrapper</STRONG> (Thumb, 18 bytes, Stack size 8 bytes, memseta.o(.text), UNUSED)
<BR><BR>[Calls]<UL><LI><a href="#[3a]">&gt;&gt;</a>&nbsp;&nbsp;&nbsp;__aeabi_memset
</UL>

<P><STRONG><a name="[3c]"></a>__aeabi_dadd</STRONG> (Thumb, 322 bytes, Stack size 48 bytes, dadd.o(.text))
<BR><BR>[Stack]<UL><LI>Max Depth = 88<LI>Call Chain = __aeabi_dadd &rArr; _double_epilogue &rArr; _double_round
</UL>
<BR>[Calls]<UL><LI><a href="#[3e]">&gt;&gt;</a>&nbsp;&nbsp;&nbsp;__aeabi_lasr
<LI><a href="#[3d]">&gt;&gt;</a>&nbsp;&nbsp;&nbsp;__aeabi_llsl
<LI><a href="#[40]">&gt;&gt;</a>&nbsp;&nbsp;&nbsp;_double_round
<LI><a href="#[3f]">&gt;&gt;</a>&nbsp;&nbsp;&nbsp;_double_epilogue
</UL>
<BR>[Called By]<UL><LI><a href="#[41]">&gt;&gt;</a>&nbsp;&nbsp;&nbsp;__aeabi_dsub
<LI><a href="#[42]">&gt;&gt;</a>&nbsp;&nbsp;&nbsp;__aeabi_drsub
</UL>

<P><STRONG><a name="[41]"></a>__aeabi_dsub</STRONG> (Thumb, 6 bytes, Stack size 0 bytes, dadd.o(.text))
<BR><BR>[Stack]<UL><LI>Max Depth = 88<LI>Call Chain = __aeabi_dsub &rArr; __aeabi_dadd &rArr; _double_epilogue &rArr; _double_round
</UL>
<BR>[Calls]<UL><LI><a href="#[3c]">&gt;&gt;</a>&nbsp;&nbsp;&nbsp;__aeabi_dadd
</UL>
<BR>[Called By]<UL><LI><a href="#[12]">&gt;&gt;</a>&nbsp;&nbsp;&nbsp;TA0_0_IRQHandler
</UL>

<P><STRONG><a name="[42]"></a>__aeabi_drsub</STRONG> (Thumb, 6 bytes, Stack size 0 bytes, dadd.o(.text), UNUSED)
<BR><BR>[Calls]<UL><LI><a href="#[3c]">&gt;&gt;</a>&nbsp;&nbsp;&nbsp;__aeabi_dadd
</UL>

<P><STRONG><a name="[43]"></a>__aeabi_dmul</STRONG> (Thumb, 228 bytes, Stack size 48 bytes, dmul.o(.text))
<BR><BR>[Stack]<UL><LI>Max Depth = 88<LI>Call Chain = __aeabi_dmul &rArr; _double_epilogue &rArr; _double_round
</UL>
<BR>[Calls]<UL><LI><a href="#[3f]">&gt;&gt;</a>&nbsp;&nbsp;&nbsp;_double_epilogue
</UL>
<BR>[Called By]<UL><LI><a href="#[12]">&gt;&gt;</a>&nbsp;&nbsp;&nbsp;TA0_0_IRQHandler
</UL>

<P><STRONG><a name="[44]"></a>__aeabi_i2d</STRONG> (Thumb, 34 bytes, Stack size 16 bytes, dflti.o(.text))
<BR><BR>[Stack]<UL><LI>Max Depth = 56<LI>Call Chain = __aeabi_i2d &rArr; _double_epilogue &rArr; _double_round
</UL>
<BR>[Calls]<UL><LI><a href="#[3f]">&gt;&gt;</a>&nbsp;&nbsp;&nbsp;_double_epilogue
</UL>
<BR>[Called By]<UL><LI><a href="#[12]">&gt;&gt;</a>&nbsp;&nbsp;&nbsp;TA0_0_IRQHandler
</UL>

<P><STRONG><a name="[45]"></a>__aeabi_d2iz</STRONG> (Thumb, 62 bytes, Stack size 16 bytes, dfixi.o(.text))
<BR><BR>[Stack]<UL><LI>Max Depth = 16<LI>Call Chain = __aeabi_d2iz
</UL>
<BR>[Calls]<UL><LI><a href="#[46]">&gt;&gt;</a>&nbsp;&nbsp;&nbsp;__aeabi_llsr
</UL>
<BR>[Called By]<UL><LI><a href="#[12]">&gt;&gt;</a>&nbsp;&nbsp;&nbsp;TA0_0_IRQHandler
</UL>

<P><STRONG><a name="[7c]"></a>__aeabi_f2d</STRONG> (Thumb, 38 bytes, Stack size 0 bytes, f2d.o(.text))
<BR><BR>[Called By]<UL><LI><a href="#[12]">&gt;&gt;</a>&nbsp;&nbsp;&nbsp;TA0_0_IRQHandler
</UL>

<P><STRONG><a name="[b0]"></a>__aeabi_uidiv</STRONG> (Thumb, 0 bytes, Stack size 12 bytes, uidiv.o(.text), UNUSED)

<P><STRONG><a name="[8e]"></a>__aeabi_uidivmod</STRONG> (Thumb, 44 bytes, Stack size 12 bytes, uidiv.o(.text), UNUSED)
<BR><BR>[Called By]<UL><LI><a href="#[8a]">&gt;&gt;</a>&nbsp;&nbsp;&nbsp;_printf_core
</UL>

<P><STRONG><a name="[3d]"></a>__aeabi_llsl</STRONG> (Thumb, 30 bytes, Stack size 0 bytes, llshl.o(.text))
<BR><BR>[Called By]<UL><LI><a href="#[3f]">&gt;&gt;</a>&nbsp;&nbsp;&nbsp;_double_epilogue
<LI><a href="#[3c]">&gt;&gt;</a>&nbsp;&nbsp;&nbsp;__aeabi_dadd
</UL>

<P><STRONG><a name="[b1]"></a>_ll_shift_l</STRONG> (Thumb, 0 bytes, Stack size 0 bytes, llshl.o(.text), UNUSED)

<P><STRONG><a name="[46]"></a>__aeabi_llsr</STRONG> (Thumb, 32 bytes, Stack size 0 bytes, llushr.o(.text))
<BR><BR>[Called By]<UL><LI><a href="#[45]">&gt;&gt;</a>&nbsp;&nbsp;&nbsp;__aeabi_d2iz
<LI><a href="#[3f]">&gt;&gt;</a>&nbsp;&nbsp;&nbsp;_double_epilogue
</UL>

<P><STRONG><a name="[b2]"></a>_ll_ushift_r</STRONG> (Thumb, 0 bytes, Stack size 0 bytes, llushr.o(.text), UNUSED)

<P><STRONG><a name="[3e]"></a>__aeabi_lasr</STRONG> (Thumb, 36 bytes, Stack size 0 bytes, llsshr.o(.text))
<BR><BR>[Called By]<UL><LI><a href="#[3c]">&gt;&gt;</a>&nbsp;&nbsp;&nbsp;__aeabi_dadd
</UL>

<P><STRONG><a name="[b3]"></a>_ll_sshift_r</STRONG> (Thumb, 0 bytes, Stack size 0 bytes, llsshr.o(.text), UNUSED)

<P><STRONG><a name="[b4]"></a>__I$use$fp</STRONG> (Thumb, 0 bytes, Stack size 8 bytes, iusefp.o(.text), UNUSED)

<P><STRONG><a name="[40]"></a>_double_round</STRONG> (Thumb, 30 bytes, Stack size 8 bytes, depilogue.o(.text))
<BR><BR>[Stack]<UL><LI>Max Depth = 8<LI>Call Chain = _double_round
</UL>
<BR>[Called By]<UL><LI><a href="#[3f]">&gt;&gt;</a>&nbsp;&nbsp;&nbsp;_double_epilogue
<LI><a href="#[3c]">&gt;&gt;</a>&nbsp;&nbsp;&nbsp;__aeabi_dadd
</UL>

<P><STRONG><a name="[3f]"></a>_double_epilogue</STRONG> (Thumb, 156 bytes, Stack size 32 bytes, depilogue.o(.text))
<BR><BR>[Stack]<UL><LI>Max Depth = 40<LI>Call Chain = _double_epilogue &rArr; _double_round
</UL>
<BR>[Calls]<UL><LI><a href="#[46]">&gt;&gt;</a>&nbsp;&nbsp;&nbsp;__aeabi_llsr
<LI><a href="#[3d]">&gt;&gt;</a>&nbsp;&nbsp;&nbsp;__aeabi_llsl
<LI><a href="#[40]">&gt;&gt;</a>&nbsp;&nbsp;&nbsp;_double_round
</UL>
<BR>[Called By]<UL><LI><a href="#[44]">&gt;&gt;</a>&nbsp;&nbsp;&nbsp;__aeabi_i2d
<LI><a href="#[43]">&gt;&gt;</a>&nbsp;&nbsp;&nbsp;__aeabi_dmul
<LI><a href="#[3c]">&gt;&gt;</a>&nbsp;&nbsp;&nbsp;__aeabi_dadd
</UL>

<P><STRONG><a name="[38]"></a>__scatterload</STRONG> (Thumb, 28 bytes, Stack size 0 bytes, init.o(.text))
<BR><BR>[Calls]<UL><LI><a href="#[47]">&gt;&gt;</a>&nbsp;&nbsp;&nbsp;__main_after_scatterload
</UL>
<BR>[Called By]<UL><LI><a href="#[37]">&gt;&gt;</a>&nbsp;&nbsp;&nbsp;_main_scatterload
</UL>

<P><STRONG><a name="[b5]"></a>__scatterload_rt2</STRONG> (Thumb, 0 bytes, Stack size 0 bytes, init.o(.text), UNUSED)

<P><STRONG><a name="[48]"></a>CLOCK_Init</STRONG> (Thumb, 124 bytes, Stack size 8 bytes, clock.o(i.CLOCK_Init))
<BR><BR>[Stack]<UL><LI>Max Depth = 52<LI>Call Chain = CLOCK_Init &rArr; PCM_setCoreVoltageLevel &rArr; __PCM_setCoreVoltageLevelAdvanced &rArr; __PCM_setPowerModeAdvanced
</UL>
<BR>[Calls]<UL><LI><a href="#[49]">&gt;&gt;</a>&nbsp;&nbsp;&nbsp;WDT_A_holdTimer
<LI><a href="#[4c]">&gt;&gt;</a>&nbsp;&nbsp;&nbsp;PCM_setCoreVoltageLevel
<LI><a href="#[4a]">&gt;&gt;</a>&nbsp;&nbsp;&nbsp;GPIO_setAsPeripheralModuleFunctionInputPin
<LI><a href="#[4d]">&gt;&gt;</a>&nbsp;&nbsp;&nbsp;FlashCtl_setWaitState
<LI><a href="#[4f]">&gt;&gt;</a>&nbsp;&nbsp;&nbsp;CS_startLFXT
<LI><a href="#[4e]">&gt;&gt;</a>&nbsp;&nbsp;&nbsp;CS_startHFXT
<LI><a href="#[4b]">&gt;&gt;</a>&nbsp;&nbsp;&nbsp;CS_setExternalClockSourceFrequency
<LI><a href="#[50]">&gt;&gt;</a>&nbsp;&nbsp;&nbsp;CS_initClockSignal
</UL>
<BR>[Called By]<UL><LI><a href="#[33]">&gt;&gt;</a>&nbsp;&nbsp;&nbsp;main
</UL>

<P><STRONG><a name="[51]"></a>CS_getACLK</STRONG> (Thumb, 20 bytes, Stack size 0 bytes, cs.o(i.CS_getACLK))
<BR><BR>[Stack]<UL><LI>Max Depth = 64<LI>Call Chain = CS_getACLK &rArr; _CSComputeCLKFrequency &rArr; CS_getDCOFrequency &rArr; SysCtl_getTLVInfo
</UL>
<BR>[Calls]<UL><LI><a href="#[52]">&gt;&gt;</a>&nbsp;&nbsp;&nbsp;_CSComputeCLKFrequency
</UL>
<BR>[Called By]<UL><LI><a href="#[90]">&gt;&gt;</a>&nbsp;&nbsp;&nbsp;eusci_calcBaudDividers
</UL>

<P><STRONG><a name="[53]"></a>CS_getDCOFrequency</STRONG> (Thumb, 332 bytes, Stack size 24 bytes, cs.o(i.CS_getDCOFrequency))
<BR><BR>[Stack]<UL><LI>Max Depth = 32<LI>Call Chain = CS_getDCOFrequency &rArr; SysCtl_getTLVInfo
</UL>
<BR>[Calls]<UL><LI><a href="#[54]">&gt;&gt;</a>&nbsp;&nbsp;&nbsp;SysCtl_getTLVInfo
</UL>
<BR>[Called By]<UL><LI><a href="#[52]">&gt;&gt;</a>&nbsp;&nbsp;&nbsp;_CSComputeCLKFrequency
</UL>

<P><STRONG><a name="[55]"></a>CS_getMCLK</STRONG> (Thumb, 20 bytes, Stack size 0 bytes, cs.o(i.CS_getMCLK))
<BR><BR>[Stack]<UL><LI>Max Depth = 64<LI>Call Chain = CS_getMCLK &rArr; _CSComputeCLKFrequency &rArr; CS_getDCOFrequency &rArr; SysCtl_getTLVInfo
</UL>
<BR>[Calls]<UL><LI><a href="#[52]">&gt;&gt;</a>&nbsp;&nbsp;&nbsp;_CSComputeCLKFrequency
</UL>
<BR>[Called By]<UL><LI><a href="#[8f]">&gt;&gt;</a>&nbsp;&nbsp;&nbsp;delay_init
</UL>

<P><STRONG><a name="[56]"></a>CS_getSMCLK</STRONG> (Thumb, 18 bytes, Stack size 0 bytes, cs.o(i.CS_getSMCLK))
<BR><BR>[Stack]<UL><LI>Max Depth = 64<LI>Call Chain = CS_getSMCLK &rArr; _CSComputeCLKFrequency &rArr; CS_getDCOFrequency &rArr; SysCtl_getTLVInfo
</UL>
<BR>[Calls]<UL><LI><a href="#[52]">&gt;&gt;</a>&nbsp;&nbsp;&nbsp;_CSComputeCLKFrequency
</UL>
<BR>[Called By]<UL><LI><a href="#[90]">&gt;&gt;</a>&nbsp;&nbsp;&nbsp;eusci_calcBaudDividers
</UL>

<P><STRONG><a name="[50]"></a>CS_initClockSignal</STRONG> (Thumb, 222 bytes, Stack size 8 bytes, cs.o(i.CS_initClockSignal))
<BR><BR>[Stack]<UL><LI>Max Depth = 8<LI>Call Chain = CS_initClockSignal
</UL>
<BR>[Called By]<UL><LI><a href="#[48]">&gt;&gt;</a>&nbsp;&nbsp;&nbsp;CLOCK_Init
</UL>

<P><STRONG><a name="[4b]"></a>CS_setExternalClockSourceFrequency</STRONG> (Thumb, 8 bytes, Stack size 0 bytes, cs.o(i.CS_setExternalClockSourceFrequency))
<BR><BR>[Called By]<UL><LI><a href="#[48]">&gt;&gt;</a>&nbsp;&nbsp;&nbsp;CLOCK_Init
</UL>

<P><STRONG><a name="[4e]"></a>CS_startHFXT</STRONG> (Thumb, 6 bytes, Stack size 0 bytes, cs.o(i.CS_startHFXT))
<BR><BR>[Stack]<UL><LI>Max Depth = 32<LI>Call Chain = CS_startHFXT &rArr; CS_startHFXTWithTimeout
</UL>
<BR>[Calls]<UL><LI><a href="#[57]">&gt;&gt;</a>&nbsp;&nbsp;&nbsp;CS_startHFXTWithTimeout
</UL>
<BR>[Called By]<UL><LI><a href="#[48]">&gt;&gt;</a>&nbsp;&nbsp;&nbsp;CLOCK_Init
</UL>

<P><STRONG><a name="[57]"></a>CS_startHFXTWithTimeout</STRONG> (Thumb, 262 bytes, Stack size 32 bytes, cs.o(i.CS_startHFXTWithTimeout))
<BR><BR>[Stack]<UL><LI>Max Depth = 32<LI>Call Chain = CS_startHFXTWithTimeout
</UL>
<BR>[Calls]<UL><LI><a href="#[58]">&gt;&gt;</a>&nbsp;&nbsp;&nbsp;SysCtl_getNMISourceStatus
<LI><a href="#[5a]">&gt;&gt;</a>&nbsp;&nbsp;&nbsp;SysCtl_enableNMISource
<LI><a href="#[59]">&gt;&gt;</a>&nbsp;&nbsp;&nbsp;SysCtl_disableNMISource
</UL>
<BR>[Called By]<UL><LI><a href="#[4e]">&gt;&gt;</a>&nbsp;&nbsp;&nbsp;CS_startHFXT
</UL>

<P><STRONG><a name="[4f]"></a>CS_startLFXT</STRONG> (Thumb, 6 bytes, Stack size 0 bytes, cs.o(i.CS_startLFXT))
<BR><BR>[Stack]<UL><LI>Max Depth = 32<LI>Call Chain = CS_startLFXT &rArr; CS_startLFXTWithTimeout
</UL>
<BR>[Calls]<UL><LI><a href="#[5b]">&gt;&gt;</a>&nbsp;&nbsp;&nbsp;CS_startLFXTWithTimeout
</UL>
<BR>[Called By]<UL><LI><a href="#[48]">&gt;&gt;</a>&nbsp;&nbsp;&nbsp;CLOCK_Init
</UL>

<P><STRONG><a name="[5b]"></a>CS_startLFXTWithTimeout</STRONG> (Thumb, 158 bytes, Stack size 32 bytes, cs.o(i.CS_startLFXTWithTimeout))
<BR><BR>[Stack]<UL><LI>Max Depth = 32<LI>Call Chain = CS_startLFXTWithTimeout
</UL>
<BR>[Calls]<UL><LI><a href="#[58]">&gt;&gt;</a>&nbsp;&nbsp;&nbsp;SysCtl_getNMISourceStatus
<LI><a href="#[5a]">&gt;&gt;</a>&nbsp;&nbsp;&nbsp;SysCtl_enableNMISource
<LI><a href="#[59]">&gt;&gt;</a>&nbsp;&nbsp;&nbsp;SysCtl_disableNMISource
</UL>
<BR>[Called By]<UL><LI><a href="#[4f]">&gt;&gt;</a>&nbsp;&nbsp;&nbsp;CS_startLFXT
</UL>

<P><STRONG><a name="[1a]"></a>EUSCIA0_IRQHandler</STRONG> (Thumb, 6 bytes, Stack size 0 bytes, isr.o(i.EUSCIA0_IRQHandler))
<BR><BR>[Calls]<UL><LI><a href="#[5c]">&gt;&gt;</a>&nbsp;&nbsp;&nbsp;UART_getEnabledInterruptStatus
</UL>
<BR>[Address Reference Count : 1]<UL><LI> startup_msp432p401r_uvision.o(RESET)
</UL>
<P><STRONG><a name="[1b]"></a>EUSCIA1_IRQHandler</STRONG> (Thumb, 6 bytes, Stack size 0 bytes, isr.o(i.EUSCIA1_IRQHandler))
<BR><BR>[Calls]<UL><LI><a href="#[5c]">&gt;&gt;</a>&nbsp;&nbsp;&nbsp;UART_getEnabledInterruptStatus
</UL>
<BR>[Address Reference Count : 1]<UL><LI> startup_msp432p401r_uvision.o(RESET)
</UL>
<P><STRONG><a name="[1c]"></a>EUSCIA2_IRQHandler</STRONG> (Thumb, 6 bytes, Stack size 0 bytes, isr.o(i.EUSCIA2_IRQHandler))
<BR><BR>[Calls]<UL><LI><a href="#[5c]">&gt;&gt;</a>&nbsp;&nbsp;&nbsp;UART_getEnabledInterruptStatus
</UL>
<BR>[Address Reference Count : 1]<UL><LI> startup_msp432p401r_uvision.o(RESET)
</UL>
<P><STRONG><a name="[1d]"></a>EUSCIA3_IRQHandler</STRONG> (Thumb, 6 bytes, Stack size 0 bytes, isr.o(i.EUSCIA3_IRQHandler))
<BR><BR>[Calls]<UL><LI><a href="#[5c]">&gt;&gt;</a>&nbsp;&nbsp;&nbsp;UART_getEnabledInterruptStatus
</UL>
<BR>[Address Reference Count : 1]<UL><LI> startup_msp432p401r_uvision.o(RESET)
</UL>
<P><STRONG><a name="[5d]"></a>EXTI_Init</STRONG> (Thumb, 122 bytes, Stack size 8 bytes, exti.o(i.EXTI_Init))
<BR><BR>[Stack]<UL><LI>Max Depth = 8<LI>Call Chain = EXTI_Init
</UL>
<BR>[Calls]<UL><LI><a href="#[61]">&gt;&gt;</a>&nbsp;&nbsp;&nbsp;GPIO_setAsInputPinWithPullUpResistor
<LI><a href="#[60]">&gt;&gt;</a>&nbsp;&nbsp;&nbsp;GPIO_interruptEdgeSelect
<LI><a href="#[5e]">&gt;&gt;</a>&nbsp;&nbsp;&nbsp;GPIO_enableInterrupt
<LI><a href="#[5f]">&gt;&gt;</a>&nbsp;&nbsp;&nbsp;Interrupt_enableInterrupt
</UL>
<BR>[Called By]<UL><LI><a href="#[33]">&gt;&gt;</a>&nbsp;&nbsp;&nbsp;main
</UL>

<P><STRONG><a name="[4d]"></a>FlashCtl_setWaitState</STRONG> (Thumb, 38 bytes, Stack size 0 bytes, flash.o(i.FlashCtl_setWaitState))
<BR><BR>[Called By]<UL><LI><a href="#[48]">&gt;&gt;</a>&nbsp;&nbsp;&nbsp;CLOCK_Init
</UL>

<P><STRONG><a name="[78]"></a>GPIO_clearInterruptFlag</STRONG> (Thumb, 16 bytes, Stack size 0 bytes, gpio.o(i.GPIO_clearInterruptFlag))
<BR><BR>[Called By]<UL><LI><a href="#[31]">&gt;&gt;</a>&nbsp;&nbsp;&nbsp;PORT5_IRQHandler
<LI><a href="#[30]">&gt;&gt;</a>&nbsp;&nbsp;&nbsp;PORT4_IRQHandler
<LI><a href="#[2f]">&gt;&gt;</a>&nbsp;&nbsp;&nbsp;PORT3_IRQHandler
<LI><a href="#[2e]">&gt;&gt;</a>&nbsp;&nbsp;&nbsp;PORT2_IRQHandler
<LI><a href="#[2d]">&gt;&gt;</a>&nbsp;&nbsp;&nbsp;PORT1_IRQHandler
<LI><a href="#[33]">&gt;&gt;</a>&nbsp;&nbsp;&nbsp;main
</UL>

<P><STRONG><a name="[5e]"></a>GPIO_enableInterrupt</STRONG> (Thumb, 14 bytes, Stack size 0 bytes, gpio.o(i.GPIO_enableInterrupt))
<BR><BR>[Called By]<UL><LI><a href="#[5d]">&gt;&gt;</a>&nbsp;&nbsp;&nbsp;EXTI_Init
</UL>

<P><STRONG><a name="[77]"></a>GPIO_getEnabledInterruptStatus</STRONG> (Thumb, 48 bytes, Stack size 0 bytes, gpio.o(i.GPIO_getEnabledInterruptStatus))
<BR><BR>[Called By]<UL><LI><a href="#[31]">&gt;&gt;</a>&nbsp;&nbsp;&nbsp;PORT5_IRQHandler
<LI><a href="#[30]">&gt;&gt;</a>&nbsp;&nbsp;&nbsp;PORT4_IRQHandler
<LI><a href="#[2f]">&gt;&gt;</a>&nbsp;&nbsp;&nbsp;PORT3_IRQHandler
<LI><a href="#[2e]">&gt;&gt;</a>&nbsp;&nbsp;&nbsp;PORT2_IRQHandler
<LI><a href="#[2d]">&gt;&gt;</a>&nbsp;&nbsp;&nbsp;PORT1_IRQHandler
</UL>

<P><STRONG><a name="[79]"></a>GPIO_getInputPinValue</STRONG> (Thumb, 16 bytes, Stack size 0 bytes, gpio.o(i.GPIO_getInputPinValue))
<BR><BR>[Called By]<UL><LI><a href="#[31]">&gt;&gt;</a>&nbsp;&nbsp;&nbsp;PORT5_IRQHandler
<LI><a href="#[30]">&gt;&gt;</a>&nbsp;&nbsp;&nbsp;PORT4_IRQHandler
<LI><a href="#[33]">&gt;&gt;</a>&nbsp;&nbsp;&nbsp;main
</UL>

<P><STRONG><a name="[60]"></a>GPIO_interruptEdgeSelect</STRONG> (Thumb, 22 bytes, Stack size 0 bytes, gpio.o(i.GPIO_interruptEdgeSelect))
<BR><BR>[Called By]<UL><LI><a href="#[5d]">&gt;&gt;</a>&nbsp;&nbsp;&nbsp;EXTI_Init
</UL>

<P><STRONG><a name="[99]"></a>GPIO_setAsInputPin</STRONG> (Thumb, 34 bytes, Stack size 0 bytes, gpio.o(i.GPIO_setAsInputPin))
<BR><BR>[Called By]<UL><LI><a href="#[33]">&gt;&gt;</a>&nbsp;&nbsp;&nbsp;main
</UL>

<P><STRONG><a name="[61]"></a>GPIO_setAsInputPinWithPullUpResistor</STRONG> (Thumb, 38 bytes, Stack size 0 bytes, gpio.o(i.GPIO_setAsInputPinWithPullUpResistor))
<BR><BR>[Called By]<UL><LI><a href="#[64]">&gt;&gt;</a>&nbsp;&nbsp;&nbsp;KEY_Init
<LI><a href="#[5d]">&gt;&gt;</a>&nbsp;&nbsp;&nbsp;EXTI_Init
</UL>

<P><STRONG><a name="[72]"></a>GPIO_setAsOutputPin</STRONG> (Thumb, 26 bytes, Stack size 0 bytes, gpio.o(i.GPIO_setAsOutputPin))
<BR><BR>[Called By]<UL><LI><a href="#[33]">&gt;&gt;</a>&nbsp;&nbsp;&nbsp;main
<LI><a href="#[91]">&gt;&gt;</a>&nbsp;&nbsp;&nbsp;uart_warning_led
<LI><a href="#[6f]">&gt;&gt;</a>&nbsp;&nbsp;&nbsp;OLED_Init_GPIO
</UL>

<P><STRONG><a name="[4a]"></a>GPIO_setAsPeripheralModuleFunctionInputPin</STRONG> (Thumb, 68 bytes, Stack size 0 bytes, gpio.o(i.GPIO_setAsPeripheralModuleFunctionInputPin))
<BR><BR>[Called By]<UL><LI><a href="#[48]">&gt;&gt;</a>&nbsp;&nbsp;&nbsp;CLOCK_Init
</UL>

<P><STRONG><a name="[83]"></a>GPIO_setAsPeripheralModuleFunctionOutputPin</STRONG> (Thumb, 68 bytes, Stack size 0 bytes, gpio.o(i.GPIO_setAsPeripheralModuleFunctionOutputPin))
<BR><BR>[Called By]<UL><LI><a href="#[94]">&gt;&gt;</a>&nbsp;&nbsp;&nbsp;uart3_init
<LI><a href="#[82]">&gt;&gt;</a>&nbsp;&nbsp;&nbsp;TimA1_Init
</UL>

<P><STRONG><a name="[73]"></a>GPIO_setOutputHighOnPin</STRONG> (Thumb, 14 bytes, Stack size 0 bytes, gpio.o(i.GPIO_setOutputHighOnPin))
<BR><BR>[Called By]<UL><LI><a href="#[33]">&gt;&gt;</a>&nbsp;&nbsp;&nbsp;main
<LI><a href="#[91]">&gt;&gt;</a>&nbsp;&nbsp;&nbsp;uart_warning_led
<LI><a href="#[75]">&gt;&gt;</a>&nbsp;&nbsp;&nbsp;SPI_WriteByte
<LI><a href="#[6d]">&gt;&gt;</a>&nbsp;&nbsp;&nbsp;OLED_WR_Byte
<LI><a href="#[71]">&gt;&gt;</a>&nbsp;&nbsp;&nbsp;OLED_Reset
</UL>

<P><STRONG><a name="[74]"></a>GPIO_setOutputLowOnPin</STRONG> (Thumb, 16 bytes, Stack size 0 bytes, gpio.o(i.GPIO_setOutputLowOnPin))
<BR><BR>[Called By]<UL><LI><a href="#[33]">&gt;&gt;</a>&nbsp;&nbsp;&nbsp;main
<LI><a href="#[91]">&gt;&gt;</a>&nbsp;&nbsp;&nbsp;uart_warning_led
<LI><a href="#[75]">&gt;&gt;</a>&nbsp;&nbsp;&nbsp;SPI_WriteByte
<LI><a href="#[6d]">&gt;&gt;</a>&nbsp;&nbsp;&nbsp;OLED_WR_Byte
<LI><a href="#[71]">&gt;&gt;</a>&nbsp;&nbsp;&nbsp;OLED_Reset
</UL>

<P><STRONG><a name="[5f]"></a>Interrupt_enableInterrupt</STRONG> (Thumb, 92 bytes, Stack size 0 bytes, interrupt.o(i.Interrupt_enableInterrupt))
<BR><BR>[Called By]<UL><LI><a href="#[86]">&gt;&gt;</a>&nbsp;&nbsp;&nbsp;UART_NVIC_Init
<LI><a href="#[7f]">&gt;&gt;</a>&nbsp;&nbsp;&nbsp;TimA0_Init
<LI><a href="#[5d]">&gt;&gt;</a>&nbsp;&nbsp;&nbsp;EXTI_Init
</UL>

<P><STRONG><a name="[62]"></a>Interrupt_enableMaster</STRONG> (Thumb, 14 bytes, Stack size 8 bytes, interrupt.o(i.Interrupt_enableMaster))
<BR><BR>[Stack]<UL><LI>Max Depth = 8<LI>Call Chain = Interrupt_enableMaster
</UL>
<BR>[Calls]<UL><LI><a href="#[63]">&gt;&gt;</a>&nbsp;&nbsp;&nbsp;CPU_cpsie
</UL>
<BR>[Called By]<UL><LI><a href="#[33]">&gt;&gt;</a>&nbsp;&nbsp;&nbsp;main
</UL>

<P><STRONG><a name="[95]"></a>Interrupt_setPriority</STRONG> (Thumb, 36 bytes, Stack size 0 bytes, interrupt.o(i.Interrupt_setPriority))
<BR><BR>[Called By]<UL><LI><a href="#[33]">&gt;&gt;</a>&nbsp;&nbsp;&nbsp;main
</UL>

<P><STRONG><a name="[64]"></a>KEY_Init</STRONG> (Thumb, 22 bytes, Stack size 8 bytes, key.o(i.KEY_Init))
<BR><BR>[Stack]<UL><LI>Max Depth = 8<LI>Call Chain = KEY_Init
</UL>
<BR>[Calls]<UL><LI><a href="#[61]">&gt;&gt;</a>&nbsp;&nbsp;&nbsp;GPIO_setAsInputPinWithPullUpResistor
</UL>
<BR>[Called By]<UL><LI><a href="#[33]">&gt;&gt;</a>&nbsp;&nbsp;&nbsp;main
</UL>

<P><STRONG><a name="[65]"></a>Motor_Control</STRONG> (Thumb, 78 bytes, Stack size 16 bytes, motor.o(i.Motor_Control))
<BR><BR>[Stack]<UL><LI>Max Depth = 24<LI>Call Chain = Motor_Control &rArr; motor2_forward
</UL>
<BR>[Calls]<UL><LI><a href="#[69]">&gt;&gt;</a>&nbsp;&nbsp;&nbsp;motor2_forward
<LI><a href="#[6a]">&gt;&gt;</a>&nbsp;&nbsp;&nbsp;motor2_back
<LI><a href="#[67]">&gt;&gt;</a>&nbsp;&nbsp;&nbsp;motor1_forward
<LI><a href="#[68]">&gt;&gt;</a>&nbsp;&nbsp;&nbsp;motor1_back
<LI><a href="#[66]">&gt;&gt;</a>&nbsp;&nbsp;&nbsp;Xian_Fu
</UL>
<BR>[Called By]<UL><LI><a href="#[12]">&gt;&gt;</a>&nbsp;&nbsp;&nbsp;TA0_0_IRQHandler
</UL>

<P><STRONG><a name="[6b]"></a>OLED_Clear</STRONG> (Thumb, 32 bytes, Stack size 8 bytes, oled.o(i.OLED_Clear))
<BR><BR>[Stack]<UL><LI>Max Depth = 48<LI>Call Chain = OLED_Clear &rArr; OLED_Display &rArr; OLED_WR_Byte &rArr; SPI_WriteByte
</UL>
<BR>[Calls]<UL><LI><a href="#[6c]">&gt;&gt;</a>&nbsp;&nbsp;&nbsp;OLED_Display
<LI><a href="#[39]">&gt;&gt;</a>&nbsp;&nbsp;&nbsp;__aeabi_memclr
<LI><a href="#[3a]">&gt;&gt;</a>&nbsp;&nbsp;&nbsp;__aeabi_memset
</UL>
<BR>[Called By]<UL><LI><a href="#[33]">&gt;&gt;</a>&nbsp;&nbsp;&nbsp;main
</UL>

<P><STRONG><a name="[6c]"></a>OLED_Display</STRONG> (Thumb, 64 bytes, Stack size 16 bytes, oled.o(i.OLED_Display))
<BR><BR>[Stack]<UL><LI>Max Depth = 40<LI>Call Chain = OLED_Display &rArr; OLED_WR_Byte &rArr; SPI_WriteByte
</UL>
<BR>[Calls]<UL><LI><a href="#[6d]">&gt;&gt;</a>&nbsp;&nbsp;&nbsp;OLED_WR_Byte
</UL>
<BR>[Called By]<UL><LI><a href="#[6b]">&gt;&gt;</a>&nbsp;&nbsp;&nbsp;OLED_Clear
</UL>

<P><STRONG><a name="[6e]"></a>OLED_Init</STRONG> (Thumb, 220 bytes, Stack size 8 bytes, oled.o(i.OLED_Init))
<BR><BR>[Stack]<UL><LI>Max Depth = 32<LI>Call Chain = OLED_Init &rArr; OLED_WR_Byte &rArr; SPI_WriteByte
</UL>
<BR>[Calls]<UL><LI><a href="#[70]">&gt;&gt;</a>&nbsp;&nbsp;&nbsp;delay_ms
<LI><a href="#[6d]">&gt;&gt;</a>&nbsp;&nbsp;&nbsp;OLED_WR_Byte
<LI><a href="#[71]">&gt;&gt;</a>&nbsp;&nbsp;&nbsp;OLED_Reset
<LI><a href="#[6f]">&gt;&gt;</a>&nbsp;&nbsp;&nbsp;OLED_Init_GPIO
</UL>
<BR>[Called By]<UL><LI><a href="#[33]">&gt;&gt;</a>&nbsp;&nbsp;&nbsp;main
</UL>

<P><STRONG><a name="[6f]"></a>OLED_Init_GPIO</STRONG> (Thumb, 46 bytes, Stack size 8 bytes, oled.o(i.OLED_Init_GPIO))
<BR><BR>[Stack]<UL><LI>Max Depth = 8<LI>Call Chain = OLED_Init_GPIO
</UL>
<BR>[Calls]<UL><LI><a href="#[72]">&gt;&gt;</a>&nbsp;&nbsp;&nbsp;GPIO_setAsOutputPin
</UL>
<BR>[Called By]<UL><LI><a href="#[6e]">&gt;&gt;</a>&nbsp;&nbsp;&nbsp;OLED_Init
</UL>

<P><STRONG><a name="[71]"></a>OLED_Reset</STRONG> (Thumb, 42 bytes, Stack size 8 bytes, oled.o(i.OLED_Reset))
<BR><BR>[Stack]<UL><LI>Max Depth = 8<LI>Call Chain = OLED_Reset
</UL>
<BR>[Calls]<UL><LI><a href="#[70]">&gt;&gt;</a>&nbsp;&nbsp;&nbsp;delay_ms
<LI><a href="#[74]">&gt;&gt;</a>&nbsp;&nbsp;&nbsp;GPIO_setOutputLowOnPin
<LI><a href="#[73]">&gt;&gt;</a>&nbsp;&nbsp;&nbsp;GPIO_setOutputHighOnPin
</UL>
<BR>[Called By]<UL><LI><a href="#[6e]">&gt;&gt;</a>&nbsp;&nbsp;&nbsp;OLED_Init
</UL>

<P><STRONG><a name="[6d]"></a>OLED_WR_Byte</STRONG> (Thumb, 52 bytes, Stack size 8 bytes, oled.o(i.OLED_WR_Byte))
<BR><BR>[Stack]<UL><LI>Max Depth = 24<LI>Call Chain = OLED_WR_Byte &rArr; SPI_WriteByte
</UL>
<BR>[Calls]<UL><LI><a href="#[74]">&gt;&gt;</a>&nbsp;&nbsp;&nbsp;GPIO_setOutputLowOnPin
<LI><a href="#[73]">&gt;&gt;</a>&nbsp;&nbsp;&nbsp;GPIO_setOutputHighOnPin
<LI><a href="#[75]">&gt;&gt;</a>&nbsp;&nbsp;&nbsp;SPI_WriteByte
</UL>
<BR>[Called By]<UL><LI><a href="#[6e]">&gt;&gt;</a>&nbsp;&nbsp;&nbsp;OLED_Init
<LI><a href="#[6c]">&gt;&gt;</a>&nbsp;&nbsp;&nbsp;OLED_Display
</UL>

<P><STRONG><a name="[8c]"></a>PCM_getCoreVoltageLevel</STRONG> (Thumb, 70 bytes, Stack size 0 bytes, pcm.o(i.PCM_getCoreVoltageLevel))
<BR><BR>[Called By]<UL><LI><a href="#[76]">&gt;&gt;</a>&nbsp;&nbsp;&nbsp;__PCM_setCoreVoltageLevelAdvanced
</UL>

<P><STRONG><a name="[8b]"></a>PCM_getPowerMode</STRONG> (Thumb, 62 bytes, Stack size 0 bytes, pcm.o(i.PCM_getPowerMode))
<BR><BR>[Called By]<UL><LI><a href="#[8d]">&gt;&gt;</a>&nbsp;&nbsp;&nbsp;__PCM_setPowerModeAdvanced
<LI><a href="#[76]">&gt;&gt;</a>&nbsp;&nbsp;&nbsp;__PCM_setCoreVoltageLevelAdvanced
</UL>

<P><STRONG><a name="[4c]"></a>PCM_setCoreVoltageLevel</STRONG> (Thumb, 8 bytes, Stack size 0 bytes, pcm.o(i.PCM_setCoreVoltageLevel))
<BR><BR>[Stack]<UL><LI>Max Depth = 44<LI>Call Chain = PCM_setCoreVoltageLevel &rArr; __PCM_setCoreVoltageLevelAdvanced &rArr; __PCM_setPowerModeAdvanced
</UL>
<BR>[Calls]<UL><LI><a href="#[76]">&gt;&gt;</a>&nbsp;&nbsp;&nbsp;__PCM_setCoreVoltageLevelAdvanced
</UL>
<BR>[Called By]<UL><LI><a href="#[48]">&gt;&gt;</a>&nbsp;&nbsp;&nbsp;CLOCK_Init
</UL>

<P><STRONG><a name="[7b]"></a>PID_Calculate</STRONG> (Thumb, 140 bytes, Stack size 0 bytes, motor.o(i.PID_Calculate))
<BR><BR>[Called By]<UL><LI><a href="#[12]">&gt;&gt;</a>&nbsp;&nbsp;&nbsp;TA0_0_IRQHandler
</UL>

<P><STRONG><a name="[2d]"></a>PORT1_IRQHandler</STRONG> (Thumb, 20 bytes, Stack size 8 bytes, isr.o(i.PORT1_IRQHandler))
<BR><BR>[Stack]<UL><LI>Max Depth = 8<LI>Call Chain = PORT1_IRQHandler
</UL>
<BR>[Calls]<UL><LI><a href="#[77]">&gt;&gt;</a>&nbsp;&nbsp;&nbsp;GPIO_getEnabledInterruptStatus
<LI><a href="#[78]">&gt;&gt;</a>&nbsp;&nbsp;&nbsp;GPIO_clearInterruptFlag
</UL>
<BR>[Address Reference Count : 1]<UL><LI> startup_msp432p401r_uvision.o(RESET)
</UL>
<P><STRONG><a name="[2e]"></a>PORT2_IRQHandler</STRONG> (Thumb, 20 bytes, Stack size 8 bytes, isr.o(i.PORT2_IRQHandler))
<BR><BR>[Stack]<UL><LI>Max Depth = 8<LI>Call Chain = PORT2_IRQHandler
</UL>
<BR>[Calls]<UL><LI><a href="#[77]">&gt;&gt;</a>&nbsp;&nbsp;&nbsp;GPIO_getEnabledInterruptStatus
<LI><a href="#[78]">&gt;&gt;</a>&nbsp;&nbsp;&nbsp;GPIO_clearInterruptFlag
</UL>
<BR>[Address Reference Count : 1]<UL><LI> startup_msp432p401r_uvision.o(RESET)
</UL>
<P><STRONG><a name="[2f]"></a>PORT3_IRQHandler</STRONG> (Thumb, 20 bytes, Stack size 8 bytes, isr.o(i.PORT3_IRQHandler))
<BR><BR>[Stack]<UL><LI>Max Depth = 8<LI>Call Chain = PORT3_IRQHandler
</UL>
<BR>[Calls]<UL><LI><a href="#[77]">&gt;&gt;</a>&nbsp;&nbsp;&nbsp;GPIO_getEnabledInterruptStatus
<LI><a href="#[78]">&gt;&gt;</a>&nbsp;&nbsp;&nbsp;GPIO_clearInterruptFlag
</UL>
<BR>[Address Reference Count : 1]<UL><LI> startup_msp432p401r_uvision.o(RESET)
</UL>
<P><STRONG><a name="[30]"></a>PORT4_IRQHandler</STRONG> (Thumb, 100 bytes, Stack size 16 bytes, isr.o(i.PORT4_IRQHandler))
<BR><BR>[Stack]<UL><LI>Max Depth = 16<LI>Call Chain = PORT4_IRQHandler
</UL>
<BR>[Calls]<UL><LI><a href="#[77]">&gt;&gt;</a>&nbsp;&nbsp;&nbsp;GPIO_getEnabledInterruptStatus
<LI><a href="#[79]">&gt;&gt;</a>&nbsp;&nbsp;&nbsp;GPIO_getInputPinValue
<LI><a href="#[78]">&gt;&gt;</a>&nbsp;&nbsp;&nbsp;GPIO_clearInterruptFlag
</UL>
<BR>[Address Reference Count : 1]<UL><LI> startup_msp432p401r_uvision.o(RESET)
</UL>
<P><STRONG><a name="[31]"></a>PORT5_IRQHandler</STRONG> (Thumb, 100 bytes, Stack size 16 bytes, isr.o(i.PORT5_IRQHandler))
<BR><BR>[Stack]<UL><LI>Max Depth = 16<LI>Call Chain = PORT5_IRQHandler
</UL>
<BR>[Calls]<UL><LI><a href="#[77]">&gt;&gt;</a>&nbsp;&nbsp;&nbsp;GPIO_getEnabledInterruptStatus
<LI><a href="#[79]">&gt;&gt;</a>&nbsp;&nbsp;&nbsp;GPIO_getInputPinValue
<LI><a href="#[78]">&gt;&gt;</a>&nbsp;&nbsp;&nbsp;GPIO_clearInterruptFlag
</UL>
<BR>[Address Reference Count : 1]<UL><LI> startup_msp432p401r_uvision.o(RESET)
</UL>
<P><STRONG><a name="[96]"></a>Pid_L_Init</STRONG> (Thumb, 66 bytes, Stack size 0 bytes, motor.o(i.Pid_L_Init))
<BR><BR>[Called By]<UL><LI><a href="#[33]">&gt;&gt;</a>&nbsp;&nbsp;&nbsp;main
</UL>

<P><STRONG><a name="[97]"></a>Pid_R_Init</STRONG> (Thumb, 66 bytes, Stack size 0 bytes, motor.o(i.Pid_R_Init))
<BR><BR>[Called By]<UL><LI><a href="#[33]">&gt;&gt;</a>&nbsp;&nbsp;&nbsp;main
</UL>

<P><STRONG><a name="[98]"></a>Pid_dir_Init</STRONG> (Thumb, 58 bytes, Stack size 0 bytes, motor.o(i.Pid_dir_Init))
<BR><BR>[Called By]<UL><LI><a href="#[33]">&gt;&gt;</a>&nbsp;&nbsp;&nbsp;main
</UL>

<P><STRONG><a name="[75]"></a>SPI_WriteByte</STRONG> (Thumb, 58 bytes, Stack size 16 bytes, spi.o(i.SPI_WriteByte))
<BR><BR>[Stack]<UL><LI>Max Depth = 16<LI>Call Chain = SPI_WriteByte
</UL>
<BR>[Calls]<UL><LI><a href="#[74]">&gt;&gt;</a>&nbsp;&nbsp;&nbsp;GPIO_setOutputLowOnPin
<LI><a href="#[73]">&gt;&gt;</a>&nbsp;&nbsp;&nbsp;GPIO_setOutputHighOnPin
</UL>
<BR>[Called By]<UL><LI><a href="#[6d]">&gt;&gt;</a>&nbsp;&nbsp;&nbsp;OLED_WR_Byte
</UL>

<P><STRONG><a name="[59]"></a>SysCtl_disableNMISource</STRONG> (Thumb, 12 bytes, Stack size 0 bytes, sysctl.o(i.SysCtl_disableNMISource))
<BR><BR>[Called By]<UL><LI><a href="#[5b]">&gt;&gt;</a>&nbsp;&nbsp;&nbsp;CS_startLFXTWithTimeout
<LI><a href="#[57]">&gt;&gt;</a>&nbsp;&nbsp;&nbsp;CS_startHFXTWithTimeout
</UL>

<P><STRONG><a name="[5a]"></a>SysCtl_enableNMISource</STRONG> (Thumb, 10 bytes, Stack size 0 bytes, sysctl.o(i.SysCtl_enableNMISource))
<BR><BR>[Called By]<UL><LI><a href="#[5b]">&gt;&gt;</a>&nbsp;&nbsp;&nbsp;CS_startLFXTWithTimeout
<LI><a href="#[57]">&gt;&gt;</a>&nbsp;&nbsp;&nbsp;CS_startHFXTWithTimeout
</UL>

<P><STRONG><a name="[58]"></a>SysCtl_getNMISourceStatus</STRONG> (Thumb, 6 bytes, Stack size 0 bytes, sysctl.o(i.SysCtl_getNMISourceStatus))
<BR><BR>[Called By]<UL><LI><a href="#[5b]">&gt;&gt;</a>&nbsp;&nbsp;&nbsp;CS_startLFXTWithTimeout
<LI><a href="#[57]">&gt;&gt;</a>&nbsp;&nbsp;&nbsp;CS_startHFXTWithTimeout
</UL>

<P><STRONG><a name="[54]"></a>SysCtl_getTLVInfo</STRONG> (Thumb, 72 bytes, Stack size 8 bytes, sysctl.o(i.SysCtl_getTLVInfo))
<BR><BR>[Stack]<UL><LI>Max Depth = 8<LI>Call Chain = SysCtl_getTLVInfo
</UL>
<BR>[Called By]<UL><LI><a href="#[53]">&gt;&gt;</a>&nbsp;&nbsp;&nbsp;CS_getDCOFrequency
</UL>

<P><STRONG><a name="[34]"></a>SystemInit</STRONG> (Thumb, 76 bytes, Stack size 0 bytes, system_msp432p401r.o(i.SystemInit))
<BR>[Address Reference Count : 1]<UL><LI> startup_msp432p401r_uvision.o(.text)
</UL>
<P><STRONG><a name="[12]"></a>TA0_0_IRQHandler</STRONG> (Thumb, 292 bytes, Stack size 32 bytes, isr.o(i.TA0_0_IRQHandler))
<BR><BR>[Stack]<UL><LI>Max Depth = 120<LI>Call Chain = TA0_0_IRQHandler &rArr; __aeabi_dsub &rArr; __aeabi_dadd &rArr; _double_epilogue &rArr; _double_round
</UL>
<BR>[Calls]<UL><LI><a href="#[7e]">&gt;&gt;</a>&nbsp;&nbsp;&nbsp;pwm_duty
<LI><a href="#[44]">&gt;&gt;</a>&nbsp;&nbsp;&nbsp;__aeabi_i2d
<LI><a href="#[7c]">&gt;&gt;</a>&nbsp;&nbsp;&nbsp;__aeabi_f2d
<LI><a href="#[41]">&gt;&gt;</a>&nbsp;&nbsp;&nbsp;__aeabi_dsub
<LI><a href="#[43]">&gt;&gt;</a>&nbsp;&nbsp;&nbsp;__aeabi_dmul
<LI><a href="#[45]">&gt;&gt;</a>&nbsp;&nbsp;&nbsp;__aeabi_d2iz
<LI><a href="#[66]">&gt;&gt;</a>&nbsp;&nbsp;&nbsp;Xian_Fu
<LI><a href="#[7d]">&gt;&gt;</a>&nbsp;&nbsp;&nbsp;UART_send_short
<LI><a href="#[7b]">&gt;&gt;</a>&nbsp;&nbsp;&nbsp;PID_Calculate
<LI><a href="#[65]">&gt;&gt;</a>&nbsp;&nbsp;&nbsp;Motor_Control
<LI><a href="#[7a]">&gt;&gt;</a>&nbsp;&nbsp;&nbsp;Timer_A_clearCaptureCompareInterrupt
</UL>
<BR>[Address Reference Count : 1]<UL><LI> startup_msp432p401r_uvision.o(RESET)
</UL>
<P><STRONG><a name="[14]"></a>TA1_0_IRQHandler</STRONG> (Thumb, 8 bytes, Stack size 0 bytes, isr.o(i.TA1_0_IRQHandler))
<BR><BR>[Calls]<UL><LI><a href="#[7a]">&gt;&gt;</a>&nbsp;&nbsp;&nbsp;Timer_A_clearCaptureCompareInterrupt
</UL>
<BR>[Address Reference Count : 1]<UL><LI> startup_msp432p401r_uvision.o(RESET)
</UL>
<P><STRONG><a name="[16]"></a>TA2_0_IRQHandler</STRONG> (Thumb, 8 bytes, Stack size 0 bytes, isr.o(i.TA2_0_IRQHandler))
<BR><BR>[Calls]<UL><LI><a href="#[7a]">&gt;&gt;</a>&nbsp;&nbsp;&nbsp;Timer_A_clearCaptureCompareInterrupt
</UL>
<BR>[Address Reference Count : 1]<UL><LI> startup_msp432p401r_uvision.o(RESET)
</UL>
<P><STRONG><a name="[7f]"></a>TimA0_Init</STRONG> (Thumb, 62 bytes, Stack size 32 bytes, timer.o(i.TimA0_Init))
<BR><BR>[Stack]<UL><LI>Max Depth = 48<LI>Call Chain = TimA0_Init &rArr; Timer_A_configureUpMode
</UL>
<BR>[Calls]<UL><LI><a href="#[81]">&gt;&gt;</a>&nbsp;&nbsp;&nbsp;Timer_A_startCounter
<LI><a href="#[80]">&gt;&gt;</a>&nbsp;&nbsp;&nbsp;Timer_A_configureUpMode
<LI><a href="#[7a]">&gt;&gt;</a>&nbsp;&nbsp;&nbsp;Timer_A_clearCaptureCompareInterrupt
<LI><a href="#[5f]">&gt;&gt;</a>&nbsp;&nbsp;&nbsp;Interrupt_enableInterrupt
</UL>
<BR>[Called By]<UL><LI><a href="#[33]">&gt;&gt;</a>&nbsp;&nbsp;&nbsp;main
</UL>

<P><STRONG><a name="[82]"></a>TimA1_Init</STRONG> (Thumb, 88 bytes, Stack size 40 bytes, timer.o(i.TimA1_Init))
<BR><BR>[Stack]<UL><LI>Max Depth = 56<LI>Call Chain = TimA1_Init &rArr; Timer_A_generatePWM
</UL>
<BR>[Calls]<UL><LI><a href="#[84]">&gt;&gt;</a>&nbsp;&nbsp;&nbsp;Timer_A_generatePWM
<LI><a href="#[83]">&gt;&gt;</a>&nbsp;&nbsp;&nbsp;GPIO_setAsPeripheralModuleFunctionOutputPin
</UL>
<BR>[Called By]<UL><LI><a href="#[33]">&gt;&gt;</a>&nbsp;&nbsp;&nbsp;main
</UL>

<P><STRONG><a name="[7a]"></a>Timer_A_clearCaptureCompareInterrupt</STRONG> (Thumb, 28 bytes, Stack size 0 bytes, timer_a.o(i.Timer_A_clearCaptureCompareInterrupt))
<BR><BR>[Called By]<UL><LI><a href="#[16]">&gt;&gt;</a>&nbsp;&nbsp;&nbsp;TA2_0_IRQHandler
<LI><a href="#[14]">&gt;&gt;</a>&nbsp;&nbsp;&nbsp;TA1_0_IRQHandler
<LI><a href="#[12]">&gt;&gt;</a>&nbsp;&nbsp;&nbsp;TA0_0_IRQHandler
<LI><a href="#[7f]">&gt;&gt;</a>&nbsp;&nbsp;&nbsp;TimA0_Init
</UL>

<P><STRONG><a name="[80]"></a>Timer_A_configureUpMode</STRONG> (Thumb, 70 bytes, Stack size 16 bytes, timer_a.o(i.Timer_A_configureUpMode))
<BR><BR>[Stack]<UL><LI>Max Depth = 16<LI>Call Chain = Timer_A_configureUpMode
</UL>
<BR>[Calls]<UL><LI><a href="#[85]">&gt;&gt;</a>&nbsp;&nbsp;&nbsp;privateTimer_AProcessClockSourceDivider
</UL>
<BR>[Called By]<UL><LI><a href="#[7f]">&gt;&gt;</a>&nbsp;&nbsp;&nbsp;TimA0_Init
</UL>

<P><STRONG><a name="[84]"></a>Timer_A_generatePWM</STRONG> (Thumb, 80 bytes, Stack size 16 bytes, timer_a.o(i.Timer_A_generatePWM))
<BR><BR>[Stack]<UL><LI>Max Depth = 16<LI>Call Chain = Timer_A_generatePWM
</UL>
<BR>[Calls]<UL><LI><a href="#[85]">&gt;&gt;</a>&nbsp;&nbsp;&nbsp;privateTimer_AProcessClockSourceDivider
</UL>
<BR>[Called By]<UL><LI><a href="#[82]">&gt;&gt;</a>&nbsp;&nbsp;&nbsp;TimA1_Init
</UL>

<P><STRONG><a name="[9b]"></a>Timer_A_setCompareValue</STRONG> (Thumb, 18 bytes, Stack size 0 bytes, timer_a.o(i.Timer_A_setCompareValue))
<BR><BR>[Called By]<UL><LI><a href="#[7e]">&gt;&gt;</a>&nbsp;&nbsp;&nbsp;pwm_duty
</UL>

<P><STRONG><a name="[81]"></a>Timer_A_startCounter</STRONG> (Thumb, 8 bytes, Stack size 0 bytes, timer_a.o(i.Timer_A_startCounter))
<BR><BR>[Called By]<UL><LI><a href="#[7f]">&gt;&gt;</a>&nbsp;&nbsp;&nbsp;TimA0_Init
</UL>

<P><STRONG><a name="[86]"></a>UART_NVIC_Init</STRONG> (Thumb, 62 bytes, Stack size 8 bytes, usart.o(i.UART_NVIC_Init))
<BR><BR>[Stack]<UL><LI>Max Depth = 8<LI>Call Chain = UART_NVIC_Init
</UL>
<BR>[Calls]<UL><LI><a href="#[5f]">&gt;&gt;</a>&nbsp;&nbsp;&nbsp;Interrupt_enableInterrupt
<LI><a href="#[87]">&gt;&gt;</a>&nbsp;&nbsp;&nbsp;UART_enableInterrupt
</UL>
<BR>[Called By]<UL><LI><a href="#[33]">&gt;&gt;</a>&nbsp;&nbsp;&nbsp;main
</UL>

<P><STRONG><a name="[87]"></a>UART_enableInterrupt</STRONG> (Thumb, 22 bytes, Stack size 0 bytes, uart.o(i.UART_enableInterrupt))
<BR><BR>[Called By]<UL><LI><a href="#[86]">&gt;&gt;</a>&nbsp;&nbsp;&nbsp;UART_NVIC_Init
</UL>

<P><STRONG><a name="[9e]"></a>UART_enableModule</STRONG> (Thumb, 12 bytes, Stack size 0 bytes, uart.o(i.UART_enableModule))
<BR><BR>[Called By]<UL><LI><a href="#[94]">&gt;&gt;</a>&nbsp;&nbsp;&nbsp;uart3_init
</UL>

<P><STRONG><a name="[5c]"></a>UART_getEnabledInterruptStatus</STRONG> (Thumb, 34 bytes, Stack size 0 bytes, uart.o(i.UART_getEnabledInterruptStatus))
<BR><BR>[Called By]<UL><LI><a href="#[1d]">&gt;&gt;</a>&nbsp;&nbsp;&nbsp;EUSCIA3_IRQHandler
<LI><a href="#[1c]">&gt;&gt;</a>&nbsp;&nbsp;&nbsp;EUSCIA2_IRQHandler
<LI><a href="#[1b]">&gt;&gt;</a>&nbsp;&nbsp;&nbsp;EUSCIA1_IRQHandler
<LI><a href="#[1a]">&gt;&gt;</a>&nbsp;&nbsp;&nbsp;EUSCIA0_IRQHandler
</UL>

<P><STRONG><a name="[9d]"></a>UART_initModule</STRONG> (Thumb, 136 bytes, Stack size 8 bytes, uart.o(i.UART_initModule))
<BR><BR>[Stack]<UL><LI>Max Depth = 8<LI>Call Chain = UART_initModule
</UL>
<BR>[Called By]<UL><LI><a href="#[94]">&gt;&gt;</a>&nbsp;&nbsp;&nbsp;uart3_init
</UL>

<P><STRONG><a name="[88]"></a>UART_send_Byte</STRONG> (Thumb, 70 bytes, Stack size 0 bytes, usart.o(i.UART_send_Byte))
<BR><BR>[Called By]<UL><LI><a href="#[7d]">&gt;&gt;</a>&nbsp;&nbsp;&nbsp;UART_send_short
</UL>

<P><STRONG><a name="[7d]"></a>UART_send_short</STRONG> (Thumb, 32 bytes, Stack size 16 bytes, usart.o(i.UART_send_short))
<BR><BR>[Stack]<UL><LI>Max Depth = 16<LI>Call Chain = UART_send_short
</UL>
<BR>[Calls]<UL><LI><a href="#[88]">&gt;&gt;</a>&nbsp;&nbsp;&nbsp;UART_send_Byte
</UL>
<BR>[Called By]<UL><LI><a href="#[12]">&gt;&gt;</a>&nbsp;&nbsp;&nbsp;TA0_0_IRQHandler
</UL>

<P><STRONG><a name="[93]"></a>UART_transmitData</STRONG> (Thumb, 24 bytes, Stack size 0 bytes, uart.o(i.UART_transmitData))
<BR><BR>[Called By]<UL><LI><a href="#[36]">&gt;&gt;</a>&nbsp;&nbsp;&nbsp;fputc
</UL>

<P><STRONG><a name="[49]"></a>WDT_A_holdTimer</STRONG> (Thumb, 18 bytes, Stack size 0 bytes, wdt_a.o(i.WDT_A_holdTimer))
<BR><BR>[Called By]<UL><LI><a href="#[48]">&gt;&gt;</a>&nbsp;&nbsp;&nbsp;CLOCK_Init
</UL>

<P><STRONG><a name="[66]"></a>Xian_Fu</STRONG> (Thumb, 20 bytes, Stack size 0 bytes, motor.o(i.Xian_Fu))
<BR><BR>[Called By]<UL><LI><a href="#[65]">&gt;&gt;</a>&nbsp;&nbsp;&nbsp;Motor_Control
<LI><a href="#[12]">&gt;&gt;</a>&nbsp;&nbsp;&nbsp;TA0_0_IRQHandler
</UL>

<P><STRONG><a name="[89]"></a>__0printf$1</STRONG> (Thumb, 22 bytes, Stack size 24 bytes, printf1.o(i.__0printf$1), UNUSED)
<BR><BR>[Calls]<UL><LI><a href="#[8a]">&gt;&gt;</a>&nbsp;&nbsp;&nbsp;_printf_core
</UL>

<P><STRONG><a name="[b6]"></a>__1printf$1</STRONG> (Thumb, 0 bytes, Stack size 24 bytes, printf1.o(i.__0printf$1), UNUSED)

<P><STRONG><a name="[9a]"></a>__2printf</STRONG> (Thumb, 0 bytes, Stack size 24 bytes, printf1.o(i.__0printf$1))
<BR><BR>[Stack]<UL><LI>Max Depth = 24<LI>Call Chain = __2printf
</UL>
<BR>[Called By]<UL><LI><a href="#[33]">&gt;&gt;</a>&nbsp;&nbsp;&nbsp;main
</UL>

<P><STRONG><a name="[b7]"></a>__scatterload_copy</STRONG> (Thumb, 14 bytes, Stack size unknown bytes, handlers.o(i.__scatterload_copy), UNUSED)

<P><STRONG><a name="[b8]"></a>__scatterload_null</STRONG> (Thumb, 2 bytes, Stack size unknown bytes, handlers.o(i.__scatterload_null), UNUSED)

<P><STRONG><a name="[b9]"></a>__scatterload_zeroinit</STRONG> (Thumb, 14 bytes, Stack size unknown bytes, handlers.o(i.__scatterload_zeroinit), UNUSED)

<P><STRONG><a name="[92]"></a>bitPosition</STRONG> (Thumb, 16 bytes, Stack size 0 bytes, baudrate_calculate.o(i.bitPosition))
<BR><BR>[Called By]<UL><LI><a href="#[90]">&gt;&gt;</a>&nbsp;&nbsp;&nbsp;eusci_calcBaudDividers
</UL>

<P><STRONG><a name="[8f]"></a>delay_init</STRONG> (Thumb, 50 bytes, Stack size 8 bytes, delay.o(i.delay_init))
<BR><BR>[Stack]<UL><LI>Max Depth = 72<LI>Call Chain = delay_init &rArr; CS_getMCLK &rArr; _CSComputeCLKFrequency &rArr; CS_getDCOFrequency &rArr; SysCtl_getTLVInfo
</UL>
<BR>[Calls]<UL><LI><a href="#[55]">&gt;&gt;</a>&nbsp;&nbsp;&nbsp;CS_getMCLK
</UL>
<BR>[Called By]<UL><LI><a href="#[33]">&gt;&gt;</a>&nbsp;&nbsp;&nbsp;main
</UL>

<P><STRONG><a name="[70]"></a>delay_ms</STRONG> (Thumb, 46 bytes, Stack size 0 bytes, delay.o(i.delay_ms))
<BR><BR>[Called By]<UL><LI><a href="#[6e]">&gt;&gt;</a>&nbsp;&nbsp;&nbsp;OLED_Init
<LI><a href="#[33]">&gt;&gt;</a>&nbsp;&nbsp;&nbsp;main
<LI><a href="#[71]">&gt;&gt;</a>&nbsp;&nbsp;&nbsp;OLED_Reset
</UL>

<P><STRONG><a name="[90]"></a>eusci_calcBaudDividers</STRONG> (Thumb, 290 bytes, Stack size 32 bytes, baudrate_calculate.o(i.eusci_calcBaudDividers))
<BR><BR>[Stack]<UL><LI>Max Depth = 96<LI>Call Chain = eusci_calcBaudDividers &rArr; CS_getSMCLK &rArr; _CSComputeCLKFrequency &rArr; CS_getDCOFrequency &rArr; SysCtl_getTLVInfo
</UL>
<BR>[Calls]<UL><LI><a href="#[56]">&gt;&gt;</a>&nbsp;&nbsp;&nbsp;CS_getSMCLK
<LI><a href="#[51]">&gt;&gt;</a>&nbsp;&nbsp;&nbsp;CS_getACLK
<LI><a href="#[91]">&gt;&gt;</a>&nbsp;&nbsp;&nbsp;uart_warning_led
<LI><a href="#[92]">&gt;&gt;</a>&nbsp;&nbsp;&nbsp;bitPosition
</UL>
<BR>[Called By]<UL><LI><a href="#[94]">&gt;&gt;</a>&nbsp;&nbsp;&nbsp;uart3_init
</UL>

<P><STRONG><a name="[36]"></a>fputc</STRONG> (Thumb, 16 bytes, Stack size 8 bytes, usart.o(i.fputc))
<BR><BR>[Stack]<UL><LI>Max Depth = 8<LI>Call Chain = fputc
</UL>
<BR>[Calls]<UL><LI><a href="#[93]">&gt;&gt;</a>&nbsp;&nbsp;&nbsp;UART_transmitData
</UL>
<BR>[Address Reference Count : 1]<UL><LI> printf1.o(i.__0printf$1)
</UL>
<P><STRONG><a name="[33]"></a>main</STRONG> (Thumb, 510 bytes, Stack size 0 bytes, main.o(i.main))
<BR><BR>[Stack]<UL><LI>Max Depth = 144<LI>Call Chain = main &rArr; uart3_init &rArr; eusci_calcBaudDividers &rArr; CS_getSMCLK &rArr; _CSComputeCLKFrequency &rArr; CS_getDCOFrequency &rArr; SysCtl_getTLVInfo
</UL>
<BR>[Calls]<UL><LI><a href="#[94]">&gt;&gt;</a>&nbsp;&nbsp;&nbsp;uart3_init
<LI><a href="#[70]">&gt;&gt;</a>&nbsp;&nbsp;&nbsp;delay_ms
<LI><a href="#[8f]">&gt;&gt;</a>&nbsp;&nbsp;&nbsp;delay_init
<LI><a href="#[86]">&gt;&gt;</a>&nbsp;&nbsp;&nbsp;UART_NVIC_Init
<LI><a href="#[82]">&gt;&gt;</a>&nbsp;&nbsp;&nbsp;TimA1_Init
<LI><a href="#[7f]">&gt;&gt;</a>&nbsp;&nbsp;&nbsp;TimA0_Init
<LI><a href="#[98]">&gt;&gt;</a>&nbsp;&nbsp;&nbsp;Pid_dir_Init
<LI><a href="#[97]">&gt;&gt;</a>&nbsp;&nbsp;&nbsp;Pid_R_Init
<LI><a href="#[96]">&gt;&gt;</a>&nbsp;&nbsp;&nbsp;Pid_L_Init
<LI><a href="#[6e]">&gt;&gt;</a>&nbsp;&nbsp;&nbsp;OLED_Init
<LI><a href="#[6b]">&gt;&gt;</a>&nbsp;&nbsp;&nbsp;OLED_Clear
<LI><a href="#[64]">&gt;&gt;</a>&nbsp;&nbsp;&nbsp;KEY_Init
<LI><a href="#[95]">&gt;&gt;</a>&nbsp;&nbsp;&nbsp;Interrupt_setPriority
<LI><a href="#[62]">&gt;&gt;</a>&nbsp;&nbsp;&nbsp;Interrupt_enableMaster
<LI><a href="#[74]">&gt;&gt;</a>&nbsp;&nbsp;&nbsp;GPIO_setOutputLowOnPin
<LI><a href="#[73]">&gt;&gt;</a>&nbsp;&nbsp;&nbsp;GPIO_setOutputHighOnPin
<LI><a href="#[72]">&gt;&gt;</a>&nbsp;&nbsp;&nbsp;GPIO_setAsOutputPin
<LI><a href="#[99]">&gt;&gt;</a>&nbsp;&nbsp;&nbsp;GPIO_setAsInputPin
<LI><a href="#[79]">&gt;&gt;</a>&nbsp;&nbsp;&nbsp;GPIO_getInputPinValue
<LI><a href="#[78]">&gt;&gt;</a>&nbsp;&nbsp;&nbsp;GPIO_clearInterruptFlag
<LI><a href="#[5d]">&gt;&gt;</a>&nbsp;&nbsp;&nbsp;EXTI_Init
<LI><a href="#[48]">&gt;&gt;</a>&nbsp;&nbsp;&nbsp;CLOCK_Init
<LI><a href="#[9a]">&gt;&gt;</a>&nbsp;&nbsp;&nbsp;__2printf
</UL>
<BR>[Address Reference Count : 1]<UL><LI> entry9a.o(.ARM.Collect$$$$0000000B)
</UL>
<P><STRONG><a name="[68]"></a>motor1_back</STRONG> (Thumb, 24 bytes, Stack size 8 bytes, motor.o(i.motor1_back))
<BR><BR>[Stack]<UL><LI>Max Depth = 8<LI>Call Chain = motor1_back
</UL>
<BR>[Calls]<UL><LI><a href="#[7e]">&gt;&gt;</a>&nbsp;&nbsp;&nbsp;pwm_duty
</UL>
<BR>[Called By]<UL><LI><a href="#[65]">&gt;&gt;</a>&nbsp;&nbsp;&nbsp;Motor_Control
</UL>

<P><STRONG><a name="[67]"></a>motor1_forward</STRONG> (Thumb, 22 bytes, Stack size 8 bytes, motor.o(i.motor1_forward))
<BR><BR>[Stack]<UL><LI>Max Depth = 8<LI>Call Chain = motor1_forward
</UL>
<BR>[Calls]<UL><LI><a href="#[7e]">&gt;&gt;</a>&nbsp;&nbsp;&nbsp;pwm_duty
</UL>
<BR>[Called By]<UL><LI><a href="#[65]">&gt;&gt;</a>&nbsp;&nbsp;&nbsp;Motor_Control
</UL>

<P><STRONG><a name="[6a]"></a>motor2_back</STRONG> (Thumb, 24 bytes, Stack size 8 bytes, motor.o(i.motor2_back))
<BR><BR>[Stack]<UL><LI>Max Depth = 8<LI>Call Chain = motor2_back
</UL>
<BR>[Calls]<UL><LI><a href="#[7e]">&gt;&gt;</a>&nbsp;&nbsp;&nbsp;pwm_duty
</UL>
<BR>[Called By]<UL><LI><a href="#[65]">&gt;&gt;</a>&nbsp;&nbsp;&nbsp;Motor_Control
</UL>

<P><STRONG><a name="[69]"></a>motor2_forward</STRONG> (Thumb, 22 bytes, Stack size 8 bytes, motor.o(i.motor2_forward))
<BR><BR>[Stack]<UL><LI>Max Depth = 8<LI>Call Chain = motor2_forward
</UL>
<BR>[Calls]<UL><LI><a href="#[7e]">&gt;&gt;</a>&nbsp;&nbsp;&nbsp;pwm_duty
</UL>
<BR>[Called By]<UL><LI><a href="#[65]">&gt;&gt;</a>&nbsp;&nbsp;&nbsp;Motor_Control
</UL>

<P><STRONG><a name="[7e]"></a>pwm_duty</STRONG> (Thumb, 48 bytes, Stack size 0 bytes, motor.o(i.pwm_duty))
<BR><BR>[Calls]<UL><LI><a href="#[9b]">&gt;&gt;</a>&nbsp;&nbsp;&nbsp;Timer_A_setCompareValue
</UL>
<BR>[Called By]<UL><LI><a href="#[69]">&gt;&gt;</a>&nbsp;&nbsp;&nbsp;motor2_forward
<LI><a href="#[6a]">&gt;&gt;</a>&nbsp;&nbsp;&nbsp;motor2_back
<LI><a href="#[67]">&gt;&gt;</a>&nbsp;&nbsp;&nbsp;motor1_forward
<LI><a href="#[68]">&gt;&gt;</a>&nbsp;&nbsp;&nbsp;motor1_back
<LI><a href="#[12]">&gt;&gt;</a>&nbsp;&nbsp;&nbsp;TA0_0_IRQHandler
</UL>

<P><STRONG><a name="[94]"></a>uart3_init</STRONG> (Thumb, 54 bytes, Stack size 48 bytes, usart.o(i.uart3_init))
<BR><BR>[Stack]<UL><LI>Max Depth = 144<LI>Call Chain = uart3_init &rArr; eusci_calcBaudDividers &rArr; CS_getSMCLK &rArr; _CSComputeCLKFrequency &rArr; CS_getDCOFrequency &rArr; SysCtl_getTLVInfo
</UL>
<BR>[Calls]<UL><LI><a href="#[83]">&gt;&gt;</a>&nbsp;&nbsp;&nbsp;GPIO_setAsPeripheralModuleFunctionOutputPin
<LI><a href="#[9d]">&gt;&gt;</a>&nbsp;&nbsp;&nbsp;UART_initModule
<LI><a href="#[9e]">&gt;&gt;</a>&nbsp;&nbsp;&nbsp;UART_enableModule
<LI><a href="#[90]">&gt;&gt;</a>&nbsp;&nbsp;&nbsp;eusci_calcBaudDividers
<LI><a href="#[9c]">&gt;&gt;</a>&nbsp;&nbsp;&nbsp;__aeabi_memcpy4
</UL>
<BR>[Called By]<UL><LI><a href="#[33]">&gt;&gt;</a>&nbsp;&nbsp;&nbsp;main
</UL>

<P><STRONG><a name="[91]"></a>uart_warning_led</STRONG> (Thumb, 80 bytes, Stack size 16 bytes, baudrate_calculate.o(i.uart_warning_led))
<BR><BR>[Stack]<UL><LI>Max Depth = 16<LI>Call Chain = uart_warning_led
</UL>
<BR>[Calls]<UL><LI><a href="#[74]">&gt;&gt;</a>&nbsp;&nbsp;&nbsp;GPIO_setOutputLowOnPin
<LI><a href="#[73]">&gt;&gt;</a>&nbsp;&nbsp;&nbsp;GPIO_setOutputHighOnPin
<LI><a href="#[72]">&gt;&gt;</a>&nbsp;&nbsp;&nbsp;GPIO_setAsOutputPin
</UL>
<BR>[Called By]<UL><LI><a href="#[90]">&gt;&gt;</a>&nbsp;&nbsp;&nbsp;eusci_calcBaudDividers
</UL>
<P>
<H3>
Local Symbols
</H3>
<P><STRONG><a name="[52]"></a>_CSComputeCLKFrequency</STRONG> (Thumb, 236 bytes, Stack size 32 bytes, cs.o(i._CSComputeCLKFrequency))
<BR><BR>[Stack]<UL><LI>Max Depth = 64<LI>Call Chain = _CSComputeCLKFrequency &rArr; CS_getDCOFrequency &rArr; SysCtl_getTLVInfo
</UL>
<BR>[Calls]<UL><LI><a href="#[53]">&gt;&gt;</a>&nbsp;&nbsp;&nbsp;CS_getDCOFrequency
</UL>
<BR>[Called By]<UL><LI><a href="#[56]">&gt;&gt;</a>&nbsp;&nbsp;&nbsp;CS_getSMCLK
<LI><a href="#[51]">&gt;&gt;</a>&nbsp;&nbsp;&nbsp;CS_getACLK
<LI><a href="#[55]">&gt;&gt;</a>&nbsp;&nbsp;&nbsp;CS_getMCLK
</UL>

<P><STRONG><a name="[76]"></a>__PCM_setCoreVoltageLevelAdvanced</STRONG> (Thumb, 242 bytes, Stack size 24 bytes, pcm.o(i.__PCM_setCoreVoltageLevelAdvanced))
<BR><BR>[Stack]<UL><LI>Max Depth = 44<LI>Call Chain = __PCM_setCoreVoltageLevelAdvanced &rArr; __PCM_setPowerModeAdvanced
</UL>
<BR>[Calls]<UL><LI><a href="#[8b]">&gt;&gt;</a>&nbsp;&nbsp;&nbsp;PCM_getPowerMode
<LI><a href="#[8c]">&gt;&gt;</a>&nbsp;&nbsp;&nbsp;PCM_getCoreVoltageLevel
<LI><a href="#[8d]">&gt;&gt;</a>&nbsp;&nbsp;&nbsp;__PCM_setPowerModeAdvanced
</UL>
<BR>[Called By]<UL><LI><a href="#[4c]">&gt;&gt;</a>&nbsp;&nbsp;&nbsp;PCM_setCoreVoltageLevel
</UL>

<P><STRONG><a name="[8d]"></a>__PCM_setPowerModeAdvanced</STRONG> (Thumb, 200 bytes, Stack size 20 bytes, pcm.o(i.__PCM_setPowerModeAdvanced))
<BR><BR>[Stack]<UL><LI>Max Depth = 20<LI>Call Chain = __PCM_setPowerModeAdvanced
</UL>
<BR>[Calls]<UL><LI><a href="#[8b]">&gt;&gt;</a>&nbsp;&nbsp;&nbsp;PCM_getPowerMode
</UL>
<BR>[Called By]<UL><LI><a href="#[76]">&gt;&gt;</a>&nbsp;&nbsp;&nbsp;__PCM_setCoreVoltageLevelAdvanced
</UL>

<P><STRONG><a name="[85]"></a>privateTimer_AProcessClockSourceDivider</STRONG> (Thumb, 190 bytes, Stack size 0 bytes, timer_a.o(i.privateTimer_AProcessClockSourceDivider))
<BR><BR>[Called By]<UL><LI><a href="#[84]">&gt;&gt;</a>&nbsp;&nbsp;&nbsp;Timer_A_generatePWM
<LI><a href="#[80]">&gt;&gt;</a>&nbsp;&nbsp;&nbsp;Timer_A_configureUpMode
</UL>

<P><STRONG><a name="[8a]"></a>_printf_core</STRONG> (Thumb, 336 bytes, Stack size 88 bytes, printf1.o(i._printf_core), UNUSED)
<BR><BR>[Calls]<UL><LI><a href="#[8e]">&gt;&gt;</a>&nbsp;&nbsp;&nbsp;__aeabi_uidivmod
</UL>
<BR>[Called By]<UL><LI><a href="#[89]">&gt;&gt;</a>&nbsp;&nbsp;&nbsp;__0printf$1
</UL>
<P>
<H3>
Undefined Global Symbols
</H3><HR></body></html>
