Component: ARM Compiler 5.06 update 5 (build 528) Tool: armlink [4d35e2]

==============================================================================

Section Cross References

    main.o(i.main) refers to clock.o(i.CLOCK_Init) for CLOCK_Init
    main.o(i.main) refers to usart.o(i.uart3_init) for uart3_init
    main.o(i.main) refers to delay.o(i.delay_init) for delay_init
    main.o(i.main) refers to key.o(i.KEY_Init) for KEY_Init
    main.o(i.main) refers to exti.o(i.EXTI_Init) for EXTI_Init
    main.o(i.main) refers to oled.o(i.OLED_Init) for OLED_Init
    main.o(i.main) refers to oled.o(i.OLED_Clear) for OLED_Clear
    main.o(i.main) refers to usart.o(i.UART_NVIC_Init) for UART_NVIC_Init
    main.o(i.main) refers to timer.o(i.TimA1_Init) for TimA1_Init
    main.o(i.main) refers to timer.o(i.TimA0_Init) for TimA0_Init
    main.o(i.main) refers to interrupt.o(i.Interrupt_enableMaster) for Interrupt_enableMaster
    main.o(i.main) refers to interrupt.o(i.Interrupt_setPriority) for Interrupt_setPriority
    main.o(i.main) refers to gpio.o(i.GPIO_clearInterruptFlag) for GPIO_clearInterruptFlag
    main.o(i.main) refers to motor.o(i.Pid_L_Init) for Pid_L_Init
    main.o(i.main) refers to motor.o(i.Pid_R_Init) for Pid_R_Init
    main.o(i.main) refers to motor.o(i.Pid_dir_Init) for Pid_dir_Init
    main.o(i.main) refers to gpio.o(i.GPIO_setAsInputPin) for GPIO_setAsInputPin
    main.o(i.main) refers to gpio.o(i.GPIO_setAsOutputPin) for GPIO_setAsOutputPin
    main.o(i.main) refers to gpio.o(i.GPIO_setOutputLowOnPin) for GPIO_setOutputLowOnPin
    main.o(i.main) refers to gpio.o(i.GPIO_getInputPinValue) for GPIO_getInputPinValue
    main.o(i.main) refers to gpio.o(i.GPIO_setOutputHighOnPin) for GPIO_setOutputHighOnPin
    main.o(i.main) refers to printf1.o(i.__0printf$1) for __2printf
    main.o(i.main) refers to delay.o(i.delay_ms) for delay_ms
    main.o(i.main) refers to isr.o(.bss) for pidLeft
    main.o(i.main) refers to isr.o(.bss) for pidDir
    main.o(i.main) refers to main.o(.data) for .data
    system_msp432p401r.o(i.SystemCoreClockUpdate) refers to system_msp432p401r.o(.data) for .data
    startup_msp432p401r_uvision.o(RESET) refers to startup_msp432p401r_uvision.o(STACK) for __initial_sp
    startup_msp432p401r_uvision.o(RESET) refers to startup_msp432p401r_uvision.o(.text) for Reset_Handler
    startup_msp432p401r_uvision.o(RESET) refers to isr.o(i.TA0_0_IRQHandler) for TA0_0_IRQHandler
    startup_msp432p401r_uvision.o(RESET) refers to isr.o(i.TA1_0_IRQHandler) for TA1_0_IRQHandler
    startup_msp432p401r_uvision.o(RESET) refers to isr.o(i.TA2_0_IRQHandler) for TA2_0_IRQHandler
    startup_msp432p401r_uvision.o(RESET) refers to isr.o(i.EUSCIA0_IRQHandler) for EUSCIA0_IRQHandler
    startup_msp432p401r_uvision.o(RESET) refers to isr.o(i.EUSCIA1_IRQHandler) for EUSCIA1_IRQHandler
    startup_msp432p401r_uvision.o(RESET) refers to isr.o(i.EUSCIA2_IRQHandler) for EUSCIA2_IRQHandler
    startup_msp432p401r_uvision.o(RESET) refers to isr.o(i.EUSCIA3_IRQHandler) for EUSCIA3_IRQHandler
    startup_msp432p401r_uvision.o(RESET) refers to isr.o(i.PORT1_IRQHandler) for PORT1_IRQHandler
    startup_msp432p401r_uvision.o(RESET) refers to isr.o(i.PORT2_IRQHandler) for PORT2_IRQHandler
    startup_msp432p401r_uvision.o(RESET) refers to isr.o(i.PORT3_IRQHandler) for PORT3_IRQHandler
    startup_msp432p401r_uvision.o(RESET) refers to isr.o(i.PORT4_IRQHandler) for PORT4_IRQHandler
    startup_msp432p401r_uvision.o(RESET) refers to isr.o(i.PORT5_IRQHandler) for PORT5_IRQHandler
    startup_msp432p401r_uvision.o(.text) refers to system_msp432p401r.o(i.SystemInit) for SystemInit
    startup_msp432p401r_uvision.o(.text) refers to entry.o(.ARM.Collect$$$$00000000) for __main
    led.o(i.LED_Init) refers to gpio.o(i.GPIO_setAsOutputPin) for GPIO_setAsOutputPin
    led.o(i.LED_Init) refers to gpio.o(i.GPIO_setOutputLowOnPin) for GPIO_setOutputLowOnPin
    timer.o(i.TimA0_Init) refers to timer_a.o(i.Timer_A_configureUpMode) for Timer_A_configureUpMode
    timer.o(i.TimA0_Init) refers to timer_a.o(i.Timer_A_startCounter) for Timer_A_startCounter
    timer.o(i.TimA0_Init) refers to timer_a.o(i.Timer_A_clearCaptureCompareInterrupt) for Timer_A_clearCaptureCompareInterrupt
    timer.o(i.TimA0_Init) refers to interrupt.o(i.Interrupt_enableInterrupt) for Interrupt_enableInterrupt
    timer.o(i.TimA1_Init) refers to gpio.o(i.GPIO_setAsPeripheralModuleFunctionOutputPin) for GPIO_setAsPeripheralModuleFunctionOutputPin
    timer.o(i.TimA1_Init) refers to timer_a.o(i.Timer_A_generatePWM) for Timer_A_generatePWM
    timer.o(i.TimA2_Init) refers to timer_a.o(i.Timer_A_configureUpMode) for Timer_A_configureUpMode
    timer.o(i.TimA2_Init) refers to timer_a.o(i.Timer_A_startCounter) for Timer_A_startCounter
    timer.o(i.TimA2_Init) refers to timer_a.o(i.Timer_A_clearCaptureCompareInterrupt) for Timer_A_clearCaptureCompareInterrupt
    timer.o(i.TimA2_Init) refers to interrupt.o(i.Interrupt_enableInterrupt) for Interrupt_enableInterrupt
[...]
    entry9a.o(.ARM.Collect$$$$0000000B) refers to main.o(i.main) for main
    entry9b.o(.ARM.Collect$$$$0000000C) refers to main.o(i.main) for main
    uldiv.o(.text) refers to llushr.o(.text) for __aeabi_llsr
    uldiv.o(.text) refers to llshl.o(.text) for __aeabi_llsl
    depilogue.o(.text) refers to llshl.o(.text) for __aeabi_llsl
    depilogue.o(.text) refers to llushr.o(.text) for __aeabi_llsr
    ddiv.o(.text) refers to depilogue.o(.text) for _double_round
    dfixul.o(.text) refers to llushr.o(.text) for __aeabi_llsr
    dfixul.o(.text) refers to llshl.o(.text) for __aeabi_llsl
    init.o(.text) refers to entry5.o(.ARM.Collect$$$$00000004) for __main_after_scatterload


==============================================================================

Removing Unused input sections from the image.

    Removing main.o(.rev16_text), (4 bytes).
    Removing main.o(.revsh_text), (4 bytes).
    Removing main.o(.rrx_text), (6 bytes).
    Removing main.o(.data), (1 bytes).
    Removing main.o(.data), (4 bytes).
    Removing main.o(.data), (4 bytes).
    Removing main.o(.data), (4 bytes).
    Removing system_msp432p401r.o(.rev16_text), (4 bytes).
    Removing system_msp432p401r.o(.revsh_text), (4 bytes).
    Removing system_msp432p401r.o(.rrx_text), (6 bytes).
    Removing system_msp432p401r.o(i.SystemCoreClockUpdate), (452 bytes).
    Removing system_msp432p401r.o(.data), (4 bytes).
    Removing startup_msp432p401r_uvision.o(HEAP), (0 bytes).
    Removing led.o(.rev16_text), (4 bytes).
    Removing led.o(.revsh_text), (4 bytes).
    Removing led.o(.rrx_text), (6 bytes).
    Removing led.o(i.LED_Init), (70 bytes).
    Removing timer.o(.rev16_text), (4 bytes).
    Removing timer.o(.revsh_text), (4 bytes).
    Removing timer.o(.rrx_text), (6 bytes).
    Removing timer.o(i.TimA2_Init), (68 bytes).
    Removing exti.o(.rev16_text), (4 bytes).
    Removing exti.o(.revsh_text), (4 bytes).
    Removing exti.o(.rrx_text), (6 bytes).
    Removing key.o(.rev16_text), (4 bytes).
    Removing key.o(.revsh_text), (4 bytes).
    Removing key.o(.rrx_text), (6 bytes).
    Removing myiic.o(.rev16_text), (4 bytes).
    Removing myiic.o(.revsh_text), (4 bytes).
    Removing myiic.o(.rrx_text), (6 bytes).
    Removing myiic.o(i.IIC_Ack), (58 bytes).
    Removing myiic.o(i.IIC_Init), (38 bytes).
    Removing myiic.o(i.IIC_NAck), (58 bytes).
    Removing myiic.o(i.IIC_Read_Byte), (86 bytes).
    Removing myiic.o(i.IIC_Send_Byte), (106 bytes).
    Removing myiic.o(i.IIC_Start), (58 bytes).
    Removing myiic.o(i.IIC_Stop), (58 bytes).
    Removing myiic.o(i.IIC_Wait_Ack), (66 bytes).
    Removing isr.o(.rev16_text), (4 bytes).
    Removing isr.o(.revsh_text), (4 bytes).
    Removing isr.o(.rrx_text), (6 bytes).
    Removing motor.o(.rev16_text), (4 bytes).
    Removing motor.o(.revsh_text), (4 bytes).
    Removing motor.o(.rrx_text), (6 bytes).
    Removing motor.o(i.Incremental_PI_A), (72 bytes).
    Removing motor.o(i.Incremental_PI_B), (72 bytes).
    Removing motor.o(i.PID_calculate), (80 bytes).
    Removing motor.o(i.Pid_slow_Init), (92 bytes).
    Removing motor.o(.data), (48 bytes).
    Removing oled.o(.rev16_text), (4 bytes).
    Removing oled.o(.revsh_text), (4 bytes).
    Removing oled.o(.rrx_text), (6 bytes).
    Removing oled.o(i.GUI_DrawBMP), (132 bytes).
    Removing oled.o(i.GUI_DrawCircle), (74 bytes).
    Removing oled.o(i.GUI_DrawLine), (156 bytes).
    Removing oled.o(i.GUI_DrawPoint), (14 bytes).
    Removing oled.o(i.GUI_DrawRectangle), (68 bytes).
    Removing oled.o(i.GUI_DrawTriangel), (56 bytes).
    Removing oled.o(i.GUI_Fill), (78 bytes).
    Removing oled.o(i.GUI_FillCircle), (86 bytes).
    Removing oled.o(i.GUI_FillRectangle), (12 bytes).
    Removing oled.o(i.GUI_FillTriangel), (420 bytes).
    Removing oled.o(i.GUI_ShowCHinese), (100 bytes).
    Removing oled.o(i.GUI_ShowChar), (208 bytes).
    Removing oled.o(i.GUI_ShowFont16), (148 bytes).
    Removing oled.o(i.GUI_ShowFont24), (160 bytes).
    Removing oled.o(i.GUI_ShowFont32), (148 bytes).
    Removing oled.o(i.GUI_ShowNum), (138 bytes).
    Removing oled.o(i.GUI_ShowString), (82 bytes).
    Removing oled.o(i.OLED_Display_Off), (30 bytes).
    Removing oled.o(i.OLED_Display_On), (30 bytes).
    Removing oled.o(i.OLED_Set_Pixel), (36 bytes).
    Removing oled.o(i.OLED_Set_Pos), (46 bytes).
    Removing oled.o(i._draw_circle_8), (152 bytes).
    Removing oled.o(i._draw_h_line), (32 bytes).
    Removing oled.o(i._swap), (10 bytes).
    Removing oled.o(.constdata), (3980 bytes).
    Removing spi.o(.rev16_text), (4 bytes).
    Removing spi.o(.revsh_text), (4 bytes).
    Removing spi.o(.rrx_text), (6 bytes).
    Removing delay.o(.rev16_text), (4 bytes).
    Removing delay.o(.revsh_text), (4 bytes).
    Removing delay.o(.rrx_text), (6 bytes).
    Removing delay.o(i.delay_us), (52 bytes).
    Removing clock.o(.rev16_text), (4 bytes).
    Removing clock.o(.revsh_text), (4 bytes).
    Removing clock.o(.rrx_text), (6 bytes).
    Removing baudrate_calculate.o(.rev16_text), (4 bytes).
    Removing baudrate_calculate.o(.revsh_text), (4 bytes).
    Removing baudrate_calculate.o(.rrx_text), (6 bytes).
    Removing usart.o(.rev16_text), (4 bytes).
    Removing usart.o(.revsh_text), (4 bytes).
    Removing usart.o(.rrx_text), (6 bytes).
    Removing usart.o(i.UART_recv_Byte), (56 bytes).
    Removing usart.o(i.UART_send_int), (26 bytes).
    Removing usart.o(i.UART_send_string), (26 bytes).
    Removing usart.o(i.fgetc), (32 bytes).
    Removing usart.o(i.uart_init), (124 bytes).
    Removing cs.o(.rev16_text), (4 bytes).
    Removing cs.o(.revsh_text), (4 bytes).
    Removing cs.o(.rrx_text), (6 bytes).
    Removing cs.o(i.CS_clearInterruptFlag), (36 bytes).
    Removing cs.o(i.CS_disableClockRequest), (40 bytes).
    Removing cs.o(i.CS_disableDCOExternalResistor), (32 bytes).
    Removing cs.o(i.CS_disableFaultCounter), (40 bytes).
    Removing cs.o(i.CS_disableInterrupt), (40 bytes).
    Removing cs.o(i.CS_enableClockRequest), (36 bytes).
    Removing cs.o(i.CS_enableDCOExternalResistor), (28 bytes).
    Removing cs.o(i.CS_enableFaultCounter), (36 bytes).
    Removing cs.o(i.CS_enableInterrupt), (36 bytes).
    Removing cs.o(i.CS_getBCLK), (28 bytes).
    Removing cs.o(i.CS_getEnabledInterruptStatus), (20 bytes).
    Removing cs.o(i.CS_getHSMCLK), (24 bytes).
    Removing cs.o(i.CS_getInterruptStatus), (12 bytes).
    Removing cs.o(i.CS_registerInterrupt), (20 bytes).
    Removing cs.o(i.CS_resetFaultCounter), (36 bytes).
    Removing cs.o(i.CS_setDCOCenteredFrequency), (36 bytes).
    Removing cs.o(i.CS_setDCOExternalResistorCalibration), (128 bytes).
    Removing cs.o(i.CS_setDCOFrequency), (380 bytes).
    Removing cs.o(i.CS_setReferenceOscillatorFrequency), (32 bytes).
    Removing cs.o(i.CS_startFaultCounter), (52 bytes).
    Removing cs.o(i.CS_tuneDCOFrequency), (88 bytes).
    Removing cs.o(i.CS_unregisterInterrupt), (18 bytes).
    Removing flash.o(.rev16_text), (4 bytes).
    Removing flash.o(.revsh_text), (4 bytes).
    Removing flash.o(.rrx_text), (6 bytes).
    Removing flash.o(i.FlashCtl_clearInterruptFlag), (16 bytes).
    Removing flash.o(i.FlashCtl_clearProgramVerification), (64 bytes).
    Removing flash.o(i.FlashCtl_disableInterrupt), (20 bytes).
    Removing flash.o(i.FlashCtl_disableReadBuffering), (64 bytes).
    Removing flash.o(i.FlashCtl_disableWordProgramming), (12 bytes).
    Removing flash.o(i.FlashCtl_enableInterrupt), (16 bytes).
    Removing flash.o(i.FlashCtl_enableReadBuffering), (64 bytes).
    Removing flash.o(i.FlashCtl_enableWordProgramming), (32 bytes).
    Removing flash.o(i.FlashCtl_eraseSector), (248 bytes).
    Removing flash.o(i.FlashCtl_getEnabledInterruptStatus), (16 bytes).
    Removing flash.o(i.FlashCtl_getInterruptStatus), (12 bytes).
    Removing flash.o(i.FlashCtl_getMemoryInfo), (36 bytes).
    Removing flash.o(i.FlashCtl_getReadMode), (32 bytes).
    Removing flash.o(i.FlashCtl_getWaitState), (32 bytes).
    Removing flash.o(i.FlashCtl_initiateMassErase), (28 bytes).
    Removing flash.o(i.FlashCtl_initiateSectorErase), (100 bytes).
    Removing flash.o(i.FlashCtl_isSectorProtected), (72 bytes).
    Removing flash.o(i.FlashCtl_isWordProgrammingEnabled), (32 bytes).
    Removing flash.o(i.FlashCtl_performMassErase), (520 bytes).
    Removing flash.o(i.FlashCtl_programMemory), (656 bytes).
    Removing flash.o(i.FlashCtl_protectSector), (76 bytes).
    Removing flash.o(i.FlashCtl_registerInterrupt), (20 bytes).
    Removing flash.o(i.FlashCtl_setProgramVerification), (64 bytes).
    Removing flash.o(i.FlashCtl_setReadMode), (72 bytes).
    Removing flash.o(i.FlashCtl_unprotectSector), (84 bytes).
    Removing flash.o(i.FlashCtl_unregisterInterrupt), (18 bytes).
    Removing flash.o(i.FlashCtl_verifyMemory), (480 bytes).
    Removing flash.o(i._FlashCtl_Program32), (496 bytes).
    Removing flash.o(i._FlashCtl_Program8), (348 bytes).
    Removing flash.o(i.__FlashCtl_remaskBurstDataPost), (252 bytes).
    Removing flash.o(i.__FlashCtl_remaskBurstDataPre), (256 bytes).
    Removing flash.o(i.__FlashCtl_remaskData32Post), (172 bytes).
    Removing flash.o(i.__FlashCtl_remaskData32Pre), (176 bytes).
    Removing flash.o(i.__FlashCtl_remaskData8Post), (104 bytes).
    Removing flash.o(i.__FlashCtl_remaskData8Pre), (108 bytes).
    Removing flash.o(.data), (64 bytes).
    Removing gpio.o(.rev16_text), (4 bytes).
    Removing gpio.o(.revsh_text), (4 bytes).
    Removing gpio.o(.rrx_text), (6 bytes).
    Removing gpio.o(i.GPIO_disableInterrupt), (20 bytes).
    Removing gpio.o(i.GPIO_getInterruptStatus), (16 bytes).
    Removing gpio.o(i.GPIO_registerInterrupt), (28 bytes).
    Removing gpio.o(i.GPIO_setAsInputPinWithPullDownResistor), (44 bytes).
    Removing gpio.o(i.GPIO_setDriveStrengthHigh), (20 bytes).
    Removing gpio.o(i.GPIO_setDriveStrengthLow), (20 bytes).
    Removing gpio.o(i.GPIO_toggleOutputOnPin), (20 bytes).
    Removing gpio.o(i.GPIO_unregisterInterrupt), (28 bytes).
    Removing gpio.o(.constdata), (28 bytes).
    Removing interrupt.o(.rev16_text), (4 bytes).
    Removing interrupt.o(.revsh_text), (4 bytes).
    Removing interrupt.o(.rrx_text), (6 bytes).
    Removing interrupt.o(i.IntDefaultHandler), (2 bytes).
    Removing interrupt.o(i.Interrupt_disableInterrupt), (100 bytes).
    Removing interrupt.o(i.Interrupt_disableMaster), (14 bytes).
    Removing interrupt.o(i.Interrupt_disableSleepOnIsrExit), (16 bytes).
    Removing interrupt.o(i.Interrupt_enableSleepOnIsrExit), (16 bytes).
    Removing interrupt.o(i.Interrupt_getPriority), (28 bytes).
    Removing interrupt.o(i.Interrupt_getPriorityGrouping), (36 bytes).
    Removing interrupt.o(i.Interrupt_getPriorityMask), (10 bytes).
    Removing interrupt.o(i.Interrupt_getVectorTableAddress), (12 bytes).
    Removing interrupt.o(i.Interrupt_isEnabled), (104 bytes).
    Removing interrupt.o(i.Interrupt_pendInterrupt), (84 bytes).
    Removing interrupt.o(i.Interrupt_registerInterrupt), (52 bytes).
    Removing interrupt.o(i.Interrupt_setPriorityGrouping), (28 bytes).
    Removing interrupt.o(i.Interrupt_setPriorityMask), (4 bytes).
    Removing interrupt.o(i.Interrupt_setVectorTableAddress), (12 bytes).
    Removing interrupt.o(i.Interrupt_unpendInterrupt), (68 bytes).
    Removing interrupt.o(i.Interrupt_unregisterInterrupt), (20 bytes).
    Removing interrupt.o(vtable), (228 bytes).
    Removing pcm.o(.rev16_text), (4 bytes).
    Removing pcm.o(.revsh_text), (4 bytes).
    Removing pcm.o(.rrx_text), (6 bytes).
    Removing pcm.o(i.PCM_clearInterruptFlag), (16 bytes).
    Removing pcm.o(i.PCM_disableInterrupt), (16 bytes).
    Removing pcm.o(i.PCM_disableRudeMode), (28 bytes).
    Removing pcm.o(i.PCM_enableInterrupt), (16 bytes).
    Removing pcm.o(i.PCM_enableRudeMode), (24 bytes).
    Removing pcm.o(i.PCM_getEnabledInterruptStatus), (16 bytes).
    Removing pcm.o(i.PCM_getInterruptStatus), (12 bytes).
    Removing pcm.o(i.PCM_getPowerState), (12 bytes).
    Removing pcm.o(i.PCM_gotoLPM0), (44 bytes).
    Removing pcm.o(i.PCM_gotoLPM0InterruptSafe), (24 bytes).
    Removing pcm.o(i.PCM_gotoLPM3), (136 bytes).
    Removing pcm.o(i.PCM_gotoLPM3InterruptSafe), (24 bytes).
    Removing pcm.o(i.PCM_gotoLPM4), (18 bytes).
    Removing pcm.o(i.PCM_gotoLPM4InterruptSafe), (32 bytes).
    Removing pcm.o(i.PCM_registerInterrupt), (20 bytes).
    Removing pcm.o(i.PCM_setCoreVoltageLevelNonBlocking), (8 bytes).
    Removing pcm.o(i.PCM_setCoreVoltageLevelWithTimeout), (6 bytes).
    Removing pcm.o(i.PCM_setPowerMode), (8 bytes).
    Removing pcm.o(i.PCM_setPowerModeNonBlocking), (8 bytes).
    Removing pcm.o(i.PCM_setPowerModeWithTimeout), (6 bytes).
    Removing pcm.o(i.PCM_setPowerState), (8 bytes).
    Removing pcm.o(i.PCM_setPowerStateNonBlocking), (8 bytes).
    Removing pcm.o(i.PCM_setPowerStateWithTimeout), (6 bytes).
    Removing pcm.o(i.PCM_shutdownDevice), (76 bytes).
    Removing pcm.o(i.PCM_unregisterInterrupt), (18 bytes).
    Removing pcm.o(i.__PCM_setPowerStateAdvanced), (580 bytes).
    Removing timer_a.o(.rev16_text), (4 bytes).
    Removing timer_a.o(.revsh_text), (4 bytes).
    Removing timer_a.o(.rrx_text), (6 bytes).
    Removing timer_a.o(i.Timer_A_clearInterruptFlag), (12 bytes).
    Removing timer_a.o(i.Timer_A_clearTimer), (12 bytes).
    Removing timer_a.o(i.Timer_A_configureContinuousMode), (42 bytes).
    Removing timer_a.o(i.Timer_A_configureUpDownMode), (70 bytes).
    Removing timer_a.o(i.Timer_A_disableCaptureCompareInterrupt), (28 bytes).
    Removing timer_a.o(i.Timer_A_disableInterrupt), (12 bytes).
    Removing timer_a.o(i.Timer_A_enableCaptureCompareInterrupt), (28 bytes).
    Removing timer_a.o(i.Timer_A_enableInterrupt), (12 bytes).
    Removing timer_a.o(i.Timer_A_getCaptureCompareCount), (18 bytes).
    Removing timer_a.o(i.Timer_A_getCaptureCompareEnabledInterruptStatus), (38 bytes).
    Removing timer_a.o(i.Timer_A_getCaptureCompareInterruptStatus), (20 bytes).
    Removing timer_a.o(i.Timer_A_getCounterValue), (28 bytes).
    Removing timer_a.o(i.Timer_A_getEnabledInterruptStatus), (18 bytes).
    Removing timer_a.o(i.Timer_A_getInterruptStatus), (8 bytes).
    Removing timer_a.o(i.Timer_A_getOutputForOutputModeOutBitValue), (32 bytes).
    Removing timer_a.o(i.Timer_A_getSynchronizedCaptureCompareInput), (24 bytes).
    Removing timer_a.o(i.Timer_A_initCapture), (68 bytes).
    Removing timer_a.o(i.Timer_A_initCompare), (40 bytes).
    Removing timer_a.o(i.Timer_A_registerInterrupt), (214 bytes).
    Removing timer_a.o(i.Timer_A_setOutputForOutputModeOutBitValue), (26 bytes).
    Removing timer_a.o(i.Timer_A_stopTimer), (10 bytes).
    Removing timer_a.o(i.Timer_A_unregisterInterrupt), (198 bytes).
    Removing uart.o(.rev16_text), (4 bytes).
    Removing uart.o(.revsh_text), (4 bytes).
    Removing uart.o(.rrx_text), (6 bytes).
    Removing uart.o(i.UART_clearInterruptFlag), (10 bytes).
    Removing uart.o(i.UART_disableInterrupt), (26 bytes).
    Removing uart.o(i.UART_disableModule), (12 bytes).
    Removing uart.o(i.UART_getInterruptStatus), (6 bytes).
    Removing uart.o(i.UART_getReceiveBufferAddressForDMA), (4 bytes).
    Removing uart.o(i.UART_getTransmitBufferAddressForDMA), (4 bytes).
    Removing uart.o(i.UART_queryStatusFlags), (6 bytes).
    Removing uart.o(i.UART_receiveData), (26 bytes).
    Removing uart.o(i.UART_registerInterrupt), (96 bytes).
    Removing uart.o(i.UART_resetDormant), (12 bytes).
    Removing uart.o(i.UART_selectDeglitchTime), (12 bytes).
    Removing uart.o(i.UART_setDormant), (12 bytes).
    Removing uart.o(i.UART_transmitAddress), (14 bytes).
    Removing uart.o(i.UART_transmitBreak), (48 bytes).
    Removing uart.o(i.UART_unregisterInterrupt), (96 bytes).
    Removing wdt_a.o(.rev16_text), (4 bytes).
    Removing wdt_a.o(.revsh_text), (4 bytes).
    Removing wdt_a.o(.rrx_text), (6 bytes).
    Removing wdt_a.o(i.WDT_A_clearTimer), (24 bytes).
    Removing wdt_a.o(i.WDT_A_initIntervalTimer), (20 bytes).
    Removing wdt_a.o(i.WDT_A_initWatchdogTimer), (20 bytes).
    Removing wdt_a.o(i.WDT_A_registerInterrupt), (20 bytes).
    Removing wdt_a.o(i.WDT_A_setPasswordViolationReset), (4 bytes).
    Removing wdt_a.o(i.WDT_A_setTimeoutReset), (4 bytes).
    Removing wdt_a.o(i.WDT_A_startTimer), (20 bytes).
    Removing wdt_a.o(i.WDT_A_unregisterInterrupt), (18 bytes).
    Removing cpu.o(.rev16_text), (4 bytes).
    Removing cpu.o(.revsh_text), (4 bytes).
    Removing cpu.o(.rrx_text), (6 bytes).
    Removing rtc_c.o(.rev16_text), (4 bytes).
    Removing rtc_c.o(.revsh_text), (4 bytes).
    Removing rtc_c.o(.rrx_text), (6 bytes).
    Removing rtc_c.o(i.RTC_C_clearInterruptFlag), (76 bytes).
    Removing rtc_c.o(i.RTC_C_convertBCDToBinary), (12 bytes).
    Removing rtc_c.o(i.RTC_C_convertBinaryToBCD), (12 bytes).
    Removing rtc_c.o(i.RTC_C_definePrescaleEvent), (30 bytes).
    Removing rtc_c.o(i.RTC_C_disableInterrupt), (72 bytes).
    Removing rtc_c.o(i.RTC_C_enableInterrupt), (60 bytes).
    Removing rtc_c.o(i.RTC_C_getCalendarTime), (100 bytes).
    Removing rtc_c.o(i.RTC_C_getEnabledInterruptStatus), (108 bytes).
    Removing rtc_c.o(i.RTC_C_getInterruptStatus), (44 bytes).
    Removing rtc_c.o(i.RTC_C_getPrescaleValue), (28 bytes).
    Removing rtc_c.o(i.RTC_C_holdClock), (40 bytes).
    Removing rtc_c.o(i.RTC_C_initCalendar), (108 bytes).
    Removing rtc_c.o(i.RTC_C_registerInterrupt), (20 bytes).
    Removing rtc_c.o(i.RTC_C_setCalendarAlarm), (44 bytes).
    Removing rtc_c.o(i.RTC_C_setCalendarEvent), (44 bytes).
    Removing rtc_c.o(i.RTC_C_setCalibrationData), (40 bytes).
    Removing rtc_c.o(i.RTC_C_setCalibrationFrequency), (44 bytes).
    Removing rtc_c.o(i.RTC_C_setPrescaleValue), (68 bytes).
    Removing rtc_c.o(i.RTC_C_setTemperatureCompensation), (36 bytes).
    Removing rtc_c.o(i.RTC_C_startClock), (36 bytes).
    Removing rtc_c.o(i.RTC_C_unregisterInterrupt), (18 bytes).
    Removing sysctl.o(.rev16_text), (4 bytes).
    Removing sysctl.o(.revsh_text), (4 bytes).
    Removing sysctl.o(.rrx_text), (6 bytes).
    Removing sysctl.o(i.SysCtl_disableGlitchFilter), (16 bytes).
    Removing sysctl.o(i.SysCtl_disablePeripheralAtCPUHalt), (16 bytes).
    Removing sysctl.o(i.SysCtl_disableSRAMBank), (84 bytes).
    Removing sysctl.o(i.SysCtl_disableSRAMBankRetention), (24 bytes).
    Removing sysctl.o(i.SysCtl_enableGlitchFilter), (16 bytes).
    Removing sysctl.o(i.SysCtl_enablePeripheralAtCPUHalt), (16 bytes).
    Removing sysctl.o(i.SysCtl_enableSRAMBank), (24 bytes).
    Removing sysctl.o(i.SysCtl_enableSRAMBankRetention), (24 bytes).
    Removing sysctl.o(i.SysCtl_getFlashSize), (12 bytes).
    Removing sysctl.o(i.SysCtl_getSRAMSize), (12 bytes).
    Removing sysctl.o(i.SysCtl_getTempCalibrationConstant), (14 bytes).
    Removing sysctl.o(i.SysCtl_rebootDevice), (16 bytes).
    Removing sysctl.o(i.SysCtl_setWDTPasswordViolationResetType), (24 bytes).
    Removing sysctl.o(i.SysCtl_setWDTTimeoutResetType), (24 bytes).
    Removing ddiv.o(.text), (222 bytes).
    Removing dfixul.o(.text), (48 bytes).
    Removing cdrcmple.o(.text), (48 bytes).

325 unused section(s) (total 20015 bytes) removed from the image.

==============================================================================

Image Symbol Table

    Local Symbols

    Symbol Name                              Value     Ov Type        Size  Object(Section)

    RESET                                    0x00000000   Section      324  startup_msp432p401r_uvision.o(RESET)
    ../clib/microlib/division.c              0x00000000   Number         0  uldiv.o ABSOLUTE
    ../clib/microlib/division.c              0x00000000   Number         0  uidiv.o ABSOLUTE
    ../clib/microlib/init/entry.s            0x00000000   Number         0  entry10b.o ABSOLUTE
    ../clib/microlib/init/entry.s            0x00000000   Number         0  entry8a.o ABSOLUTE
    ../clib/microlib/init/entry.s            0x00000000   Number         0  entry11a.o ABSOLUTE
    ../clib/microlib/init/entry.s            0x00000000   Number         0  entry8b.o ABSOLUTE
    ../clib/microlib/init/entry.s            0x00000000   Number         0  entry2.o ABSOLUTE
    ../clib/microlib/init/entry.s            0x00000000   Number         0  entry11b.o ABSOLUTE
    ../clib/microlib/init/entry.s            0x00000000   Number         0  entry9a.o ABSOLUTE
    ../clib/microlib/init/entry.s            0x00000000   Number         0  entry9b.o ABSOLUTE
    ../clib/microlib/init/entry.s            0x00000000   Number         0  entry5.o ABSOLUTE
    ../clib/microlib/init/entry.s            0x00000000   Number         0  entry.o ABSOLUTE
    ../clib/microlib/init/entry.s            0x00000000   Number         0  entry10a.o ABSOLUTE
    ../clib/microlib/init/entry.s            0x00000000   Number         0  entry7a.o ABSOLUTE
    ../clib/microlib/init/entry.s            0x00000000   Number         0  entry7b.o ABSOLUTE
    ../clib/microlib/longlong.c              0x00000000   Number         0  llushr.o ABSOLUTE
    ../clib/microlib/longlong.c              0x00000000   Number         0  llshl.o ABSOLUTE
    ../clib/microlib/longlong.c              0x00000000   Number         0  llsshr.o ABSOLUTE
    ../clib/microlib/printf/printf.c         0x00000000   Number         0  printf0.o ABSOLUTE
    ../clib/microlib/printf/printf.c         0x00000000   Number         0  printf6.o ABSOLUTE
    ../clib/microlib/printf/printf.c         0x00000000   Number         0  printf1.o ABSOLUTE
    ../clib/microlib/printf/printf.c         0x00000000   Number         0  printfa.o ABSOLUTE
    ../clib/microlib/printf/printf.c         0x00000000   Number         0  printfb.o ABSOLUTE
    ../clib/microlib/printf/printf.c         0x00000000   Number         0  printf3.o ABSOLUTE
    ../clib/microlib/printf/printf.c         0x00000000   Number         0  printf4.o ABSOLUTE
    ../clib/microlib/printf/printf.c         0x00000000   Number         0  printf2.o ABSOLUTE
    ../clib/microlib/printf/printf.c         0x00000000   Number         0  printf8.o ABSOLUTE
    ../clib/microlib/printf/printf.c         0x00000000   Number         0  printf7.o ABSOLUTE
    ../clib/microlib/printf/printf.c         0x00000000   Number         0  printf5.o ABSOLUTE
    ../clib/microlib/printf/stubs.s          0x00000000   Number         0  stubs.o ABSOLUTE
    ../clib/microlib/stdio/streams.c         0x00000000   Number         0  stdout.o ABSOLUTE
    ../clib/microlib/string/memcpy.c         0x00000000   Number         0  memcpyb.o ABSOLUTE
    ../clib/microlib/string/memcpy.c         0x00000000   Number         0  memcpya.o ABSOLUTE
    ../clib/microlib/string/memset.c         0x00000000   Number         0  memseta.o ABSOLUTE
    ../clib/microlib/stubs.s                 0x00000000   Number         0  iusefp.o ABSOLUTE
    ../fplib/microlib/f2d.c                  0x00000000   Number         0  f2d.o ABSOLUTE
    ../fplib/microlib/fpadd.c                0x00000000   Number         0  dadd.o ABSOLUTE
    ../fplib/microlib/fpdiv.c                0x00000000   Number         0  ddiv.o ABSOLUTE
    ../fplib/microlib/fpepilogue.c           0x00000000   Number         0  depilogue.o ABSOLUTE
    ../fplib/microlib/fpfix.c                0x00000000   Number         0  dfixul.o ABSOLUTE
    ../fplib/microlib/fpfix.c                0x00000000   Number         0  dfixi.o ABSOLUTE
    ../fplib/microlib/fpflt.c                0x00000000   Number         0  dflti.o ABSOLUTE
    ../fplib/microlib/fpmul.c                0x00000000   Number         0  dmul.o ABSOLUTE
    ../system_msp432p401r.c                  0x00000000   Number         0  system_msp432p401r.o ABSOLUTE
    ..\Hardware\EXTI\exti.c                  0x00000000   Number         0  exti.o ABSOLUTE
    ..\Hardware\KEY\key.c                    0x00000000   Number         0  key.o ABSOLUTE
    ..\Hardware\LED\led.c                    0x00000000   Number         0  led.o ABSOLUTE
    ..\Hardware\MPU6050\myiic.c              0x00000000   Number         0  myiic.o ABSOLUTE
    ..\Hardware\isr\isr.c                    0x00000000   Number         0  isr.o ABSOLUTE
    ..\Hardware\motor\motor.c                0x00000000   Number         0  motor.o ABSOLUTE
    ..\Hardware\oled\oled.c                  0x00000000   Number         0  oled.o ABSOLUTE
    ..\Hardware\oled\spi.c                   0x00000000   Number         0  spi.o ABSOLUTE
    ..\Hardware\timer\timer.c                0x00000000   Number         0  timer.o ABSOLUTE
    ..\\Hardware\\EXTI\\exti.c               0x00000000   Number         0  exti.o ABSOLUTE
    ..\\Hardware\\KEY\\key.c                 0x00000000   Number         0  key.o ABSOLUTE
    ..\\Hardware\\LED\\led.c                 0x00000000   Number         0  led.o ABSOLUTE
    ..\\Hardware\\MPU6050\\myiic.c           0x00000000   Number         0  myiic.o ABSOLUTE
    ..\\Hardware\\isr\\isr.c                 0x00000000   Number         0  isr.o ABSOLUTE
    ..\\Hardware\\motor\\motor.c             0x00000000   Number         0  motor.o ABSOLUTE
    ..\\Hardware\\oled\\oled.c               0x00000000   Number         0  oled.o ABSOLUTE
    ..\\Hardware\\oled\\spi.c                0x00000000   Number         0  spi.o ABSOLUTE
    ..\\Hardware\\timer\\timer.c             0x00000000   Number         0  timer.o ABSOLUTE
    ..\\lib\\Clock\\clock.c                  0x00000000   Number         0  clock.o ABSOLUTE
    ..\\lib\\USART\\baudrate_calculate.c     0x00000000   Number         0  baudrate_calculate.o ABSOLUTE
    ..\\lib\\USART\\usart.c                  0x00000000   Number         0  usart.o ABSOLUTE
    ..\\lib\\delay\\delay.c                  0x00000000   Number         0  delay.o ABSOLUTE
    ..\\main.c                               0x00000000   Number         0  main.o ABSOLUTE
    ..\lib\Clock\clock.c                     0x00000000   Number         0  clock.o ABSOLUTE
    ..\lib\USART\baudrate_calculate.c        0x00000000   Number         0  baudrate_calculate.o ABSOLUTE
    ..\lib\USART\usart.c                     0x00000000   Number         0  usart.o ABSOLUTE
    ..\lib\delay\delay.c                     0x00000000   Number         0  delay.o ABSOLUTE
    ..\main.c                                0x00000000   Number         0  main.o ABSOLUTE
    ..\system_msp432p401r.c                  0x00000000   Number         0  system_msp432p401r.o ABSOLUTE
    cdrcmple.s                               0x00000000   Number         0  cdrcmple.o ABSOLUTE
    cpu.c                                    0x00000000   Number         0  cpu.o ABSOLUTE
    cpu.c                                    0x00000000   Number         0  cpu.o ABSOLUTE
    cs.c                                     0x00000000   Number         0  cs.o ABSOLUTE
    cs.c                                     0x00000000   Number         0  cs.o ABSOLUTE
    dc.s                                     0x00000000   Number         0  dc.o ABSOLUTE
    flash.c                                  0x00000000   Number         0  flash.o ABSOLUTE
    flash.c                                  0x00000000   Number         0  flash.o ABSOLUTE
    gpio.c                                   0x00000000   Number         0  gpio.o ABSOLUTE
    gpio.c                                   0x00000000   Number         0  gpio.o ABSOLUTE
    handlers.s                               0x00000000   Number         0  handlers.o ABSOLUTE
    init.s                                   0x00000000   Number         0  init.o ABSOLUTE
    interrupt.c                              0x00000000   Number         0  interrupt.o ABSOLUTE
    interrupt.c                              0x00000000   Number         0  interrupt.o ABSOLUTE
    pcm.c                                    0x00000000   Number         0  pcm.o ABSOLUTE
    pcm.c                                    0x00000000   Number         0  pcm.o ABSOLUTE
    rtc_c.c                                  0x00000000   Number         0  rtc_c.o ABSOLUTE
    rtc_c.c                                  0x00000000   Number         0  rtc_c.o ABSOLUTE
    startup_msp432p401r_uvision.s            0x00000000   Number         0  startup_msp432p401r_uvision.o ABSOLUTE
    sysctl.c                                 0x00000000   Number         0  sysctl.o ABSOLUTE
    sysctl.c                                 0x00000000   Number         0  sysctl.o ABSOLUTE
    timer_a.c                                0x00000000   Number         0  timer_a.o ABSOLUTE
    timer_a.c                                0x00000000   Number         0  timer_a.o ABSOLUTE
    uart.c                                   0x00000000   Number         0  uart.o ABSOLUTE
    uart.c                                   0x00000000   Number         0  uart.o ABSOLUTE
    wdt_a.c                                  0x00000000   Number         0  wdt_a.o ABSOLUTE
    wdt_a.c                                  0x00000000   Number         0  wdt_a.o ABSOLUTE
    .ARM.Collect$$$$00000000                 0x00000144   Section        0  entry.o(.ARM.Collect$$$$00000000)
    .ARM.Collect$$$$00000001                 0x00000144   Section        4  entry2.o(.ARM.Collect$$$$00000001)
    .ARM.Collect$$$$00000004                 0x00000148   Section        4  entry5.o(.ARM.Collect$$$$00000004)
    .ARM.Collect$$$$00000008                 0x0000014c   Section        0  entry7b.o(.ARM.Collect$$$$00000008)
    .ARM.Collect$$$$0000000A                 0x0000014c   Section        0  entry8b.o(.ARM.Collect$$$$0000000A)
    .ARM.Collect$$$$0000000B                 0x0000014c   Section        8  entry9a.o(.ARM.Collect$$$$0000000B)
    .ARM.Collect$$$$0000000D                 0x00000154   Section        0  entry10a.o(.ARM.Collect$$$$0000000D)
    .ARM.Collect$$$$0000000F                 0x00000154   Section        0  entry11a.o(.ARM.Collect$$$$0000000F)
    .ARM.Collect$$$$00002712                 0x00000154   Section        4  entry2.o(.ARM.Collect$$$$00002712)
    __lit__00000000                          0x00000154   Data           4  entry2.o(.ARM.Collect$$$$00002712)
    .emb_text                                0x00000158   Section       38  cpu.o(.emb_text)
    $v0                                      0x00000158   Number         0  cpu.o(.emb_text)
    .text                                    0x00000180   Section       36  startup_msp432p401r_uvision.o(.text)
    $v0                                      0x00000180   Number         0  startup_msp432p401r_uvision.o(.text)
    .text                                    0x000001a4   Section        0  memcpya.o(.text)
    .text                                    0x000001c8   Section        0  memseta.o(.text)
    .text                                    0x000001ec   Section        0  dadd.o(.text)
    .text                                    0x0000033a   Section        0  dmul.o(.text)
    .text                                    0x0000041e   Section        0  dflti.o(.text)
    .text                                    0x00000440   Section        0  dfixi.o(.text)
    .text                                    0x0000047e   Section        0  f2d.o(.text)
    .text                                    0x000004a4   Section        0  uidiv.o(.text)
    .text                                    0x000004d0   Section        0  llshl.o(.text)
    .text                                    0x000004ee   Section        0  llushr.o(.text)
    .text                                    0x0000050e   Section        0  llsshr.o(.text)
    .text                                    0x00000532   Section        0  iusefp.o(.text)
    .text                                    0x00000532   Section        0  depilogue.o(.text)
    .text                                    0x000005ec   Section       36  init.o(.text)
    i.CLOCK_Init                             0x00000610   Section        0  clock.o(i.CLOCK_Init)
    i.CS_getACLK                             0x00000690   Section        0  cs.o(i.CS_getACLK)
    i.CS_getDCOFrequency                     0x000006a8   Section        0  cs.o(i.CS_getDCOFrequency)
    i.CS_getMCLK                             0x00000818   Section        0  cs.o(i.CS_getMCLK)
    i.CS_getSMCLK                            0x00000830   Section        0  cs.o(i.CS_getSMCLK)
    i.CS_initClockSignal                     0x00000848   Section        0  cs.o(i.CS_initClockSignal)
    i.CS_setExternalClockSourceFrequency     0x00000944   Section        0  cs.o(i.CS_setExternalClockSourceFrequency)
    i.CS_startHFXT                           0x00000950   Section        0  cs.o(i.CS_startHFXT)
    i.CS_startHFXTWithTimeout                0x00000958   Section        0  cs.o(i.CS_startHFXTWithTimeout)
    i.CS_startLFXT                           0x00000a9c   Section        0  cs.o(i.CS_startLFXT)
    i.CS_startLFXTWithTimeout                0x00000aa4   Section        0  cs.o(i.CS_startLFXTWithTimeout)
    i.EUSCIA0_IRQHandler                     0x00000b58   Section        0  isr.o(i.EUSCIA0_IRQHandler)
    i.EUSCIA1_IRQHandler                     0x00000b64   Section        0  isr.o(i.EUSCIA1_IRQHandler)
    i.EUSCIA2_IRQHandler                     0x00000b70   Section        0  isr.o(i.EUSCIA2_IRQHandler)
    i.EUSCIA3_IRQHandler                     0x00000b7c   Section        0  isr.o(i.EUSCIA3_IRQHandler)
    i.EXTI_Init                              0x00000b88   Section        0  exti.o(i.EXTI_Init)
    i.FlashCtl_setWaitState                  0x00000c04   Section        0  flash.o(i.FlashCtl_setWaitState)
    i.GPIO_clearInterruptFlag                0x00000c30   Section        0  gpio.o(i.GPIO_clearInterruptFlag)
    i.GPIO_enableInterrupt                   0x00000c44   Section        0  gpio.o(i.GPIO_enableInterrupt)
    i.GPIO_getEnabledInterruptStatus         0x00000c58   Section        0  gpio.o(i.GPIO_getEnabledInterruptStatus)
    i.GPIO_getInputPinValue                  0x00000c8c   Section        0  gpio.o(i.GPIO_getInputPinValue)
    i.GPIO_interruptEdgeSelect               0x00000ca0   Section        0  gpio.o(i.GPIO_interruptEdgeSelect)
    i.GPIO_setAsInputPin                     0x00000cbc   Section        0  gpio.o(i.GPIO_setAsInputPin)
    i.GPIO_setAsInputPinWithPullUpResistor   0x00000ce4   Section        0  gpio.o(i.GPIO_setAsInputPinWithPullUpResistor)
    i.GPIO_setAsOutputPin                    0x00000d10   Section        0  gpio.o(i.GPIO_setAsOutputPin)
    i.GPIO_setAsPeripheralModuleFunctionInputPin 0x00000d30   Section        0  gpio.o(i.GPIO_setAsPeripheralModuleFunctionInputPin)
    i.GPIO_setAsPeripheralModuleFunctionOutputPin 0x00000d78   Section        0  gpio.o(i.GPIO_setAsPeripheralModuleFunctionOutputPin)
    i.GPIO_setOutputHighOnPin                0x00000dc0   Section        0  gpio.o(i.GPIO_setOutputHighOnPin)
    i.GPIO_setOutputLowOnPin                 0x00000dd4   Section        0  gpio.o(i.GPIO_setOutputLowOnPin)
    i.Interrupt_enableInterrupt              0x00000de8   Section        0  interrupt.o(i.Interrupt_enableInterrupt)
    i.Interrupt_enableMaster                 0x00000e4c   Section        0  interrupt.o(i.Interrupt_enableMaster)
    i.Interrupt_setPriority                  0x00000e5c   Section        0  interrupt.o(i.Interrupt_setPriority)
    i.KEY_Init                               0x00000e84   Section        0  key.o(i.KEY_Init)
    i.Motor_Control                          0x00000e9a   Section        0  motor.o(i.Motor_Control)
    i.OLED_Clear                             0x00000ee8   Section        0  oled.o(i.OLED_Clear)
    i.OLED_Display                           0x00000f0c   Section        0  oled.o(i.OLED_Display)
    i.OLED_Init                              0x00000f50   Section        0  oled.o(i.OLED_Init)
    i.OLED_Init_GPIO                         0x0000102c   Section        0  oled.o(i.OLED_Init_GPIO)
    i.OLED_Reset                             0x0000105a   Section        0  oled.o(i.OLED_Reset)
    i.OLED_WR_Byte                           0x00001084   Section        0  oled.o(i.OLED_WR_Byte)
    i.PCM_getCoreVoltageLevel                0x000010b8   Section        0  pcm.o(i.PCM_getCoreVoltageLevel)
    i.PCM_getPowerMode                       0x00001104   Section        0  pcm.o(i.PCM_getPowerMode)
    i.PCM_setCoreVoltageLevel                0x00001148   Section        0  pcm.o(i.PCM_setCoreVoltageLevel)
    i.PID_Calculate                          0x00001150   Section        0  motor.o(i.PID_Calculate)
    i.PORT1_IRQHandler                       0x000011e0   Section        0  isr.o(i.PORT1_IRQHandler)
    i.PORT2_IRQHandler                       0x000011f4   Section        0  isr.o(i.PORT2_IRQHandler)
    i.PORT3_IRQHandler                       0x00001208   Section        0  isr.o(i.PORT3_IRQHandler)
    i.PORT4_IRQHandler                       0x0000121c   Section        0  isr.o(i.PORT4_IRQHandler)
    i.PORT5_IRQHandler                       0x00001284   Section        0  isr.o(i.PORT5_IRQHandler)
    i.Pid_L_Init                             0x000012ec   Section        0  motor.o(i.Pid_L_Init)
    i.Pid_R_Init                             0x00001344   Section        0  motor.o(i.Pid_R_Init)
    i.Pid_dir_Init                           0x0000139c   Section        0  motor.o(i.Pid_dir_Init)
    i.SPI_WriteByte                          0x000013e8   Section        0  spi.o(i.SPI_WriteByte)
    i.SysCtl_disableNMISource                0x00001424   Section        0  sysctl.o(i.SysCtl_disableNMISource)
    i.SysCtl_enableNMISource                 0x00001434   Section        0  sysctl.o(i.SysCtl_enableNMISource)
    i.SysCtl_getNMISourceStatus              0x00001444   Section        0  sysctl.o(i.SysCtl_getNMISourceStatus)
    i.SysCtl_getTLVInfo                      0x00001450   Section        0  sysctl.o(i.SysCtl_getTLVInfo)
    i.SystemInit                             0x000014a0   Section        0  system_msp432p401r.o(i.SystemInit)
    i.TA0_0_IRQHandler                       0x00001500   Section        0  isr.o(i.TA0_0_IRQHandler)
    i.TA1_0_IRQHandler                       0x00001648   Section        0  isr.o(i.TA1_0_IRQHandler)
    i.TA2_0_IRQHandler                       0x00001654   Section        0  isr.o(i.TA2_0_IRQHandler)
    i.TimA0_Init                             0x00001660   Section        0  timer.o(i.TimA0_Init)
    i.TimA1_Init                             0x000016a0   Section        0  timer.o(i.TimA1_Init)
    i.Timer_A_clearCaptureCompareInterrupt   0x000016fc   Section        0  timer_a.o(i.Timer_A_clearCaptureCompareInterrupt)
    i.Timer_A_configureUpMode                0x00001718   Section        0  timer_a.o(i.Timer_A_configureUpMode)
    i.Timer_A_generatePWM                    0x0000175e   Section        0  timer_a.o(i.Timer_A_generatePWM)
    i.Timer_A_setCompareValue                0x000017ae   Section        0  timer_a.o(i.Timer_A_setCompareValue)
    i.Timer_A_startCounter                   0x000017c0   Section        0  timer_a.o(i.Timer_A_startCounter)
    i.UART_NVIC_Init                         0x000017c8   Section        0  usart.o(i.UART_NVIC_Init)
    i.UART_enableInterrupt                   0x00001818   Section        0  uart.o(i.UART_enableInterrupt)
    i.UART_enableModule                      0x0000182e   Section        0  uart.o(i.UART_enableModule)
    i.UART_getEnabledInterruptStatus         0x0000183a   Section        0  uart.o(i.UART_getEnabledInterruptStatus)
    i.UART_initModule                        0x0000185c   Section        0  uart.o(i.UART_initModule)
    i.UART_send_Byte                         0x000018e4   Section        0  usart.o(i.UART_send_Byte)
    i.UART_send_short                        0x0000193c   Section        0  usart.o(i.UART_send_short)
    i.UART_transmitData                      0x0000195c   Section        0  uart.o(i.UART_transmitData)
    i.WDT_A_holdTimer                        0x00001974   Section        0  wdt_a.o(i.WDT_A_holdTimer)
    i.Xian_Fu                                0x0000198c   Section        0  motor.o(i.Xian_Fu)
    i._CSComputeCLKFrequency                 0x000019a0   Section        0  cs.o(i._CSComputeCLKFrequency)
    _CSComputeCLKFrequency                   0x000019a1   Thumb Code   236  cs.o(i._CSComputeCLKFrequency)
    i.__0printf$1                            0x00001aac   Section        0  printf1.o(i.__0printf$1)
    i.__PCM_setCoreVoltageLevelAdvanced      0x00001acc   Section        0  pcm.o(i.__PCM_setCoreVoltageLevelAdvanced)
    __PCM_setCoreVoltageLevelAdvanced        0x00001acd   Thumb Code   242  pcm.o(i.__PCM_setCoreVoltageLevelAdvanced)
    i.__PCM_setPowerModeAdvanced             0x00001bcc   Section        0  pcm.o(i.__PCM_setPowerModeAdvanced)
    __PCM_setPowerModeAdvanced               0x00001bcd   Thumb Code   200  pcm.o(i.__PCM_setPowerModeAdvanced)
    i.__scatterload_copy                     0x00001cb0   Section       14  handlers.o(i.__scatterload_copy)
    i.__scatterload_null                     0x00001cbe   Section        2  handlers.o(i.__scatterload_null)
    i.__scatterload_zeroinit                 0x00001cc0   Section       14  handlers.o(i.__scatterload_zeroinit)
    i._printf_core                           0x00001cd0   Section        0  printf1.o(i._printf_core)
    _printf_core                             0x00001cd1   Thumb Code   336  printf1.o(i._printf_core)
    i.bitPosition                            0x00001e24   Section        0  baudrate_calculate.o(i.bitPosition)
    i.delay_init                             0x00001e34   Section        0  delay.o(i.delay_init)
    i.delay_ms                               0x00001e70   Section        0  delay.o(i.delay_ms)
    i.eusci_calcBaudDividers                 0x00001ea4   Section        0  baudrate_calculate.o(i.eusci_calcBaudDividers)
    i.fputc                                  0x00001fd8   Section        0  usart.o(i.fputc)
    i.main                                   0x00001fec   Section        0  main.o(i.main)
    i.motor1_back                            0x00002204   Section        0  motor.o(i.motor1_back)
    i.motor1_forward                         0x0000221c   Section        0  motor.o(i.motor1_forward)
    i.motor2_back                            0x00002232   Section        0  motor.o(i.motor2_back)
    i.motor2_forward                         0x0000224a   Section        0  motor.o(i.motor2_forward)
    i.privateTimer_AProcessClockSourceDivider 0x00002260   Section        0  timer_a.o(i.privateTimer_AProcessClockSourceDivider)
    privateTimer_AProcessClockSourceDivider  0x00002261   Thumb Code   190  timer_a.o(i.privateTimer_AProcessClockSourceDivider)
    i.pwm_duty                               0x00002320   Section        0  motor.o(i.pwm_duty)
    i.uart3_init                             0x00002354   Section        0  usart.o(i.uart3_init)
    i.uart_warning_led                       0x00002394   Section        0  baudrate_calculate.o(i.uart_warning_led)
    .constdata                               0x000023e8   Section       72  usart.o(.constdata)
    .constdata                               0x00002430   Section      144  interrupt.o(.constdata)
    g_pulEnRegs                              0x00002430   Data           8  interrupt.o(.constdata)
    g_pulDisRegs                             0x00002438   Data           8  interrupt.o(.constdata)
    g_pulPendRegs                            0x00002440   Data           8  interrupt.o(.constdata)
    g_pulUnpendRegs                          0x00002448   Data           8  interrupt.o(.constdata)
    g_pulPriority                            0x00002450   Data          32  interrupt.o(.constdata)
    g_pulRegs                                0x00002470   Data          80  interrupt.o(.constdata)
    .data                                    0x20000000   Section       24  main.o(.data)
    .data                                    0x20000018   Section        4  main.o(.data)
    .data                                    0x2000001c   Section        4  main.o(.data)
    .data                                    0x20000020   Section       20  isr.o(.data)
    i                                        0x20000030   Data           4  isr.o(.data)
    .data                                    0x20000034   Section        4  delay.o(.data)
    fac_us                                   0x20000034   Data           1  delay.o(.data)
    fac_ms                                   0x20000036   Data           2  delay.o(.data)
    .data                                    0x20000038   Section        8  cs.o(.data)
    hfxtFreq                                 0x20000038   Data           4  cs.o(.data)
    lfxtFreq                                 0x2000003c   Data           4  cs.o(.data)
    .data                                    0x20000040   Section       48  gpio.o(.data)
    GPIO_PORT_TO_BASE                        0x20000040   Data          48  gpio.o(.data)
    .data                                    0x20000070   Section        4  stdout.o(.data)
    .bss                                     0x20000074   Section       80  isr.o(.bss)
    .bss                                     0x200000c4   Section       40  isr.o(.bss)
    .bss                                     0x200000ec   Section     1024  oled.o(.bss)
    OLED_buffer                              0x200000ec   Data        1024  oled.o(.bss)
    STACK                                    0x200004f0   Section      512  startup_msp432p401r_uvision.o(STACK)

    Global Symbols

    Symbol Name                              Value     Ov Type        Size  Object(Section)

    BuildAttributes$$THM_ISAv4$E$P$D$K$B$S$7EM$VFPi3$EXTD16$VFPS$VFMA$PE$A:L22UL41UL21$X:L11$S22US41US21$IEEE1$IW$USESV6$~STKCKD$USESV7$~SHL$OTIME$ROPI$EBA8$MICROLIB$REQ8$PRES8$EABIv2 0x00000000   Number         0  anon$$obj.o ABSOLUTE
    __ARM_use_no_argv                        0x00000000   Number         0  main.o ABSOLUTE
    __Vectors                                0x00000000   Data           4  startup_msp432p401r_uvision.o(RESET)
    _printf_a                                0x00000000   Number         0  stubs.o ABSOLUTE
    _printf_c                                0x00000000   Number         0  stubs.o ABSOLUTE
    _printf_charcount                        0x00000000   Number         0  stubs.o ABSOLUTE
    _printf_d                                0x00000000   Number         0  stubs.o ABSOLUTE
    _printf_e                                0x00000000   Number         0  stubs.o ABSOLUTE
    _printf_f                                0x00000000   Number         0  stubs.o ABSOLUTE
    _printf_flags                            0x00000000   Number         0  stubs.o ABSOLUTE
    _printf_fp_dec                           0x00000000   Number         0  stubs.o ABSOLUTE
    _printf_fp_hex                           0x00000000   Number         0  stubs.o ABSOLUTE
    _printf_g                                0x00000000   Number         0  stubs.o ABSOLUTE
    _printf_i                                0x00000000   Number         0  stubs.o ABSOLUTE
    _printf_int_dec                          0x00000000   Number         0  stubs.o ABSOLUTE
    _printf_l                                0x00000000   Number         0  stubs.o ABSOLUTE
    _printf_lc                               0x00000000   Number         0  stubs.o ABSOLUTE
    _printf_ll                               0x00000000   Number         0  stubs.o ABSOLUTE
    _printf_lld                              0x00000000   Number         0  stubs.o ABSOLUTE
    _printf_lli                              0x00000000   Number         0  stubs.o ABSOLUTE
    _printf_llo                              0x00000000   Number         0  stubs.o ABSOLUTE
    _printf_llu                              0x00000000   Number         0  stubs.o ABSOLUTE
    _printf_llx                              0x00000000   Number         0  stubs.o ABSOLUTE
    _printf_longlong_dec                     0x00000000   Number         0  stubs.o ABSOLUTE
    _printf_longlong_hex                     0x00000000   Number         0  stubs.o ABSOLUTE
    _printf_longlong_oct                     0x00000000   Number         0  stubs.o ABSOLUTE
    _printf_ls                               0x00000000   Number         0  stubs.o ABSOLUTE
    _printf_mbtowc                           0x00000000   Number         0  stubs.o ABSOLUTE
    _printf_n                                0x00000000   Number         0  stubs.o ABSOLUTE
    _printf_o                                0x00000000   Number         0  stubs.o ABSOLUTE
    _printf_p                                0x00000000   Number         0  stubs.o ABSOLUTE
    _printf_percent                          0x00000000   Number         0  stubs.o ABSOLUTE
    _printf_pre_padding                      0x00000000   Number         0  stubs.o ABSOLUTE
    _printf_return_value                     0x00000000   Number         0  stubs.o ABSOLUTE
    _printf_s                                0x00000000   Number         0  stubs.o ABSOLUTE
    _printf_sizespec                         0x00000000   Number         0  stubs.o ABSOLUTE
    _printf_str                              0x00000000   Number         0  stubs.o ABSOLUTE
    _printf_truncate_signed                  0x00000000   Number         0  stubs.o ABSOLUTE
    _printf_truncate_unsigned                0x00000000   Number         0  stubs.o ABSOLUTE
    _printf_u                                0x00000000   Number         0  stubs.o ABSOLUTE
    _printf_wc                               0x00000000   Number         0  stubs.o ABSOLUTE
    _printf_wctomb                           0x00000000   Number         0  stubs.o ABSOLUTE
    _printf_widthprec                        0x00000000   Number         0  stubs.o ABSOLUTE
    _printf_x                                0x00000000   Number         0  stubs.o ABSOLUTE
    __cpp_initialize__aeabi_                  - Undefined Weak Reference
    __cxa_finalize                            - Undefined Weak Reference
    __decompress                              - Undefined Weak Reference
    _clock_init                               - Undefined Weak Reference
    _microlib_exit                            - Undefined Weak Reference
    __Vectors_End                            0x00000144   Data           0  startup_msp432p401r_uvision.o(RESET)
    __Vectors_Size                           0x00000144   Number         0  startup_msp432p401r_uvision.o ABSOLUTE
    __main                                   0x00000145   Thumb Code     0  entry.o(.ARM.Collect$$$$00000000)
    _main_stk                                0x00000145   Thumb Code     0  entry2.o(.ARM.Collect$$$$00000001)
    _main_scatterload                        0x00000149   Thumb Code     0  entry5.o(.ARM.Collect$$$$00000004)
    __main_after_scatterload                 0x0000014d   Thumb Code     0  entry5.o(.ARM.Collect$$$$00000004)
    _main_clock                              0x0000014d   Thumb Code     0  entry7b.o(.ARM.Collect$$$$00000008)
    _main_cpp_init                           0x0000014d   Thumb Code     0  entry8b.o(.ARM.Collect$$$$0000000A)
    _main_init                               0x0000014d   Thumb Code     0  entry9a.o(.ARM.Collect$$$$0000000B)
    __rt_final_cpp                           0x00000155   Thumb Code     0  entry10a.o(.ARM.Collect$$$$0000000D)
    __rt_final_exit                          0x00000155   Thumb Code     0  entry11a.o(.ARM.Collect$$$$0000000F)
    CPU_cpsid                                0x00000159   Thumb Code     8  cpu.o(.emb_text)
    CPU_primask                              0x00000161   Thumb Code     6  cpu.o(.emb_text)
    CPU_cpsie                                0x00000167   Thumb Code     8  cpu.o(.emb_text)
    CPU_wfi                                  0x0000016f   Thumb Code     4  cpu.o(.emb_text)
    CPU_basepriSet                           0x00000173   Thumb Code     6  cpu.o(.emb_text)
    CPU_basepriGet                           0x00000179   Thumb Code     6  cpu.o(.emb_text)
    Reset_Handler                            0x00000181   Thumb Code     8  startup_msp432p401r_uvision.o(.text)
    NMI_Handler                              0x00000189   Thumb Code     2  startup_msp432p401r_uvision.o(.text)
    HardFault_Handler                        0x0000018b   Thumb Code     2  startup_msp432p401r_uvision.o(.text)
    MemManage_Handler                        0x0000018d   Thumb Code     2  startup_msp432p401r_uvision.o(.text)
    BusFault_Handler                         0x0000018f   Thumb Code     2  startup_msp432p401r_uvision.o(.text)
    UsageFault_Handler                       0x00000191   Thumb Code     2  startup_msp432p401r_uvision.o(.text)
    SVC_Handler                              0x00000193   Thumb Code     2  startup_msp432p401r_uvision.o(.text)
    DebugMon_Handler                         0x00000195   Thumb Code     2  startup_msp432p401r_uvision.o(.text)
    PendSV_Handler                           0x00000197   Thumb Code     2  startup_msp432p401r_uvision.o(.text)
    SysTick_Handler                          0x00000199   Thumb Code     2  startup_msp432p401r_uvision.o(.text)
    ADC14_IRQHandler                         0x0000019b   Thumb Code     0  startup_msp432p401r_uvision.o(.text)
    AES256_IRQHandler                        0x0000019b   Thumb Code     0  startup_msp432p401r_uvision.o(.text)
    COMP_E0_IRQHandler                       0x0000019b   Thumb Code     0  startup_msp432p401r_uvision.o(.text)
    COMP_E1_IRQHandler                       0x0000019b   Thumb Code     0  startup_msp432p401r_uvision.o(.text)
    CS_IRQHandler                            0x0000019b   Thumb Code     0  startup_msp432p401r_uvision.o(.text)
    DMA_ERR_IRQHandler                       0x0000019b   Thumb Code     0  startup_msp432p401r_uvision.o(.text)
    DMA_INT0_IRQHandler                      0x0000019b   Thumb Code     0  startup_msp432p401r_uvision.o(.text)
    DMA_INT1_IRQHandler                      0x0000019b   Thumb Code     0  startup_msp432p401r_uvision.o(.text)
    DMA_INT2_IRQHandler                      0x0000019b   Thumb Code     0  startup_msp432p401r_uvision.o(.text)
    DMA_INT3_IRQHandler                      0x0000019b   Thumb Code     0  startup_msp432p401r_uvision.o(.text)
    EUSCIB0_IRQHandler                       0x0000019b   Thumb Code     0  startup_msp432p401r_uvision.o(.text)
    EUSCIB1_IRQHandler                       0x0000019b   Thumb Code     0  startup_msp432p401r_uvision.o(.text)
    EUSCIB2_IRQHandler                       0x0000019b   Thumb Code     0  startup_msp432p401r_uvision.o(.text)
    EUSCIB3_IRQHandler                       0x0000019b   Thumb Code     0  startup_msp432p401r_uvision.o(.text)
    FLCTL_IRQHandler                         0x0000019b   Thumb Code     0  startup_msp432p401r_uvision.o(.text)
    FPU_IRQHandler                           0x0000019b   Thumb Code     0  startup_msp432p401r_uvision.o(.text)
    PCM_IRQHandler                           0x0000019b   Thumb Code     0  startup_msp432p401r_uvision.o(.text)
    PORT6_IRQHandler                         0x0000019b   Thumb Code     0  startup_msp432p401r_uvision.o(.text)
    PSS_IRQHandler                           0x0000019b   Thumb Code     0  startup_msp432p401r_uvision.o(.text)
    RTC_C_IRQHandler                         0x0000019b   Thumb Code     0  startup_msp432p401r_uvision.o(.text)
    T32_INT1_IRQHandler                      0x0000019b   Thumb Code     0  startup_msp432p401r_uvision.o(.text)
    T32_INT2_IRQHandler                      0x0000019b   Thumb Code     0  startup_msp432p401r_uvision.o(.text)
    T32_INTC_IRQHandler                      0x0000019b   Thumb Code     0  startup_msp432p401r_uvision.o(.text)
    TA0_N_IRQHandler                         0x0000019b   Thumb Code     0  startup_msp432p401r_uvision.o(.text)
    TA1_N_IRQHandler                         0x0000019b   Thumb Code     0  startup_msp432p401r_uvision.o(.text)
    TA2_N_IRQHandler                         0x0000019b   Thumb Code     0  startup_msp432p401r_uvision.o(.text)
    TA3_0_IRQHandler                         0x0000019b   Thumb Code     0  startup_msp432p401r_uvision.o(.text)
    TA3_N_IRQHandler                         0x0000019b   Thumb Code     0  startup_msp432p401r_uvision.o(.text)
    WDT_A_IRQHandler                         0x0000019b   Thumb Code     0  startup_msp432p401r_uvision.o(.text)
    __aeabi_memcpy                           0x000001a5   Thumb Code    36  memcpya.o(.text)
    __aeabi_memcpy4                          0x000001a5   Thumb Code     0  memcpya.o(.text)
    __aeabi_memcpy8                          0x000001a5   Thumb Code     0  memcpya.o(.text)
    __aeabi_memset                           0x000001c9   Thumb Code    14  memseta.o(.text)
    __aeabi_memset4                          0x000001c9   Thumb Code     0  memseta.o(.text)
    __aeabi_memset8                          0x000001c9   Thumb Code     0  memseta.o(.text)
    __aeabi_memclr                           0x000001d7   Thumb Code     4  memseta.o(.text)
    __aeabi_memclr4                          0x000001d7   Thumb Code     0  memseta.o(.text)
    __aeabi_memclr8                          0x000001d7   Thumb Code     0  memseta.o(.text)
    _memset$wrapper                          0x000001db   Thumb Code    18  memseta.o(.text)
    __aeabi_dadd                             0x000001ed   Thumb Code   322  dadd.o(.text)
    __aeabi_dsub                             0x0000032f   Thumb Code     6  dadd.o(.text)
    __aeabi_drsub                            0x00000335   Thumb Code     6  dadd.o(.text)
    __aeabi_dmul                             0x0000033b   Thumb Code   228  dmul.o(.text)
    __aeabi_i2d                              0x0000041f   Thumb Code    34  dflti.o(.text)
    __aeabi_d2iz                             0x00000441   Thumb Code    62  dfixi.o(.text)
    __aeabi_f2d                              0x0000047f   Thumb Code    38  f2d.o(.text)
    __aeabi_uidiv                            0x000004a5   Thumb Code     0  uidiv.o(.text)
    __aeabi_uidivmod                         0x000004a5   Thumb Code    44  uidiv.o(.text)
    __aeabi_llsl                             0x000004d1   Thumb Code    30  llshl.o(.text)
    _ll_shift_l                              0x000004d1   Thumb Code     0  llshl.o(.text)
    __aeabi_llsr                             0x000004ef   Thumb Code    32  llushr.o(.text)
    _ll_ushift_r                             0x000004ef   Thumb Code     0  llushr.o(.text)
    __aeabi_lasr                             0x0000050f   Thumb Code    36  llsshr.o(.text)
    _ll_sshift_r                             0x0000050f   Thumb Code     0  llsshr.o(.text)
    __I$use$fp                               0x00000533   Thumb Code     0  iusefp.o(.text)
    _double_round                            0x00000533   Thumb Code    30  depilogue.o(.text)
    _double_epilogue                         0x00000551   Thumb Code   156  depilogue.o(.text)
    __scatterload                            0x000005ed   Thumb Code    28  init.o(.text)
    __scatterload_rt2                        0x000005ed   Thumb Code     0  init.o(.text)
    CLOCK_Init                               0x00000611   Thumb Code   124  clock.o(i.CLOCK_Init)
    CS_getACLK                               0x00000691   Thumb Code    20  cs.o(i.CS_getACLK)
    CS_getDCOFrequency                       0x000006a9   Thumb Code   332  cs.o(i.CS_getDCOFrequency)
    CS_getMCLK                               0x00000819   Thumb Code    20  cs.o(i.CS_getMCLK)
    CS_getSMCLK                              0x00000831   Thumb Code    18  cs.o(i.CS_getSMCLK)
    CS_initClockSignal                       0x00000849   Thumb Code   222  cs.o(i.CS_initClockSignal)
    CS_setExternalClockSourceFrequency       0x00000945   Thumb Code     8  cs.o(i.CS_setExternalClockSourceFrequency)
    CS_startHFXT                             0x00000951   Thumb Code     6  cs.o(i.CS_startHFXT)
    CS_startHFXTWithTimeout                  0x00000959   Thumb Code   262  cs.o(i.CS_startHFXTWithTimeout)
    CS_startLFXT                             0x00000a9d   Thumb Code     6  cs.o(i.CS_startLFXT)
    CS_startLFXTWithTimeout                  0x00000aa5   Thumb Code   158  cs.o(i.CS_startLFXTWithTimeout)
    EUSCIA0_IRQHandler                       0x00000b59   Thumb Code     6  isr.o(i.EUSCIA0_IRQHandler)
    EUSCIA1_IRQHandler                       0x00000b65   Thumb Code     6  isr.o(i.EUSCIA1_IRQHandler)
    EUSCIA2_IRQHandler                       0x00000b71   Thumb Code     6  isr.o(i.EUSCIA2_IRQHandler)
    EUSCIA3_IRQHandler                       0x00000b7d   Thumb Code     6  isr.o(i.EUSCIA3_IRQHandler)
    EXTI_Init                                0x00000b89   Thumb Code   122  exti.o(i.EXTI_Init)
    FlashCtl_setWaitState                    0x00000c05   Thumb Code    38  flash.o(i.FlashCtl_setWaitState)
    GPIO_clearInterruptFlag                  0x00000c31   Thumb Code    16  gpio.o(i.GPIO_clearInterruptFlag)
    GPIO_enableInterrupt                     0x00000c45   Thumb Code    14  gpio.o(i.GPIO_enableInterrupt)
    GPIO_getEnabledInterruptStatus           0x00000c59   Thumb Code    48  gpio.o(i.GPIO_getEnabledInterruptStatus)
    GPIO_getInputPinValue                    0x00000c8d   Thumb Code    16  gpio.o(i.GPIO_getInputPinValue)
    GPIO_interruptEdgeSelect                 0x00000ca1   Thumb Code    22  gpio.o(i.GPIO_interruptEdgeSelect)
    GPIO_setAsInputPin                       0x00000cbd   Thumb Code    34  gpio.o(i.GPIO_setAsInputPin)
    GPIO_setAsInputPinWithPullUpResistor     0x00000ce5   Thumb Code    38  gpio.o(i.GPIO_setAsInputPinWithPullUpResistor)
    GPIO_setAsOutputPin                      0x00000d11   Thumb Code    26  gpio.o(i.GPIO_setAsOutputPin)
    GPIO_setAsPeripheralModuleFunctionInputPin 0x00000d31   Thumb Code    68  gpio.o(i.GPIO_setAsPeripheralModuleFunctionInputPin)
    GPIO_setAsPeripheralModuleFunctionOutputPin 0x00000d79   Thumb Code    68  gpio.o(i.GPIO_setAsPeripheralModuleFunctionOutputPin)
    GPIO_setOutputHighOnPin                  0x00000dc1   Thumb Code    14  gpio.o(i.GPIO_setOutputHighOnPin)
    GPIO_setOutputLowOnPin                   0x00000dd5   Thumb Code    16  gpio.o(i.GPIO_setOutputLowOnPin)
    Interrupt_enableInterrupt                0x00000de9   Thumb Code    92  interrupt.o(i.Interrupt_enableInterrupt)
    Interrupt_enableMaster                   0x00000e4d   Thumb Code    14  interrupt.o(i.Interrupt_enableMaster)
    Interrupt_setPriority                    0x00000e5d   Thumb Code    36  interrupt.o(i.Interrupt_setPriority)
    KEY_Init                                 0x00000e85   Thumb Code    22  key.o(i.KEY_Init)
    Motor_Control                            0x00000e9b   Thumb Code    78  motor.o(i.Motor_Control)
    OLED_Clear                               0x00000ee9   Thumb Code    32  oled.o(i.OLED_Clear)
    OLED_Display                             0x00000f0d   Thumb Code    64  oled.o(i.OLED_Display)
    OLED_Init                                0x00000f51   Thumb Code   220  oled.o(i.OLED_Init)
    OLED_Init_GPIO                           0x0000102d   Thumb Code    46  oled.o(i.OLED_Init_GPIO)
    OLED_Reset                               0x0000105b   Thumb Code    42  oled.o(i.OLED_Reset)
    OLED_WR_Byte                             0x00001085   Thumb Code    52  oled.o(i.OLED_WR_Byte)
    PCM_getCoreVoltageLevel                  0x000010b9   Thumb Code    70  pcm.o(i.PCM_getCoreVoltageLevel)
    PCM_getPowerMode                         0x00001105   Thumb Code    62  pcm.o(i.PCM_getPowerMode)
    PCM_setCoreVoltageLevel                  0x00001149   Thumb Code     8  pcm.o(i.PCM_setCoreVoltageLevel)
    PID_Calculate                            0x00001151   Thumb Code   140  motor.o(i.PID_Calculate)
    PORT1_IRQHandler                         0x000011e1   Thumb Code    20  isr.o(i.PORT1_IRQHandler)
    PORT2_IRQHandler                         0x000011f5   Thumb Code    20  isr.o(i.PORT2_IRQHandler)
    PORT3_IRQHandler                         0x00001209   Thumb Code    20  isr.o(i.PORT3_IRQHandler)
    PORT4_IRQHandler                         0x0000121d   Thumb Code   100  isr.o(i.PORT4_IRQHandler)
    PORT5_IRQHandler                         0x00001285   Thumb Code   100  isr.o(i.PORT5_IRQHandler)
    Pid_L_Init                               0x000012ed   Thumb Code    66  motor.o(i.Pid_L_Init)
    Pid_R_Init                               0x00001345   Thumb Code    66  motor.o(i.Pid_R_Init)
    Pid_dir_Init                             0x0000139d   Thumb Code    58  motor.o(i.Pid_dir_Init)
    SPI_WriteByte                            0x000013e9   Thumb Code    58  spi.o(i.SPI_WriteByte)
    SysCtl_disableNMISource                  0x00001425   Thumb Code    12  sysctl.o(i.SysCtl_disableNMISource)
    SysCtl_enableNMISource                   0x00001435   Thumb Code    10  sysctl.o(i.SysCtl_enableNMISource)
    SysCtl_getNMISourceStatus                0x00001445   Thumb Code     6  sysctl.o(i.SysCtl_getNMISourceStatus)
    SysCtl_getTLVInfo                        0x00001451   Thumb Code    72  sysctl.o(i.SysCtl_getTLVInfo)
    SystemInit                               0x000014a1   Thumb Code    76  system_msp432p401r.o(i.SystemInit)
    TA0_0_IRQHandler                         0x00001501   Thumb Code   292  isr.o(i.TA0_0_IRQHandler)
    TA1_0_IRQHandler                         0x00001649   Thumb Code     8  isr.o(i.TA1_0_IRQHandler)
    TA2_0_IRQHandler                         0x00001655   Thumb Code     8  isr.o(i.TA2_0_IRQHandler)
    TimA0_Init                               0x00001661   Thumb Code    62  timer.o(i.TimA0_Init)
    TimA1_Init                               0x000016a1   Thumb Code    88  timer.o(i.TimA1_Init)
    Timer_A_clearCaptureCompareInterrupt     0x000016fd   Thumb Code    28  timer_a.o(i.Timer_A_clearCaptureCompareInterrupt)
    Timer_A_configureUpMode                  0x00001719   Thumb Code    70  timer_a.o(i.Timer_A_configureUpMode)
    Timer_A_generatePWM                      0x0000175f   Thumb Code    80  timer_a.o(i.Timer_A_generatePWM)
    Timer_A_setCompareValue                  0x000017af   Thumb Code    18  timer_a.o(i.Timer_A_setCompareValue)
    Timer_A_startCounter                     0x000017c1   Thumb Code     8  timer_a.o(i.Timer_A_startCounter)
    UART_NVIC_Init                           0x000017c9   Thumb Code    62  usart.o(i.UART_NVIC_Init)
    UART_enableInterrupt                     0x00001819   Thumb Code    22  uart.o(i.UART_enableInterrupt)
    UART_enableModule                        0x0000182f   Thumb Code    12  uart.o(i.UART_enableModule)
    UART_getEnabledInterruptStatus           0x0000183b   Thumb Code    34  uart.o(i.UART_getEnabledInterruptStatus)
    UART_initModule                          0x0000185d   Thumb Code   136  uart.o(i.UART_initModule)
    UART_send_Byte                           0x000018e5   Thumb Code    70  usart.o(i.UART_send_Byte)
    UART_send_short                          0x0000193d   Thumb Code    32  usart.o(i.UART_send_short)
    UART_transmitData                        0x0000195d   Thumb Code    24  uart.o(i.UART_transmitData)
    WDT_A_holdTimer                          0x00001975   Thumb Code    18  wdt_a.o(i.WDT_A_holdTimer)
    Xian_Fu                                  0x0000198d   Thumb Code    20  motor.o(i.Xian_Fu)
    __0printf$1                              0x00001aad   Thumb Code    22  printf1.o(i.__0printf$1)
    __1printf$1                              0x00001aad   Thumb Code     0  printf1.o(i.__0printf$1)
    __2printf                                0x00001aad   Thumb Code     0  printf1.o(i.__0printf$1)
    __scatterload_copy                       0x00001cb1   Thumb Code    14  handlers.o(i.__scatterload_copy)
    __scatterload_null                       0x00001cbf   Thumb Code     2  handlers.o(i.__scatterload_null)
    __scatterload_zeroinit                   0x00001cc1   Thumb Code    14  handlers.o(i.__scatterload_zeroinit)
    bitPosition                              0x00001e25   Thumb Code    16  baudrate_calculate.o(i.bitPosition)
    delay_init                               0x00001e35   Thumb Code    50  delay.o(i.delay_init)
    delay_ms                                 0x00001e71   Thumb Code    46  delay.o(i.delay_ms)
    eusci_calcBaudDividers                   0x00001ea5   Thumb Code   290  baudrate_calculate.o(i.eusci_calcBaudDividers)
    fputc                                    0x00001fd9   Thumb Code    16  usart.o(i.fputc)
    main                                     0x00001fed   Thumb Code   510  main.o(i.main)
    motor1_back                              0x00002205   Thumb Code    24  motor.o(i.motor1_back)
    motor1_forward                           0x0000221d   Thumb Code    22  motor.o(i.motor1_forward)
    motor2_back                              0x00002233   Thumb Code    24  motor.o(i.motor2_back)
    motor2_forward                           0x0000224b   Thumb Code    22  motor.o(i.motor2_forward)
    pwm_duty                                 0x00002321   Thumb Code    48  motor.o(i.pwm_duty)
    uart3_init                               0x00002355   Thumb Code    54  usart.o(i.uart3_init)
    uart_warning_led                         0x00002395   Thumb Code    80  baudrate_calculate.o(i.uart_warning_led)
    Region$$Table$$Base                      0x000024c0   Number         0  anon$$obj.o(Region$$Table)
    Region$$Table$$Limit                     0x000024e0   Number         0  anon$$obj.o(Region$$Table)
    key1_status                              0x20000000   Data           1  main.o(.data)
    key2_status                              0x20000001   Data           1  main.o(.data)
    key3_status                              0x20000002   Data           1  main.o(.data)
    key4_status                              0x20000003   Data           1  main.o(.data)
    key1_last_status                         0x20000004   Data           1  main.o(.data)
    key2_last_status                         0x20000005   Data           1  main.o(.data)
    key3_last_status                         0x20000006   Data           1  main.o(.data)
    key4_last_status                         0x20000007   Data           1  main.o(.data)
    key1_flag                                0x20000008   Data           1  main.o(.data)
    key2_flag                                0x20000009   Data           1  main.o(.data)
    key3_flag                                0x2000000a   Data           1  main.o(.data)
    key4_flag                                0x2000000b   Data           1  main.o(.data)
    Cezhong_flag                             0x2000000c   Data           4  main.o(.data)
    Encoder_L                                0x20000010   Data           4  main.o(.data)
    Encoder_R                                0x20000014   Data           4  main.o(.data)
    encoder_L                                0x20000018   Data           4  main.o(.data)
    encoder_R                                0x2000001c   Data           4  main.o(.data)
    v1                                       0x20000020   Data           2  isr.o(.data)
    v2                                       0x20000022   Data           2  isr.o(.data)
    vin1                                     0x20000024   Data           2  isr.o(.data)
    vin2                                     0x20000026   Data           2  isr.o(.data)
    vc                                       0x20000028   Data           4  isr.o(.data)
    vw                                       0x2000002c   Data           4  isr.o(.data)
    __stdout                                 0x20000070   Data           4  stdout.o(.data)
    pidLeft                                  0x20000074   Data          40  isr.o(.bss)
    pidRight                                 0x2000009c   Data          40  isr.o(.bss)
    pidDir                                   0x200000c4   Data          40  isr.o(.bss)
    __initial_sp                             0x200006f0   Data           0  startup_msp432p401r_uvision.o(STACK)



==============================================================================

Memory Map of the image

  Image Entry point : 0x00000145

  Load Region LR_IROM1 (Base: 0x00000000, Size: 0x00002554, Max: 0x00040000, ABSOLUTE)

    Execution Region ER_IROM1 (Exec base: 0x00000000, Load base: 0x00000000, Size: 0x000024e0, Max: 0x00040000, ABSOLUTE)

    Exec Addr    Load Addr    Size         Type   Attr      Idx    E Section Name        Object

    0x00000000   0x00000000   0x00000144   Data   RO          239    RESET               startup_msp432p401r_uvision.o
    0x00000144   0x00000144   0x00000000   Code   RO         1603  * .ARM.Collect$$$$00000000  mc_w.l(entry.o)
    0x00000144   0x00000144   0x00000004   Code   RO         1883    .ARM.Collect$$$$00000001  mc_w.l(entry2.o)
    0x00000148   0x00000148   0x00000004   Code   RO         1886    .ARM.Collect$$$$00000004  mc_w.l(entry5.o)
    0x0000014c   0x0000014c   0x00000000   Code   RO         1888    .ARM.Collect$$$$00000008  mc_w.l(entry7b.o)
    0x0000014c   0x0000014c   0x00000000   Code   RO         1890    .ARM.Collect$$$$0000000A  mc_w.l(entry8b.o)
    0x0000014c   0x0000014c   0x00000008   Code   RO         1891    .ARM.Collect$$$$0000000B  mc_w.l(entry9a.o)
    0x00000154   0x00000154   0x00000000   Code   RO         1893    .ARM.Collect$$$$0000000D  mc_w.l(entry10a.o)
    0x00000154   0x00000154   0x00000000   Code   RO         1895    .ARM.Collect$$$$0000000F  mc_w.l(entry11a.o)
    0x00000154   0x00000154   0x00000004   Code   RO         1884    .ARM.Collect$$$$00002712  mc_w.l(entry2.o)
    0x00000158   0x00000158   0x00000026   Code   RO         1508    .emb_text           msp432p4xx_driverlib.lib(cpu.o)
    0x0000017e   0x0000017e   0x00000002   PAD
    0x00000180   0x00000180   0x00000024   Code   RO          240    .text               startup_msp432p401r_uvision.o
    0x000001a4   0x000001a4   0x00000024   Code   RO         1606    .text               mc_w.l(memcpya.o)
    0x000001c8   0x000001c8   0x00000024   Code   RO         1608    .text               mc_w.l(memseta.o)
    0x000001ec   0x000001ec   0x0000014e   Code   RO         1873    .text               mf_w.l(dadd.o)
    0x0000033a   0x0000033a   0x000000e4   Code   RO         1875    .text               mf_w.l(dmul.o)
    0x0000041e   0x0000041e   0x00000022   Code   RO         1877    .text               mf_w.l(dflti.o)
    0x00000440   0x00000440   0x0000003e   Code   RO         1879    .text               mf_w.l(dfixi.o)
    0x0000047e   0x0000047e   0x00000026   Code   RO         1881    .text               mf_w.l(f2d.o)
    0x000004a4   0x000004a4   0x0000002c   Code   RO         1898    .text               mc_w.l(uidiv.o)
    0x000004d0   0x000004d0   0x0000001e   Code   RO         1902    .text               mc_w.l(llshl.o)
    0x000004ee   0x000004ee   0x00000020   Code   RO         1904    .text               mc_w.l(llushr.o)
    0x0000050e   0x0000050e   0x00000024   Code   RO         1906    .text               mc_w.l(llsshr.o)
    0x00000532   0x00000532   0x00000000   Code   RO         1908    .text               mc_w.l(iusefp.o)
    0x00000532   0x00000532   0x000000ba   Code   RO         1909    .text               mf_w.l(depilogue.o)
    0x000005ec   0x000005ec   0x00000024   Code   RO         1917    .text               mc_w.l(init.o)
    0x00000610   0x00000610   0x00000080   Code   RO          918    i.CLOCK_Init        clock.o
    0x00000690   0x00000690   0x00000018   Code   RO         1069    i.CS_getACLK        msp432p4xx_driverlib.lib(cs.o)
    0x000006a8   0x000006a8   0x00000170   Code   RO         1071    i.CS_getDCOFrequency  msp432p4xx_driverlib.lib(cs.o)
    0x00000818   0x00000818   0x00000018   Code   RO         1075    i.CS_getMCLK        msp432p4xx_driverlib.lib(cs.o)
    0x00000830   0x00000830   0x00000018   Code   RO         1076    i.CS_getSMCLK       msp432p4xx_driverlib.lib(cs.o)
    0x00000848   0x00000848   0x000000fc   Code   RO         1077    i.CS_initClockSignal  msp432p4xx_driverlib.lib(cs.o)
    0x00000944   0x00000944   0x0000000c   Code   RO         1083    i.CS_setExternalClockSourceFrequency  msp432p4xx_driverlib.lib(cs.o)
    0x00000950   0x00000950   0x00000006   Code   RO         1086    i.CS_startHFXT      msp432p4xx_driverlib.lib(cs.o)
    0x00000956   0x00000956   0x00000002   PAD
    0x00000958   0x00000958   0x00000144   Code   RO         1087    i.CS_startHFXTWithTimeout  msp432p4xx_driverlib.lib(cs.o)
    0x00000a9c   0x00000a9c   0x00000006   Code   RO         1088    i.CS_startLFXT      msp432p4xx_driverlib.lib(cs.o)
    0x00000aa2   0x00000aa2   0x00000002   PAD
    0x00000aa4   0x00000aa4   0x000000b4   Code   RO         1089    i.CS_startLFXTWithTimeout  msp432p4xx_driverlib.lib(cs.o)
    0x00000b58   0x00000b58   0x0000000c   Code   RO          432    i.EUSCIA0_IRQHandler  isr.o
    0x00000b64   0x00000b64   0x0000000c   Code   RO          433    i.EUSCIA1_IRQHandler  isr.o
    0x00000b70   0x00000b70   0x0000000c   Code   RO          434    i.EUSCIA2_IRQHandler  isr.o
    0x00000b7c   0x00000b7c   0x0000000c   Code   RO          435    i.EUSCIA3_IRQHandler  isr.o
    0x00000b88   0x00000b88   0x0000007a   Code   RO          311    i.EXTI_Init         exti.o
    0x00000c02   0x00000c02   0x00000002   PAD
    0x00000c04   0x00000c04   0x0000002c   Code   RO         1157    i.FlashCtl_setWaitState  msp432p4xx_driverlib.lib(flash.o)
    0x00000c30   0x00000c30   0x00000014   Code   RO         1212    i.GPIO_clearInterruptFlag  msp432p4xx_driverlib.lib(gpio.o)
    0x00000c44   0x00000c44   0x00000014   Code   RO         1214    i.GPIO_enableInterrupt  msp432p4xx_driverlib.lib(gpio.o)
    0x00000c58   0x00000c58   0x00000034   Code   RO         1215    i.GPIO_getEnabledInterruptStatus  msp432p4xx_driverlib.lib(gpio.o)
    0x00000c8c   0x00000c8c   0x00000014   Code   RO         1216    i.GPIO_getInputPinValue  msp432p4xx_driverlib.lib(gpio.o)
    0x00000ca0   0x00000ca0   0x0000001c   Code   RO         1218    i.GPIO_interruptEdgeSelect  msp432p4xx_driverlib.lib(gpio.o)
    0x00000cbc   0x00000cbc   0x00000028   Code   RO         1220    i.GPIO_setAsInputPin  msp432p4xx_driverlib.lib(gpio.o)
    0x00000ce4   0x00000ce4   0x0000002c   Code   RO         1222    i.GPIO_setAsInputPinWithPullUpResistor  msp432p4xx_driverlib.lib(gpio.o)
    0x00000d10   0x00000d10   0x00000020   Code   RO         1223    i.GPIO_setAsOutputPin  msp432p4xx_driverlib.lib(gpio.o)
    0x00000d30   0x00000d30   0x00000048   Code   RO         1224    i.GPIO_setAsPeripheralModuleFunctionInputPin  msp432p4xx_driverlib.lib(gpio.o)
    0x00000d78   0x00000d78   0x00000048   Code   RO         1225    i.GPIO_setAsPeripheralModuleFunctionOutputPin  msp432p4xx_driverlib.lib(gpio.o)
    0x00000dc0   0x00000dc0   0x00000014   Code   RO         1228    i.GPIO_setOutputHighOnPin  msp432p4xx_driverlib.lib(gpio.o)
    0x00000dd4   0x00000dd4   0x00000014   Code   RO         1229    i.GPIO_setOutputLowOnPin  msp432p4xx_driverlib.lib(gpio.o)
    0x00000de8   0x00000de8   0x00000064   Code   RO         1264    i.Interrupt_enableInterrupt  msp432p4xx_driverlib.lib(interrupt.o)
    0x00000e4c   0x00000e4c   0x0000000e   Code   RO         1265    i.Interrupt_enableMaster  msp432p4xx_driverlib.lib(interrupt.o)
    0x00000e5a   0x00000e5a   0x00000002   PAD
    0x00000e5c   0x00000e5c   0x00000028   Code   RO         1274    i.Interrupt_setPriority  msp432p4xx_driverlib.lib(interrupt.o)
    0x00000e84   0x00000e84   0x00000016   Code   RO          339    i.KEY_Init          key.o
    0x00000e9a   0x00000e9a   0x0000004e   Code   RO          537    i.Motor_Control     motor.o
    0x00000ee8   0x00000ee8   0x00000024   Code   RO          659    i.OLED_Clear        oled.o
    0x00000f0c   0x00000f0c   0x00000044   Code   RO          660    i.OLED_Display      oled.o
    0x00000f50   0x00000f50   0x000000dc   Code   RO          663    i.OLED_Init         oled.o
    0x0000102c   0x0000102c   0x0000002e   Code   RO          664    i.OLED_Init_GPIO    oled.o
    0x0000105a   0x0000105a   0x0000002a   Code   RO          665    i.OLED_Reset        oled.o
    0x00001084   0x00001084   0x00000034   Code   RO          668    i.OLED_WR_Byte      oled.o
    0x000010b8   0x000010b8   0x0000004c   Code   RO         1313    i.PCM_getCoreVoltageLevel  msp432p4xx_driverlib.lib(pcm.o)
    0x00001104   0x00001104   0x00000044   Code   RO         1316    i.PCM_getPowerMode  msp432p4xx_driverlib.lib(pcm.o)
    0x00001148   0x00001148   0x00000008   Code   RO         1325    i.PCM_setCoreVoltageLevel  msp432p4xx_driverlib.lib(pcm.o)
    0x00001150   0x00001150   0x00000090   Code   RO          538    i.PID_Calculate     motor.o
    0x000011e0   0x000011e0   0x00000014   Code   RO          436    i.PORT1_IRQHandler  isr.o
    0x000011f4   0x000011f4   0x00000014   Code   RO          437    i.PORT2_IRQHandler  isr.o
    0x00001208   0x00001208   0x00000014   Code   RO          438    i.PORT3_IRQHandler  isr.o
    0x0000121c   0x0000121c   0x00000068   Code   RO          439    i.PORT4_IRQHandler  isr.o
    0x00001284   0x00001284   0x00000068   Code   RO          440    i.PORT5_IRQHandler  isr.o
    0x000012ec   0x000012ec   0x00000058   Code   RO          540    i.Pid_L_Init        motor.o
    0x00001344   0x00001344   0x00000058   Code   RO          541    i.Pid_R_Init        motor.o
    0x0000139c   0x0000139c   0x0000004c   Code   RO          542    i.Pid_dir_Init      motor.o
    0x000013e8   0x000013e8   0x0000003a   Code   RO          853    i.SPI_WriteByte     spi.o
    0x00001422   0x00001422   0x00000002   PAD
    0x00001424   0x00001424   0x00000010   Code   RO         1565    i.SysCtl_disableNMISource  msp432p4xx_driverlib.lib(sysctl.o)
    0x00001434   0x00001434   0x00000010   Code   RO         1570    i.SysCtl_enableNMISource  msp432p4xx_driverlib.lib(sysctl.o)
    0x00001444   0x00001444   0x0000000c   Code   RO         1575    i.SysCtl_getNMISourceStatus  msp432p4xx_driverlib.lib(sysctl.o)
    0x00001450   0x00001450   0x00000050   Code   RO         1577    i.SysCtl_getTLVInfo  msp432p4xx_driverlib.lib(sysctl.o)
    0x000014a0   0x000014a0   0x00000060   Code   RO          205    i.SystemInit        system_msp432p401r.o
    0x00001500   0x00001500   0x00000148   Code   RO          441    i.TA0_0_IRQHandler  isr.o
    0x00001648   0x00001648   0x0000000c   Code   RO          442    i.TA1_0_IRQHandler  isr.o
    0x00001654   0x00001654   0x0000000c   Code   RO          443    i.TA2_0_IRQHandler  isr.o
    0x00001660   0x00001660   0x0000003e   Code   RO          271    i.TimA0_Init        timer.o
    0x0000169e   0x0000169e   0x00000002   PAD
    0x000016a0   0x000016a0   0x0000005c   Code   RO          272    i.TimA1_Init        timer.o
    0x000016fc   0x000016fc   0x0000001c   Code   RO         1376    i.Timer_A_clearCaptureCompareInterrupt  msp432p4xx_driverlib.lib(timer_a.o)
    0x00001718   0x00001718   0x00000046   Code   RO         1381    i.Timer_A_configureUpMode  msp432p4xx_driverlib.lib(timer_a.o)
    0x0000175e   0x0000175e   0x00000050   Code   RO         1386    i.Timer_A_generatePWM  msp432p4xx_driverlib.lib(timer_a.o)
    0x000017ae   0x000017ae   0x00000012   Code   RO         1398    i.Timer_A_setCompareValue  msp432p4xx_driverlib.lib(timer_a.o)
    0x000017c0   0x000017c0   0x00000008   Code   RO         1400    i.Timer_A_startCounter  msp432p4xx_driverlib.lib(timer_a.o)
    0x000017c8   0x000017c8   0x00000050   Code   RO          981    i.UART_NVIC_Init    usart.o
    0x00001818   0x00001818   0x00000016   Code   RO         1441    i.UART_enableInterrupt  msp432p4xx_driverlib.lib(uart.o)
    0x0000182e   0x0000182e   0x0000000c   Code   RO         1442    i.UART_enableModule  msp432p4xx_driverlib.lib(uart.o)
    0x0000183a   0x0000183a   0x00000022   Code   RO         1443    i.UART_getEnabledInterruptStatus  msp432p4xx_driverlib.lib(uart.o)
    0x0000185c   0x0000185c   0x00000088   Code   RO         1447    i.UART_initModule   msp432p4xx_driverlib.lib(uart.o)
    0x000018e4   0x000018e4   0x00000058   Code   RO          983    i.UART_send_Byte    usart.o
    0x0000193c   0x0000193c   0x00000020   Code   RO          985    i.UART_send_short   usart.o
    0x0000195c   0x0000195c   0x00000018   Code   RO         1456    i.UART_transmitData  msp432p4xx_driverlib.lib(uart.o)
    0x00001974   0x00001974   0x00000018   Code   RO         1485    i.WDT_A_holdTimer   msp432p4xx_driverlib.lib(wdt_a.o)
    0x0000198c   0x0000198c   0x00000014   Code   RO          544    i.Xian_Fu           motor.o
    0x000019a0   0x000019a0   0x0000010c   Code   RO         1092    i._CSComputeCLKFrequency  msp432p4xx_driverlib.lib(cs.o)
    0x00001aac   0x00001aac   0x00000020   Code   RO         1657    i.__0printf$1       mc_w.l(printf1.o)
    0x00001acc   0x00001acc   0x00000100   Code   RO         1336    i.__PCM_setCoreVoltageLevelAdvanced  msp432p4xx_driverlib.lib(pcm.o)
    0x00001bcc   0x00001bcc   0x000000e4   Code   RO         1337    i.__PCM_setPowerModeAdvanced  msp432p4xx_driverlib.lib(pcm.o)
    0x00001cb0   0x00001cb0   0x0000000e   Code   RO         1921    i.__scatterload_copy  mc_w.l(handlers.o)
    0x00001cbe   0x00001cbe   0x00000002   Code   RO         1922    i.__scatterload_null  mc_w.l(handlers.o)
    0x00001cc0   0x00001cc0   0x0000000e   Code   RO         1923    i.__scatterload_zeroinit  mc_w.l(handlers.o)
    0x00001cce   0x00001cce   0x00000002   PAD
    0x00001cd0   0x00001cd0   0x00000154   Code   RO         1664    i._printf_core      mc_w.l(printf1.o)
    0x00001e24   0x00001e24   0x00000010   Code   RO          942    i.bitPosition       baudrate_calculate.o
    0x00001e34   0x00001e34   0x0000003c   Code   RO          877    i.delay_init        delay.o
    0x00001e70   0x00001e70   0x00000034   Code   RO          878    i.delay_ms          delay.o
    0x00001ea4   0x00001ea4   0x00000134   Code   RO          943    i.eusci_calcBaudDividers  baudrate_calculate.o
    0x00001fd8   0x00001fd8   0x00000014   Code   RO          988    i.fputc             usart.o
    0x00001fec   0x00001fec   0x00000218   Code   RO            4    i.main              main.o
    0x00002204   0x00002204   0x00000018   Code   RO          545    i.motor1_back       motor.o
    0x0000221c   0x0000221c   0x00000016   Code   RO          546    i.motor1_forward    motor.o
    0x00002232   0x00002232   0x00000018   Code   RO          547    i.motor2_back       motor.o
    0x0000224a   0x0000224a   0x00000016   Code   RO          548    i.motor2_forward    motor.o
    0x00002260   0x00002260   0x000000be   Code   RO         1403    i.privateTimer_AProcessClockSourceDivider  msp432p4xx_driverlib.lib(timer_a.o)
    0x0000231e   0x0000231e   0x00000002   PAD
    0x00002320   0x00002320   0x00000034   Code   RO          549    i.pwm_duty          motor.o
    0x00002354   0x00002354   0x00000040   Code   RO          989    i.uart3_init        usart.o
    0x00002394   0x00002394   0x00000054   Code   RO          944    i.uart_warning_led  baudrate_calculate.o
    0x000023e8   0x000023e8   0x00000048   Data   RO          991    .constdata          usart.o
    0x00002430   0x00002430   0x00000090   Data   RO         1280    .constdata          msp432p4xx_driverlib.lib(interrupt.o)
    0x000024c0   0x000024c0   0x00000020   Data   RO         1919    Region$$Table       anon$$obj.o


    Execution Region RW_IRAM1 (Exec base: 0x20000000, Load base: 0x000024e0, Size: 0x000006f0, Max: 0x00010000, ABSOLUTE)

    Exec Addr    Load Addr    Size         Type   Attr      Idx    E Section Name        Object

    0x20000000   0x000024e0   0x00000018   Data   RW            6    .data               main.o
    0x20000018   0x000024f8   0x00000004   Data   RW            7    .data               main.o
    0x2000001c   0x000024fc   0x00000004   Data   RW            8    .data               main.o
    0x20000020   0x00002500   0x00000014   Data   RW          446    .data               isr.o
    0x20000034   0x00002514   0x00000004   Data   RW          880    .data               delay.o
    0x20000038   0x00002518   0x00000008   Data   RW         1093    .data               msp432p4xx_driverlib.lib(cs.o)
    0x20000040   0x00002520   0x00000030   Data   RW         1233    .data               msp432p4xx_driverlib.lib(gpio.o)
    0x20000070   0x00002550   0x00000004   Data   RW         1897    .data               mc_w.l(stdout.o)
    0x20000074        -       0x00000050   Zero   RW          444    .bss                isr.o
    0x200000c4        -       0x00000028   Zero   RW          445    .bss                isr.o
    0x200000ec        -       0x00000400   Zero   RW          672    .bss                oled.o
    0x200004ec   0x00002554   0x00000004   PAD
    0x200004f0        -       0x00000200   Zero   RW          237    STACK               startup_msp432p401r_uvision.o


==============================================================================

Image component sizes


      Code (inc. data)   RO Data    RW Data    ZI Data      Debug   Object Name

       408         22          0          0          0       3034   baudrate_calculate.o
       128          4          0          0          0        557   clock.o
       112         16          0          4          0       1296   delay.o
       122          0          0          0          0        560   exti.o
       668         76          0         20        120       7858   isr.o
        22          0          0          0          0        507   key.o
       536         26          0         32          0      17627   main.o
       638         70          0          0          0       7064   motor.o
       464          8          0          0       1024       5122   oled.o
        58          0          0          0          0        644   spi.o
        36          8        324          0        512        836   startup_msp432p401r_uvision.o
        96         20          0          0          0        517   system_msp432p401r.o
       154          4          0          0          0       2296   timer.o
       284         50         72          0          0       3373   usart.o

    ----------------------------------------------------------------------
      3732        304        428         56       1660      51291   Object Totals
         0          0         32          0          0          0   (incl. Generated)
         6          0          0          0          4          0   (incl. Padding)

    ----------------------------------------------------------------------

      Code (inc. data)   RO Data    RW Data    ZI Data      Debug   Library Member Name

         0          0          0          0          0          0   entry.o
         0          0          0          0          0          0   entry10a.o
         0          0          0          0          0          0   entry11a.o
         8          4          0          0          0          0   entry2.o
         4          0          0          0          0          0   entry5.o
         0          0          0          0          0          0   entry7b.o
         0          0          0          0          0          0   entry8b.o
         8          4          0          0          0          0   entry9a.o
        30          0          0          0          0          0   handlers.o
        36          8          0          0          0         68   init.o
         0          0          0          0          0          0   iusefp.o
        30          0          0          0          0         68   llshl.o
        36          0          0          0          0         68   llsshr.o
        32          0          0          0          0         68   llushr.o
        36          0          0          0          0         68   memcpya.o
        36          0          0          0          0        108   memseta.o
       372         14          0          0          0        184   printf1.o
         0          0          0          4          0          0   stdout.o
        44          0          0          0          0         80   uidiv.o
       334          0          0          0          0        148   dadd.o
       186          0          0          0          0        176   depilogue.o
        62          0          0          0          0         80   dfixi.o
        34          0          0          0          0         76   dflti.o
       228          0          0          0          0         96   dmul.o
        38          0          0          0          0         68   f2d.o
        38          0          0          0          0        196   cpu.o
      1488        214          0          8          0       1388   cs.o
        44          6          0          0          0        116   flash.o
       440         72          0         48          0       1392   gpio.o
       154         12        144          0          0        356   interrupt.o
       636        114          0          0          0        636   pcm.o
       124         24          0          0          0        476   sysctl.o
       394         28          0          0          0        720   timer_a.o
       228          0          0          0          0        596   uart.o
        24          6          0          0          0        116   wdt_a.o

    ----------------------------------------------------------------------
      5136        506        144         60          0       7348   Library Totals
        12          0          0          0          0          0   (incl. Padding)

    ----------------------------------------------------------------------

      Code (inc. data)   RO Data    RW Data    ZI Data      Debug   Library Name

       672         30          0          4          0        712   mc_w.l
       882          0          0          0          0        644   mf_w.l
      3570        476        144         56          0       5992   msp432p4xx_driverlib.lib

    ----------------------------------------------------------------------
      5136        506        144         60          0       7348   Library Totals

    ----------------------------------------------------------------------

==============================================================================


      Code (inc. data)   RO Data    RW Data    ZI Data      Debug   

      8868        810        572        116       1660      49419   Grand Totals
      8868        810        572        116       1660      49419   ELF Image Totals
      8868        810        572        116          0          0   ROM Totals

==============================================================================

    Total RO  Size (Code + RO Data)                 9440 (   9.22kB)
    Total RW  Size (RW Data + ZI Data)              1776 (   1.73kB)
    Total ROM Size (Code + RO Data + RW Data)       9556 (   9.33kB)

==============================================================================

